../Core/Src/main.c:107:6:delay_us	16	static
../Core/Src/main.c:115:6:start_signal	24	static
../Core/Src/main.c:132:9:check_response	8	static
../Core/Src/main.c:147:9:read_byte	16	static
../Core/Src/main.c:159:6:send_uart	16	static
../Core/Src/main.c:187:5:main	168	dynamic
../Core/Src/main.c:410:6:SystemClock_Config	72	static
../Core/Src/main.c:449:13:MX_SPI1_Init	8	static
../Core/Src/main.c:487:13:MX_TIM1_Init	32	static
../Core/Src/main.c:533:13:MX_USART1_UART_Init	8	static
../Core/Src/main.c:566:13:MX_USART3_UART_Init	8	static
../Core/Src/main.c:599:13:MX_GPIO_Init	40	static
../Core/Src/main.c:642:6:Error_Handler	4	static,ignoring_inline_asm
