../Core/Src/main.c:90:6:delay_us	16	static
../Core/Src/main.c:98:6:start_signal	24	static
../Core/Src/main.c:115:9:check_response	8	static
../Core/Src/main.c:130:9:read_byte	16	static
../Core/Src/main.c:142:6:send_uart	16	static
../Core/Src/main.c:159:5:main	48	static
../Core/Src/main.c:242:6:SystemClock_Config	72	static
../Core/Src/main.c:282:13:MX_TIM1_Init	32	static
../Core/Src/main.c:328:13:MX_USART1_UART_Init	8	static
../Core/Src/main.c:361:13:MX_GPIO_Init	40	static
../Core/Src/main.c:394:6:Error_Handler	4	static,ignoring_inline_asm
