###############################################################################
#
# IAR ELF Linker V9.50.2.385/W64 for ARM                  28/Sep/2024  18:18:24
# Copyright 2007-2024 IAR Systems AB.
#
#    Output file  =
#        D:\Lesson\Gard Academy\Code\8.RTC\EWARM\8.RTC\Exe\8.RTC.out
#    Map file     =
#        D:\Lesson\Gard Academy\Code\8.RTC\EWARM\8.RTC\List\8.RTC.map
#    Command line =
#        -f "D:\Lesson\Gard Academy\Code\8.RTC\EWARM\8.RTC\Exe\8.RTC.out.rsp"
#        ("D:\Lesson\Gard
#        Academy\Code\8.RTC\EWARM\8.RTC\Obj\LCD_11119715043425136414.dir\lcd.o"
#        "D:\Lesson\Gard
#        Academy\Code\8.RTC\EWARM\8.RTC\Obj\Core_13247989168731456611.dir\main.o"
#        "D:\Lesson\Gard
#        Academy\Code\8.RTC\EWARM\8.RTC\Obj\EWARM_18443280873093131863.dir\startup_stm32f103xb.o"
#        "D:\Lesson\Gard
#        Academy\Code\8.RTC\EWARM\8.RTC\Obj\STM32F1xx_HAL_Driver_9701002599162248031.dir\stm32f1xx_hal.o"
#        "D:\Lesson\Gard
#        Academy\Code\8.RTC\EWARM\8.RTC\Obj\STM32F1xx_HAL_Driver_9701002599162248031.dir\stm32f1xx_hal_cortex.o"
#        "D:\Lesson\Gard
#        Academy\Code\8.RTC\EWARM\8.RTC\Obj\STM32F1xx_HAL_Driver_9701002599162248031.dir\stm32f1xx_hal_dma.o"
#        "D:\Lesson\Gard
#        Academy\Code\8.RTC\EWARM\8.RTC\Obj\STM32F1xx_HAL_Driver_9701002599162248031.dir\stm32f1xx_hal_exti.o"
#        "D:\Lesson\Gard
#        Academy\Code\8.RTC\EWARM\8.RTC\Obj\STM32F1xx_HAL_Driver_9701002599162248031.dir\stm32f1xx_hal_flash.o"
#        "D:\Lesson\Gard
#        Academy\Code\8.RTC\EWARM\8.RTC\Obj\STM32F1xx_HAL_Driver_9701002599162248031.dir\stm32f1xx_hal_flash_ex.o"
#        "D:\Lesson\Gard
#        Academy\Code\8.RTC\EWARM\8.RTC\Obj\STM32F1xx_HAL_Driver_9701002599162248031.dir\stm32f1xx_hal_gpio.o"
#        "D:\Lesson\Gard
#        Academy\Code\8.RTC\EWARM\8.RTC\Obj\STM32F1xx_HAL_Driver_9701002599162248031.dir\stm32f1xx_hal_gpio_ex.o"
#        "D:\Lesson\Gard
#        Academy\Code\8.RTC\EWARM\8.RTC\Obj\Core_13247989168731456611.dir\stm32f1xx_hal_msp.o"
#        "D:\Lesson\Gard
#        Academy\Code\8.RTC\EWARM\8.RTC\Obj\STM32F1xx_HAL_Driver_9701002599162248031.dir\stm32f1xx_hal_pwr.o"
#        "D:\Lesson\Gard
#        Academy\Code\8.RTC\EWARM\8.RTC\Obj\STM32F1xx_HAL_Driver_9701002599162248031.dir\stm32f1xx_hal_rcc.o"
#        "D:\Lesson\Gard
#        Academy\Code\8.RTC\EWARM\8.RTC\Obj\STM32F1xx_HAL_Driver_9701002599162248031.dir\stm32f1xx_hal_rcc_ex.o"
#        "D:\Lesson\Gard
#        Academy\Code\8.RTC\EWARM\8.RTC\Obj\STM32F1xx_HAL_Driver_9701002599162248031.dir\stm32f1xx_hal_rtc.o"
#        "D:\Lesson\Gard
#        Academy\Code\8.RTC\EWARM\8.RTC\Obj\STM32F1xx_HAL_Driver_9701002599162248031.dir\stm32f1xx_hal_rtc_ex.o"
#        "D:\Lesson\Gard
#        Academy\Code\8.RTC\EWARM\8.RTC\Obj\STM32F1xx_HAL_Driver_9701002599162248031.dir\stm32f1xx_hal_tim.o"
#        "D:\Lesson\Gard
#        Academy\Code\8.RTC\EWARM\8.RTC\Obj\STM32F1xx_HAL_Driver_9701002599162248031.dir\stm32f1xx_hal_tim_ex.o"
#        "D:\Lesson\Gard
#        Academy\Code\8.RTC\EWARM\8.RTC\Obj\Core_13247989168731456611.dir\stm32f1xx_it.o"
#        "D:\Lesson\Gard
#        Academy\Code\8.RTC\EWARM\8.RTC\Obj\CMSIS_6603591812247902717.dir\system_stm32f1xx.o"
#        --no_out_extension -o "D:\Lesson\Gard
#        Academy\Code\8.RTC\EWARM\8.RTC\Exe\8.RTC.out" --redirect
#        _Printf=_PrintfFullNoMb --redirect _Scanf=_ScanfFullNoMb --map
#        "D:\Lesson\Gard Academy\Code\8.RTC\EWARM\8.RTC\List\8.RTC.map"
#        --config "D:\Lesson\Gard
#        Academy\Code\8.RTC\EWARM/stm32f103xb_flash.icf" --semihosting --entry
#        __iar_program_start --vfe --text_out locale --cpu=Cortex-M3
#        --fpu=None) --dependencies=n "D:\Lesson\Gard
#        Academy\Code\8.RTC\EWARM\8.RTC\Exe\8.RTC.out.iar_deps"
#
###############################################################################

*******************************************************************************
*** RUNTIME MODEL ATTRIBUTES
***

CppFlavor       = *
__CPP_Runtime   = 1
__SystemLibrary = DLib
__dlib_version  = 6


*******************************************************************************
*** HEAP SELECTION
***

The basic heap was selected because --advanced_heap
was not specified and the application did not appear to
be primarily optimized for speed.


*******************************************************************************
*** PLACEMENT SUMMARY
***

"A0":  place at address 0x800'0000 { ro section .intvec };
"P1":  place in [from 0x800'0000 to 0x801'ffff] { ro };
define block CSTACK with size = 1K, alignment = 8 { };
define block HEAP with size = 512, alignment = 8 { };
"P2":  place in [from 0x2000'0000 to 0x2000'4fff] {
          rw, block CSTACK, block HEAP };
initialize by copy { rw };

  Section            Kind         Address  Aligment    Size  Object
  -------            ----         -------  --------    ----  ------
"A0":                                                  0xec
  .intvec            ro code   0x800'0000         4    0xec  startup_stm32f103xb.o [3]
                             - 0x800'00ec              0xec

"P1":                                                0x2f17
  .text              ro code   0x800'00ec         4   0xeca  xprintffull_nomb.o [6]
  .text              ro code   0x800'0fb6         2    0x3a  packbits_init_single.o [8]
  .text              ro code   0x800'0ff0         4    0x16  strchr.o [8]
  .text              ro code   0x800'1006         2     0xa  xsprout.o [6]
  .text              ro code   0x800'1010         4    0x40  xfail_s.o [6]
  .text              ro code   0x800'1050         4    0x36  strlen.o [8]
  .rodata            const     0x800'1086         2     0x2  xlocale_c.o [6]
  .text              ro code   0x800'1088         4    0x58  memchr.o [8]
  .text              ro code   0x800'10e0         4    0xa6  ABImemcpy.o [8]
  .rodata            const     0x800'1186               0x1  xlocale_c.o [6]
  .text              ro code   0x800'1188         4    0x70  frexp.o [7]
  .text              ro code   0x800'11f8         4    0x34  DblCmpLe.o [7]
  .text              ro code   0x800'122c         4    0x34  DblCmpGe.o [7]
  .text              ro code   0x800'1260         4   0x13a  ldexp.o [7]
  .text              ro code   0x800'139c         4    0x36  DblToS32.o [7]
  .text              ro code   0x800'13d4         4    0x22  S32ToDbl.o [7]
  .text              ro code   0x800'13f8         4   0x24e  DblAddSub.o [7]
  .text              ro code   0x800'1648         4   0x246  DblDiv.o [7]
  .text              ro code   0x800'1890         4    0x22  DblToU32.o [7]
  .text              ro code   0x800'18b4         4    0x1c  U32ToDbl.o [7]
  .text              ro code   0x800'18d0         4   0x1aa  DblMul.o [7]
  .text              ro code   0x800'1a7c         4     0x8  xlocale_c.o [6]
  .text              ro code   0x800'1a84         4   0x230  I64DivMod.o [8]
  .text              ro code   0x800'1cb4         2     0x6  abort.o [6]
  .text              ro code   0x800'1cbc         4     0x2  I64DivZer.o [8]
  .text              ro code   0x800'1cc0         4    0x14  exit.o [9]
  .text              ro code   0x800'1cd4         4   0x4a6  stm32f1xx_hal_rcc.o [5]
  .text              ro code   0x800'217c         4     0xc  stm32f1xx_hal.o [5]
  .text              ro code   0x800'2188         4    0x40  stm32f1xx_hal.o [5]
  .text              ro code   0x800'21c8         4    0xa4  stm32f1xx_hal_cortex.o [5]
  .text              ro code   0x800'226c         4   0x450  stm32f1xx_hal_rtc.o [5]
  .text              ro code   0x800'26bc         4    0x78  stm32f1xx_hal_msp.o [2]
  .text              ro code   0x800'2734         4   0x1ae  stm32f1xx_hal_rcc_ex.o [5]
  .text              ro code   0x800'28e4         4    0x10  stm32f1xx_hal_pwr.o [5]
  .text              ro code   0x800'28f4         4   0x1e0  main.o [2]
  .text              ro code   0x800'2ad4         4    0x24  stm32f1xx_hal.o [5]
  .text              ro code   0x800'2af8         4    0x12  ABImemset_small.o [8]
  .text              ro code   0x800'2b0c         4   0x1e0  stm32f1xx_hal_gpio.o [5]
  .text              ro code   0x800'2cec         4    0xea  lcd.o [4]
  .text              ro code   0x800'2dd8         4    0x28  stm32f1xx_hal.o [5]
  .text              ro code   0x800'2e00         4    0x40  sprintf.o [6]
  .text              ro code   0x800'2e40         4    0x2a  data_init.o [8]
  .iar.init_table    const     0x800'2e6c         4    0x10  - Linker created -
  .text              ro code   0x800'2e7c         4    0x1e  cmain.o [8]
  .text              ro code   0x800'2e9a         2     0x4  low_level_init.o [6]
  .text              ro code   0x800'2e9e         2     0x4  exit.o [6]
  .text              ro code   0x800'2ea4         4     0xa  cexit.o [8]
  .text              ro code   0x800'2eb0         4    0x1c  cstartup_M.o [8]
  .text              ro code   0x800'2ecc         2    0x14  stm32f1xx_it.o [2]
  .text              ro code   0x800'2ee0         4    0x10  stm32f1xx_hal.o [5]
  .text              ro code   0x800'2ef0         4    0x14  system_stm32f1xx.o [1]
  .text              ro code   0x800'2f04         4    0x10  startup_stm32f103xb.o [3]
  .rodata            const     0x800'2f14         4     0x8  system_stm32f1xx.o [1]
  .text              ro code   0x800'2f1c         2     0x4  startup_stm32f103xb.o [3]
  .text              ro code   0x800'2f20         2     0x4  startup_stm32f103xb.o [3]
  .text              ro code   0x800'2f24         2     0x4  startup_stm32f103xb.o [3]
  .text              ro code   0x800'2f28         2     0x4  startup_stm32f103xb.o [3]
  .text              ro code   0x800'2f2c         2     0x4  startup_stm32f103xb.o [3]
  .text              ro code   0x800'2f30         2     0x4  startup_stm32f103xb.o [3]
  .text              ro code   0x800'2f34         2     0x4  startup_stm32f103xb.o [3]
  .text              ro code   0x800'2f38         2     0x4  startup_stm32f103xb.o [3]
  .text              ro code   0x800'2f3c         2     0x4  startup_stm32f103xb.o [3]
  .text              ro code   0x800'2f40         2     0x4  startup_stm32f103xb.o [3]
  .text              ro code   0x800'2f44         2     0x4  startup_stm32f103xb.o [3]
  .text              ro code   0x800'2f48         2     0x4  startup_stm32f103xb.o [3]
  .text              ro code   0x800'2f4c         2     0x4  startup_stm32f103xb.o [3]
  .text              ro code   0x800'2f50         2     0x4  startup_stm32f103xb.o [3]
  .text              ro code   0x800'2f54         2     0x4  startup_stm32f103xb.o [3]
  .text              ro code   0x800'2f58         2     0x4  startup_stm32f103xb.o [3]
  .text              ro code   0x800'2f5c         2     0x4  startup_stm32f103xb.o [3]
  .text              ro code   0x800'2f60         2     0x4  startup_stm32f103xb.o [3]
  .text              ro code   0x800'2f64         2     0x4  startup_stm32f103xb.o [3]
  .text              ro code   0x800'2f68         2     0x4  startup_stm32f103xb.o [3]
  .text              ro code   0x800'2f6c         2     0x4  startup_stm32f103xb.o [3]
  .text              ro code   0x800'2f70         2     0x4  startup_stm32f103xb.o [3]
  .text              ro code   0x800'2f74         2     0x4  startup_stm32f103xb.o [3]
  .text              ro code   0x800'2f78         2     0x4  startup_stm32f103xb.o [3]
  .text              ro code   0x800'2f7c         2     0x4  startup_stm32f103xb.o [3]
  .text              ro code   0x800'2f80         2     0x4  startup_stm32f103xb.o [3]
  .text              ro code   0x800'2f84         2     0x4  startup_stm32f103xb.o [3]
  .text              ro code   0x800'2f88         2     0x4  startup_stm32f103xb.o [3]
  .text              ro code   0x800'2f8c         2     0x4  startup_stm32f103xb.o [3]
  .text              ro code   0x800'2f90         2     0x4  startup_stm32f103xb.o [3]
  .text              ro code   0x800'2f94         2     0x4  startup_stm32f103xb.o [3]
  .text              ro code   0x800'2f98         2     0x4  startup_stm32f103xb.o [3]
  .text              ro code   0x800'2f9c         2     0x4  startup_stm32f103xb.o [3]
  .text              ro code   0x800'2fa0         2     0x4  startup_stm32f103xb.o [3]
  .text              ro code   0x800'2fa4         2     0x4  startup_stm32f103xb.o [3]
  .text              ro code   0x800'2fa8         2     0x4  startup_stm32f103xb.o [3]
  .text              ro code   0x800'2fac         2     0x4  startup_stm32f103xb.o [3]
  .text              ro code   0x800'2fb0         2     0x4  startup_stm32f103xb.o [3]
  .text              ro code   0x800'2fb4         2     0x4  startup_stm32f103xb.o [3]
  .text              ro code   0x800'2fb8         2     0x4  startup_stm32f103xb.o [3]
  .text              ro code   0x800'2fbc         2     0x4  startup_stm32f103xb.o [3]
  .text              ro code   0x800'2fc0         2     0x4  startup_stm32f103xb.o [3]
  .text              ro code   0x800'2fc4         2     0x4  startup_stm32f103xb.o [3]
  .rodata            const     0x800'2fc8               0x0  packbits_init_single.o [8]
  Initializer bytes  const     0x800'2fc8              0x3b  <for P2-1>
                             - 0x800'3003            0x2f17

"P2", part 1 of 2:                                     0x78
  P2-1                        0x2000'0000              0x78  <Init block>
    .data            inited   0x2000'0000         4     0xc  stm32f1xx_hal.o [5]
    .data            inited   0x2000'000c         4     0x4  system_stm32f1xx.o [1]
    .data            inited   0x2000'0010         4    0x38  xlocale_c.o [6]
    .bss             inited   0x2000'0048         4    0x2c  main.o [2]
    .bss             inited   0x2000'0074         4     0x4  xfail_s.o [6]
                            - 0x2000'0078              0x78

"P2", part 2 of 2:                                    0x400
  CSTACK                      0x2000'0078         8   0x400  <Block>
    CSTACK           uninit   0x2000'0078             0x400  <Block tail>
                            - 0x2000'0478             0x400

Unused ranges:

         From           To      Size
         ----           --      ----
   0x800'3003   0x801'ffff  0x1'cffd
  0x2000'0478  0x2000'4fff    0x4b88


*******************************************************************************
*** INIT TABLE
***

          Address      Size
          -------      ----
Copy/packbits (__iar_packbits_init_single3)
    1 source range, total size 0x3b (49% of destination):
           0x800'2fc8  0x3b
    1 destination range, total size 0x78:
          0x2000'0000  0x78



*******************************************************************************
*** MODULE SUMMARY
***

    Module                  ro code  ro data  rw data
    ------                  -------  -------  -------
command line/config:
    -------------------------------------------------
    Total:

D:\Lesson\Gard Academy\Code\8.RTC\EWARM\8.RTC\Obj\CMSIS_6603591812247902717.dir: [1]
    system_stm32f1xx.o           20       10        4
    -------------------------------------------------
    Total:                       20       10        4

D:\Lesson\Gard Academy\Code\8.RTC\EWARM\8.RTC\Obj\Core_13247989168731456611.dir: [2]
    main.o                      480       22       44
    stm32f1xx_hal_msp.o         120
    stm32f1xx_it.o               20
    -------------------------------------------------
    Total:                      620       22       44

D:\Lesson\Gard Academy\Code\8.RTC\EWARM\8.RTC\Obj\EWARM_18443280873093131863.dir: [3]
    startup_stm32f103xb.o       424
    -------------------------------------------------
    Total:                      424

D:\Lesson\Gard Academy\Code\8.RTC\EWARM\8.RTC\Obj\LCD_11119715043425136414.dir: [4]
    lcd.o                       234
    -------------------------------------------------
    Total:                      234

D:\Lesson\Gard Academy\Code\8.RTC\EWARM\8.RTC\Obj\STM32F1xx_HAL_Driver_9701002599162248031.dir: [5]
    stm32f1xx_hal.o             168        5       12
    stm32f1xx_hal_cortex.o      164
    stm32f1xx_hal_gpio.o        480
    stm32f1xx_hal_pwr.o          16
    stm32f1xx_hal_rcc.o       1'190
    stm32f1xx_hal_rcc_ex.o      430
    stm32f1xx_hal_rtc.o       1'104
    -------------------------------------------------
    Total:                    3'552        5       12

dl7M_tlf.a: [6]
    abort.o                       6
    exit.o                        4
    low_level_init.o              4
    sprintf.o                    64
    xfail_s.o                    64        2        4
    xlocale_c.o                   8       31       56
    xprintffull_nomb.o        3'786
    xsprout.o                    10
    -------------------------------------------------
    Total:                    3'946       33       60

m7M_tl.a: [7]
    DblAddSub.o                 590
    DblCmpGe.o                   52
    DblCmpLe.o                   52
    DblDiv.o                    582
    DblMul.o                    426
    DblToS32.o                   54
    DblToU32.o                   34
    S32ToDbl.o                   34
    U32ToDbl.o                   28
    frexp.o                     112
    ldexp.o                     314
    -------------------------------------------------
    Total:                    2'278

rt7M_tl.a: [8]
    ABImemcpy.o                 166
    ABImemset_small.o            18
    I64DivMod.o                 560
    I64DivZer.o                   2
    cexit.o                      10
    cmain.o                      30
    cstartup_M.o                 28
    data_init.o                  42
    memchr.o                     88
    packbits_init_single.o       58
    strchr.o                     22
    strlen.o                     54
    -------------------------------------------------
    Total:                    1'078

shb_l.a: [9]
    exit.o                       20
    -------------------------------------------------
    Total:                       20

    Gaps                         31        2
    Linker created                        16    1'024
-----------------------------------------------------
    Grand Total:             12'203       88    1'144


*******************************************************************************
*** ENTRY LIST
***

Entry                       Address   Size  Type      Object
-----                       -------   ----  ----      ------
.iar.init_table$$Base    0x800'2e6c          --   Gb  - Linker created -
.iar.init_table$$Limit   0x800'2e7c          --   Gb  - Linker created -
?main                    0x800'2e7d         Code  Gb  cmain.o [8]
ADC1_2_IRQHandler        0x800'2f65         Code  Wk  startup_stm32f103xb.o [3]
AHBPrescTable            0x800'2ef4   0x10  Data  Gb  system_stm32f1xx.o [1]
APBPrescTable            0x800'2f14    0x8  Data  Gb  system_stm32f1xx.o [1]
BusFault_Handler         0x800'2ed3    0x2  Code  Gb  stm32f1xx_it.o [2]
CAN1_RX1_IRQHandler      0x800'2f71         Code  Wk  startup_stm32f103xb.o [3]
CAN1_SCE_IRQHandler      0x800'2f75         Code  Wk  startup_stm32f103xb.o [3]
CSTACK$$Base            0x2000'0078          --   Gb  - Linker created -
CSTACK$$Limit           0x2000'0478          --   Gb  - Linker created -
DMA1_Channel1_IRQHandler
                         0x800'2f49         Code  Wk  startup_stm32f103xb.o [3]
DMA1_Channel2_IRQHandler
                         0x800'2f4d         Code  Wk  startup_stm32f103xb.o [3]
DMA1_Channel3_IRQHandler
                         0x800'2f51         Code  Wk  startup_stm32f103xb.o [3]
DMA1_Channel4_IRQHandler
                         0x800'2f55         Code  Wk  startup_stm32f103xb.o [3]
DMA1_Channel5_IRQHandler
                         0x800'2f59         Code  Wk  startup_stm32f103xb.o [3]
DMA1_Channel6_IRQHandler
                         0x800'2f5d         Code  Wk  startup_stm32f103xb.o [3]
DMA1_Channel7_IRQHandler
                         0x800'2f61         Code  Wk  startup_stm32f103xb.o [3]
DebugMon_Handler         0x800'2ed9    0x2  Code  Gb  stm32f1xx_it.o [2]
EXTI0_IRQHandler         0x800'2f35         Code  Wk  startup_stm32f103xb.o [3]
EXTI15_10_IRQHandler     0x800'2fbd         Code  Wk  startup_stm32f103xb.o [3]
EXTI1_IRQHandler         0x800'2f39         Code  Wk  startup_stm32f103xb.o [3]
EXTI2_IRQHandler         0x800'2f3d         Code  Wk  startup_stm32f103xb.o [3]
EXTI3_IRQHandler         0x800'2f41         Code  Wk  startup_stm32f103xb.o [3]
EXTI4_IRQHandler         0x800'2f45         Code  Wk  startup_stm32f103xb.o [3]
EXTI9_5_IRQHandler       0x800'2f79         Code  Wk  startup_stm32f103xb.o [3]
Error_Handler            0x800'2aaf    0x4  Code  Gb  main.o [2]
FLASH_IRQHandler         0x800'2f2d         Code  Wk  startup_stm32f103xb.o [3]
HAL_Delay                0x800'2dd9   0x28  Code  Wk  stm32f1xx_hal.o [5]
HAL_GPIO_Init            0x800'2b0d  0x1a4  Code  Gb  stm32f1xx_hal_gpio.o [5]
HAL_GPIO_WritePin        0x800'2cb1    0x8  Code  Gb  stm32f1xx_hal_gpio.o [5]
HAL_GetTick              0x800'217d    0xc  Code  Wk  stm32f1xx_hal.o [5]
HAL_IncTick              0x800'2ee1   0x10  Code  Wk  stm32f1xx_hal.o [5]
HAL_Init                 0x800'2ad5   0x20  Code  Gb  stm32f1xx_hal.o [5]
HAL_InitTick             0x800'2189   0x40  Code  Wk  stm32f1xx_hal.o [5]
HAL_MspInit              0x800'26bd   0x38  Code  Gb  stm32f1xx_hal_msp.o [2]
HAL_NVIC_SetPriority     0x800'21f7   0x3e  Code  Gb  stm32f1xx_hal_cortex.o [5]
HAL_NVIC_SetPriorityGrouping
                         0x800'21e3   0x14  Code  Gb  stm32f1xx_hal_cortex.o [5]
HAL_PWR_EnableBkUpAccess
                         0x800'28e5    0x4  Code  Gb  stm32f1xx_hal_pwr.o [5]
HAL_RCCEx_GetPeriphCLKFreq
                         0x800'2811   0xa8  Code  Gb  stm32f1xx_hal_rcc_ex.o [5]
HAL_RCCEx_GetPeriphCLKFreq::aPLLMULFactorTable
                         0x800'28d0   0x10  Data  Lc  stm32f1xx_hal_rcc_ex.o [5]
HAL_RCCEx_GetPeriphCLKFreq::aPredivFactorTable
                         0x800'28e0    0x2  Data  Lc  stm32f1xx_hal_rcc_ex.o [5]
HAL_RCCEx_PeriphCLKConfig
                         0x800'2735   0xda  Code  Gb  stm32f1xx_hal_rcc_ex.o [5]
HAL_RCC_ClockConfig      0x800'1fd7  0x116  Code  Gb  stm32f1xx_hal_rcc.o [5]
HAL_RCC_GetPCLK2Freq     0x800'2125    0xe  Code  Gb  stm32f1xx_hal_rcc.o [5]
HAL_RCC_GetSysClockFreq
                         0x800'20ed   0x38  Code  Gb  stm32f1xx_hal_rcc.o [5]
HAL_RCC_GetSysClockFreq::aPLLMULFactorTable
                         0x800'2168   0x10  Data  Lc  stm32f1xx_hal_rcc.o [5]
HAL_RCC_GetSysClockFreq::aPredivFactorTable
                         0x800'2178    0x2  Data  Lc  stm32f1xx_hal_rcc.o [5]
HAL_RCC_OscConfig        0x800'1cd5  0x2fa  Code  Gb  stm32f1xx_hal_rcc.o [5]
HAL_RTC_GetTime          0x800'2395  0x18a  Code  Gb  stm32f1xx_hal_rtc.o [5]
HAL_RTC_Init             0x800'226d   0x8c  Code  Gb  stm32f1xx_hal_rtc.o [5]
HAL_RTC_MspInit          0x800'26f5   0x2c  Code  Gb  stm32f1xx_hal_msp.o [2]
HAL_RTC_SetTime          0x800'22f9   0x92  Code  Gb  stm32f1xx_hal_rtc.o [5]
HAL_RTC_WaitForSynchro   0x800'2539   0x2e  Code  Gb  stm32f1xx_hal_rtc.o [5]
HAL_SYSTICK_Config       0x800'2235   0x22  Code  Gb  stm32f1xx_hal_cortex.o [5]
HardFault_Handler        0x800'2ecf    0x2  Code  Gb  stm32f1xx_it.o [2]
I2C1_ER_IRQHandler       0x800'2f9d         Code  Wk  startup_stm32f103xb.o [3]
I2C1_EV_IRQHandler       0x800'2f99         Code  Wk  startup_stm32f103xb.o [3]
I2C2_ER_IRQHandler       0x800'2fa5         Code  Wk  startup_stm32f103xb.o [3]
I2C2_EV_IRQHandler       0x800'2fa1         Code  Wk  startup_stm32f103xb.o [3]
MemManage_Handler        0x800'2ed1    0x2  Code  Gb  stm32f1xx_it.o [2]
NMI_Handler              0x800'2ecd    0x2  Code  Gb  stm32f1xx_it.o [2]
PVD_IRQHandler           0x800'2f21         Code  Wk  startup_stm32f103xb.o [3]
PendSV_Handler           0x800'2edb    0x2  Code  Gb  stm32f1xx_it.o [2]
RCC_IRQHandler           0x800'2f31         Code  Wk  startup_stm32f103xb.o [3]
RTC_Alarm_IRQHandler     0x800'2fc1         Code  Wk  startup_stm32f103xb.o [3]
RTC_Bcd2ToByte           0x800'265f   0x10  Code  Lc  stm32f1xx_hal_rtc.o [5]
RTC_ByteToBcd2           0x800'2649   0x16  Code  Lc  stm32f1xx_hal_rtc.o [5]
RTC_EnterInitMode        0x800'25e5   0x2c  Code  Lc  stm32f1xx_hal_rtc.o [5]
RTC_ExitInitMode         0x800'261b   0x2e  Code  Lc  stm32f1xx_hal_rtc.o [5]
RTC_IRQHandler           0x800'2f29         Code  Wk  startup_stm32f103xb.o [3]
RTC_ReadAlarmCounter     0x800'25b1    0x8  Code  Lc  stm32f1xx_hal_rtc.o [5]
RTC_ReadTimeCounter      0x800'2573   0x1a  Code  Lc  stm32f1xx_hal_rtc.o [5]
RTC_WeekDayNum           0x800'266f   0x34  Code  Lc  stm32f1xx_hal_rtc.o [5]
RTC_WriteAlarmCounter    0x800'25c1   0x24  Code  Lc  stm32f1xx_hal_rtc.o [5]
RTC_WriteTimeCounter     0x800'258d   0x24  Code  Lc  stm32f1xx_hal_rtc.o [5]
Region$$Table$$Base      0x800'2e6c          --   Gb  - Linker created -
Region$$Table$$Limit     0x800'2e7c          --   Gb  - Linker created -
Reset_Handler            0x800'2f05         Code  Wk  startup_stm32f103xb.o [3]
SPI1_IRQHandler          0x800'2fa9         Code  Wk  startup_stm32f103xb.o [3]
SPI2_IRQHandler          0x800'2fad         Code  Wk  startup_stm32f103xb.o [3]
SVC_Handler              0x800'2ed7    0x2  Code  Gb  stm32f1xx_it.o [2]
SysTick_Handler          0x800'2edd    0x4  Code  Gb  stm32f1xx_it.o [2]
SystemClock_Config       0x800'2a39   0x76  Code  Gb  main.o [2]
SystemCoreClock         0x2000'000c    0x4  Data  Gb  system_stm32f1xx.o [1]
SystemInit               0x800'2ef1    0x2  Code  Gb  system_stm32f1xx.o [1]
TAMPER_IRQHandler        0x800'2f25         Code  Wk  startup_stm32f103xb.o [3]
TIM1_BRK_IRQHandler      0x800'2f7d         Code  Wk  startup_stm32f103xb.o [3]
TIM1_CC_IRQHandler       0x800'2f89         Code  Wk  startup_stm32f103xb.o [3]
TIM1_TRG_COM_IRQHandler
                         0x800'2f85         Code  Wk  startup_stm32f103xb.o [3]
TIM1_UP_IRQHandler       0x800'2f81         Code  Wk  startup_stm32f103xb.o [3]
TIM2_IRQHandler          0x800'2f8d         Code  Wk  startup_stm32f103xb.o [3]
TIM3_IRQHandler          0x800'2f91         Code  Wk  startup_stm32f103xb.o [3]
TIM4_IRQHandler          0x800'2f95         Code  Wk  startup_stm32f103xb.o [3]
Time                    0x2000'0060   0x14  Data  Gb  main.o [2]
USART1_IRQHandler        0x800'2fb1         Code  Wk  startup_stm32f103xb.o [3]
USART2_IRQHandler        0x800'2fb5         Code  Wk  startup_stm32f103xb.o [3]
USART3_IRQHandler        0x800'2fb9         Code  Wk  startup_stm32f103xb.o [3]
USBWakeUp_IRQHandler     0x800'2fc5         Code  Wk  startup_stm32f103xb.o [3]
USB_HP_CAN1_TX_IRQHandler
                         0x800'2f69         Code  Wk  startup_stm32f103xb.o [3]
USB_LP_CAN1_RX0_IRQHandler
                         0x800'2f6d         Code  Wk  startup_stm32f103xb.o [3]
UsageFault_Handler       0x800'2ed5    0x2  Code  Gb  stm32f1xx_it.o [2]
WWDG_IRQHandler          0x800'2f1d         Code  Wk  startup_stm32f103xb.o [3]
_LC                      0x800'00ed    0x6  Code  Lc  xprintffull_nomb.o [6]
_LitobFullNoMb           0x800'0dd9  0x10c  Code  Lc  xprintffull_nomb.o [6]
_Locale_lconv           0x2000'0010   0x38  Data  Lc  xlocale_c.o [6]
_PrintfFullNoMb          0x800'00f3  0xcb6  Code  Gb  xprintffull_nomb.o [6]
_PutcharsFullNoMb        0x800'0f41   0x2e  Code  Lc  xprintffull_nomb.o [6]
_SProut                  0x800'1007    0xa  Code  Gb  xsprout.o [6]
__NVIC_SetPriority       0x800'21c9   0x1a  Code  Lc  stm32f1xx_hal_cortex.o [5]
__aeabi_cdcmple          0x800'11f9         Code  Gb  DblCmpLe.o [7]
__aeabi_cdrcmple         0x800'122d         Code  Gb  DblCmpGe.o [7]
__aeabi_d2iz             0x800'139d         Code  Gb  DblToS32.o [7]
__aeabi_d2uiz            0x800'1891         Code  Gb  DblToU32.o [7]
__aeabi_ddiv             0x800'1649         Code  Gb  DblDiv.o [7]
__aeabi_dmul             0x800'18d1         Code  Gb  DblMul.o [7]
__aeabi_dsub             0x800'1565         Code  Gb  DblAddSub.o [7]
__aeabi_i2d              0x800'13d5         Code  Gb  S32ToDbl.o [7]
__aeabi_ldiv0            0x800'1cbd         Code  Gb  I64DivZer.o [8]
__aeabi_memcpy           0x800'10e1         Code  Gb  ABImemcpy.o [8]
__aeabi_memcpy4          0x800'1101         Code  Gb  ABImemcpy.o [8]
__aeabi_memcpy8          0x800'1101         Code  Gb  ABImemcpy.o [8]
__aeabi_ui2d             0x800'18b5         Code  Gb  U32ToDbl.o [7]
__aeabi_uldivmod         0x800'1a85         Code  Gb  I64DivMod.o [8]
__cmain                  0x800'2e7d         Code  Gb  cmain.o [8]
__exit                   0x800'1cc1   0x14  Code  Gb  exit.o [9]
__iar_Fail_s             0x800'1011   0x1c  Code  Gb  xfail_s.o [6]
__iar_Memchr             0x800'1089         Code  Gb  memchr.o [8]
__iar_Strchr             0x800'0ff1         Code  Gb  strchr.o [8]
__iar_data_init3         0x800'2e41   0x18  Code  Gb  data_init.o [8]
__iar_frexp              0x800'1195         Code  Gb  frexp.o [7]
__iar_frexp64            0x800'1189         Code  Gb  frexp.o [7]
__iar_frexpl             0x800'1195         Code  Gb  frexp.o [7]
__iar_ldexp64            0x800'1261         Code  Gb  ldexp.o [7]
__iar_packbits_init_single3
                         0x800'0fb7   0x3a  Code  Gb  packbits_init_single.o [8]
__iar_program_start      0x800'2eb1         Code  Gb  cstartup_M.o [8]
__iar_scalbln64          0x800'1261         Code  Gb  ldexp.o [7]
__iar_scalbn64           0x800'1261         Code  Gb  ldexp.o [7]
__iar_small_Memset       0x800'2af9         Code  Gb  ABImemset_small.o [8]
__iar_small_Memset_word
                         0x800'2af9         Code  Gb  ABImemset_small.o [8]
__iar_small_memset       0x800'2af9         Code  Gb  ABImemset_small.o [8]
__low_level_init         0x800'2e9b    0x4  Code  Gb  low_level_init.o [6]
__vector_table           0x800'0000         Data  Gb  startup_stm32f103xb.o [3]
_call_main               0x800'2e89         Code  Gb  cmain.o [8]
_exit                    0x800'2ea5         Code  Gb  cexit.o [8]
abort                    0x800'1cb5    0x6  Code  Gb  abort.o [6]
exit                     0x800'2e9f    0x4  Code  Gb  exit.o [6]
frexp                    0x800'1189         Code  Gb  frexp.o [7]
frexpl                   0x800'1189         Code  Gb  frexp.o [7]
hrtc                    0x2000'004c   0x14  Data  Gb  main.o [2]
lcd_clear                0x800'2dbb   0x14  Code  Gb  lcd.o [4]
lcd_gotoxy               0x800'2d85   0x36  Code  Gb  lcd.o [4]
lcd_init                 0x800'2d4d   0x1c  Code  Gb  lcd.o [4]
lcd_putchar              0x800'2cf9    0xa  Code  Gb  lcd.o [4]
lcd_puts                 0x800'2d69   0x1a  Code  Gb  lcd.o [4]
ldexp                    0x800'1261         Code  Gb  ldexp.o [7]
ldexpl                   0x800'1261         Code  Gb  ldexp.o [7]
localeconv               0x800'1a7d    0x4  Code  Gb  xlocale_c.o [6]
main                     0x800'28f5  0x130  Code  Gb  main.o [2]
memchr                   0x800'1089         Code  Gb  memchr.o [8]
scalbln                  0x800'1261         Code  Gb  ldexp.o [7]
scalblnl                 0x800'1261         Code  Gb  ldexp.o [7]
scalbn                   0x800'1261         Code  Gb  ldexp.o [7]
scalbnl                  0x800'1261         Code  Gb  ldexp.o [7]
scale                    0x800'0eeb   0x46  Code  Lc  xprintffull_nomb.o [6]
sec_hand                0x2000'0074    0x4  Data  Lc  xfail_s.o [6]
send_command             0x800'2ced    0xc  Code  Gb  lcd.o [4]
set_time                0x2000'0048    0x4  Data  Gb  main.o [2]
sprintf                  0x800'2e01   0x40  Code  Gb  sprintf.o [6]
strchr                   0x800'0ff1         Code  Gb  strchr.o [8]
strlen                   0x800'1051         Code  Gb  strlen.o [8]
uwTick                  0x2000'0004    0x4  Data  Gb  stm32f1xx_hal.o [5]
uwTickFreq              0x2000'0000    0x1  Data  Gb  stm32f1xx_hal.o [5]
uwTickPrio              0x2000'0008    0x4  Data  Gb  stm32f1xx_hal.o [5]


[1] = D:\Lesson\Gard Academy\Code\8.RTC\EWARM\8.RTC\Obj\CMSIS_6603591812247902717.dir
[2] = D:\Lesson\Gard Academy\Code\8.RTC\EWARM\8.RTC\Obj\Core_13247989168731456611.dir
[3] = D:\Lesson\Gard Academy\Code\8.RTC\EWARM\8.RTC\Obj\EWARM_18443280873093131863.dir
[4] = D:\Lesson\Gard Academy\Code\8.RTC\EWARM\8.RTC\Obj\LCD_11119715043425136414.dir
[5] = D:\Lesson\Gard Academy\Code\8.RTC\EWARM\8.RTC\Obj\STM32F1xx_HAL_Driver_9701002599162248031.dir
[6] = dl7M_tlf.a
[7] = m7M_tl.a
[8] = rt7M_tl.a
[9] = shb_l.a

  12'203 bytes of readonly  code memory
      88 bytes of readonly  data memory
   1'144 bytes of readwrite data memory

Errors: none
Warnings: none
