###############################################################################
#
# IAR ELF Linker V9.50.2.385/W64 for ARM                  25/Sep/2024  19:47:03
# Copyright 2007-2024 IAR Systems AB.
#
#    Output file  =
#        D:\Lesson\Gard Academy\Code\3.Interupt\Interupt\EWARM\LCD\Exe\LCD.out
#    Map file     =
#        D:\Lesson\Gard Academy\Code\3.Interupt\Interupt\EWARM\LCD\List\LCD.map
#    Command line =
#        -f "D:\Lesson\Gard
#        Academy\Code\3.Interupt\Interupt\EWARM\LCD\Exe\LCD.out.rsp"
#        ("D:\Lesson\Gard
#        Academy\Code\3.Interupt\Interupt\EWARM\LCD\Obj\LCD_17366074497305254994.dir\lcd.o"
#        "D:\Lesson\Gard
#        Academy\Code\3.Interupt\Interupt\EWARM\LCD\Obj\Core_13247989168731456611.dir\main.o"
#        "D:\Lesson\Gard
#        Academy\Code\3.Interupt\Interupt\EWARM\LCD\Obj\EWARM_18443280873093131863.dir\startup_stm32f103xb.o"
#        "D:\Lesson\Gard
#        Academy\Code\3.Interupt\Interupt\EWARM\LCD\Obj\STM32F1xx_HAL_Driver_9701002599162248031.dir\stm32f1xx_hal.o"
#        "D:\Lesson\Gard
#        Academy\Code\3.Interupt\Interupt\EWARM\LCD\Obj\STM32F1xx_HAL_Driver_9701002599162248031.dir\stm32f1xx_hal_cortex.o"
#        "D:\Lesson\Gard
#        Academy\Code\3.Interupt\Interupt\EWARM\LCD\Obj\STM32F1xx_HAL_Driver_9701002599162248031.dir\stm32f1xx_hal_dma.o"
#        "D:\Lesson\Gard
#        Academy\Code\3.Interupt\Interupt\EWARM\LCD\Obj\STM32F1xx_HAL_Driver_9701002599162248031.dir\stm32f1xx_hal_exti.o"
#        "D:\Lesson\Gard
#        Academy\Code\3.Interupt\Interupt\EWARM\LCD\Obj\STM32F1xx_HAL_Driver_9701002599162248031.dir\stm32f1xx_hal_flash.o"
#        "D:\Lesson\Gard
#        Academy\Code\3.Interupt\Interupt\EWARM\LCD\Obj\STM32F1xx_HAL_Driver_9701002599162248031.dir\stm32f1xx_hal_flash_ex.o"
#        "D:\Lesson\Gard
#        Academy\Code\3.Interupt\Interupt\EWARM\LCD\Obj\STM32F1xx_HAL_Driver_9701002599162248031.dir\stm32f1xx_hal_gpio.o"
#        "D:\Lesson\Gard
#        Academy\Code\3.Interupt\Interupt\EWARM\LCD\Obj\STM32F1xx_HAL_Driver_9701002599162248031.dir\stm32f1xx_hal_gpio_ex.o"
#        "D:\Lesson\Gard
#        Academy\Code\3.Interupt\Interupt\EWARM\LCD\Obj\Core_13247989168731456611.dir\stm32f1xx_hal_msp.o"
#        "D:\Lesson\Gard
#        Academy\Code\3.Interupt\Interupt\EWARM\LCD\Obj\STM32F1xx_HAL_Driver_9701002599162248031.dir\stm32f1xx_hal_pwr.o"
#        "D:\Lesson\Gard
#        Academy\Code\3.Interupt\Interupt\EWARM\LCD\Obj\STM32F1xx_HAL_Driver_9701002599162248031.dir\stm32f1xx_hal_rcc.o"
#        "D:\Lesson\Gard
#        Academy\Code\3.Interupt\Interupt\EWARM\LCD\Obj\STM32F1xx_HAL_Driver_9701002599162248031.dir\stm32f1xx_hal_rcc_ex.o"
#        "D:\Lesson\Gard
#        Academy\Code\3.Interupt\Interupt\EWARM\LCD\Obj\STM32F1xx_HAL_Driver_9701002599162248031.dir\stm32f1xx_hal_tim.o"
#        "D:\Lesson\Gard
#        Academy\Code\3.Interupt\Interupt\EWARM\LCD\Obj\STM32F1xx_HAL_Driver_9701002599162248031.dir\stm32f1xx_hal_tim_ex.o"
#        "D:\Lesson\Gard
#        Academy\Code\3.Interupt\Interupt\EWARM\LCD\Obj\Core_13247989168731456611.dir\stm32f1xx_it.o"
#        "D:\Lesson\Gard
#        Academy\Code\3.Interupt\Interupt\EWARM\LCD\Obj\CMSIS_6603591812247902717.dir\system_stm32f1xx.o"
#        --no_out_extension -o "D:\Lesson\Gard
#        Academy\Code\3.Interupt\Interupt\EWARM\LCD\Exe\LCD.out" --redirect
#        _Printf=_PrintfFullNoMb --redirect _Scanf=_ScanfFullNoMb --map
#        "D:\Lesson\Gard
#        Academy\Code\3.Interupt\Interupt\EWARM\LCD\List\LCD.map" --config
#        "D:\Lesson\Gard
#        Academy\Code\3.Interupt\Interupt\EWARM/stm32f103xb_flash.icf"
#        --semihosting --entry __iar_program_start --vfe --text_out locale
#        --cpu=Cortex-M3 --fpu=None) --dependencies=n "D:\Lesson\Gard
#        Academy\Code\3.Interupt\Interupt\EWARM\LCD\Exe\LCD.out.iar_deps"
#
###############################################################################

*******************************************************************************
*** RUNTIME MODEL ATTRIBUTES
***

CppFlavor       = *
__CPP_Runtime   = 1
__SystemLibrary = DLib
__dlib_version  = 6


*******************************************************************************
*** HEAP SELECTION
***

The basic heap was selected because --advanced_heap
was not specified and the application did not appear to
be primarily optimized for speed.


*******************************************************************************
*** PLACEMENT SUMMARY
***

"A0":  place at address 0x800'0000 { ro section .intvec };
"P1":  place in [from 0x800'0000 to 0x801'ffff] { ro };
define block CSTACK with size = 1K, alignment = 8 { };
define block HEAP with size = 512, alignment = 8 { };
"P2":  place in [from 0x2000'0000 to 0x2000'4fff] {
          rw, block CSTACK, block HEAP };
initialize by copy { rw };

  Section            Kind         Address  Aligment    Size  Object
  -------            ----         -------  --------    ----  ------
"A0":                                                  0xec
  .intvec            ro code   0x800'0000         4    0xec  startup_stm32f103xb.o [3]
                             - 0x800'00ec              0xec

"P1":                                                0x290b
  .text              ro code   0x800'00ec         4   0xeca  xprintffull_nomb.o [6]
  .text              ro code   0x800'0fb6         2    0x3a  packbits_init_single.o [8]
  .text              ro code   0x800'0ff0         4    0x16  strchr.o [8]
  .text              ro code   0x800'1006         2     0xa  xsprout.o [6]
  .text              ro code   0x800'1010         4    0x40  xfail_s.o [6]
  .text              ro code   0x800'1050         4    0x36  strlen.o [8]
  .rodata            const     0x800'1086         2     0x2  xlocale_c.o [6]
  .text              ro code   0x800'1088         4    0x58  memchr.o [8]
  .text              ro code   0x800'10e0         4    0xa6  ABImemcpy.o [8]
  .rodata            const     0x800'1186               0x1  xlocale_c.o [6]
  .text              ro code   0x800'1188         4    0x70  frexp.o [7]
  .text              ro code   0x800'11f8         4    0x34  DblCmpLe.o [7]
  .text              ro code   0x800'122c         4    0x34  DblCmpGe.o [7]
  .text              ro code   0x800'1260         4   0x13a  ldexp.o [7]
  .text              ro code   0x800'139c         4    0x36  DblToS32.o [7]
  .text              ro code   0x800'13d4         4    0x22  S32ToDbl.o [7]
  .text              ro code   0x800'13f8         4   0x24e  DblAddSub.o [7]
  .text              ro code   0x800'1648         4   0x246  DblDiv.o [7]
  .text              ro code   0x800'1890         4    0x22  DblToU32.o [7]
  .text              ro code   0x800'18b4         4    0x1c  U32ToDbl.o [7]
  .text              ro code   0x800'18d0         4   0x1aa  DblMul.o [7]
  .text              ro code   0x800'1a7c         4     0x8  xlocale_c.o [6]
  .text              ro code   0x800'1a84         4   0x230  I64DivMod.o [8]
  .text              ro code   0x800'1cb4         2     0x6  abort.o [6]
  .text              ro code   0x800'1cbc         4     0x2  I64DivZer.o [8]
  .text              ro code   0x800'1cc0         4    0x14  exit.o [9]
  .text              ro code   0x800'1cd4         4   0x48e  stm32f1xx_hal_rcc.o [5]
  .text              ro code   0x800'2164         4     0xc  stm32f1xx_hal.o [5]
  .text              ro code   0x800'2170         4    0x40  stm32f1xx_hal.o [5]
  .text              ro code   0x800'21b0         4    0xbc  stm32f1xx_hal_cortex.o [5]
  .text              ro code   0x800'226c         4   0x1f8  stm32f1xx_hal_gpio.o [5]
  .text              ro code   0x800'2464         4    0x60  stm32f1xx_it.o [2]
  .text              ro code   0x800'24c4         4    0x10  stm32f1xx_hal.o [5]
  .text              ro code   0x800'24d4         4   0x1c8  main.o [2]
  .text              ro code   0x800'269c         4    0x24  stm32f1xx_hal.o [5]
  .text              ro code   0x800'26c0         4    0x12  ABImemset_small.o [8]
  .text              ro code   0x800'26d4         4    0xea  lcd.o [4]
  .text              ro code   0x800'27c0         4    0x28  stm32f1xx_hal.o [5]
  .text              ro code   0x800'27e8         4    0x40  sprintf.o [6]
  .text              ro code   0x800'2828         4    0x40  stm32f1xx_hal_msp.o [2]
  .text              ro code   0x800'2868         4    0x2a  data_init.o [8]
  .iar.init_table    const     0x800'2894         4    0x10  - Linker created -
  .text              ro code   0x800'28a4         4    0x1e  cmain.o [8]
  .text              ro code   0x800'28c2         2     0x4  low_level_init.o [6]
  .text              ro code   0x800'28c6         2     0x4  exit.o [6]
  .text              ro code   0x800'28cc         4     0xa  cexit.o [8]
  .text              ro code   0x800'28d8         4    0x1c  cstartup_M.o [8]
  .text              ro code   0x800'28f4         4    0x14  system_stm32f1xx.o [1]
  .text              ro code   0x800'2908         4    0x10  startup_stm32f103xb.o [3]
  .text              ro code   0x800'2918         2     0x4  startup_stm32f103xb.o [3]
  .text              ro code   0x800'291c         2     0x4  startup_stm32f103xb.o [3]
  .text              ro code   0x800'2920         2     0x4  startup_stm32f103xb.o [3]
  .text              ro code   0x800'2924         2     0x4  startup_stm32f103xb.o [3]
  .text              ro code   0x800'2928         2     0x4  startup_stm32f103xb.o [3]
  .text              ro code   0x800'292c         2     0x4  startup_stm32f103xb.o [3]
  .text              ro code   0x800'2930         2     0x4  startup_stm32f103xb.o [3]
  .text              ro code   0x800'2934         2     0x4  startup_stm32f103xb.o [3]
  .text              ro code   0x800'2938         2     0x4  startup_stm32f103xb.o [3]
  .text              ro code   0x800'293c         2     0x4  startup_stm32f103xb.o [3]
  .text              ro code   0x800'2940         2     0x4  startup_stm32f103xb.o [3]
  .text              ro code   0x800'2944         2     0x4  startup_stm32f103xb.o [3]
  .text              ro code   0x800'2948         2     0x4  startup_stm32f103xb.o [3]
  .text              ro code   0x800'294c         2     0x4  startup_stm32f103xb.o [3]
  .text              ro code   0x800'2950         2     0x4  startup_stm32f103xb.o [3]
  .text              ro code   0x800'2954         2     0x4  startup_stm32f103xb.o [3]
  .text              ro code   0x800'2958         2     0x4  startup_stm32f103xb.o [3]
  .text              ro code   0x800'295c         2     0x4  startup_stm32f103xb.o [3]
  .text              ro code   0x800'2960         2     0x4  startup_stm32f103xb.o [3]
  .text              ro code   0x800'2964         2     0x4  startup_stm32f103xb.o [3]
  .text              ro code   0x800'2968         2     0x4  startup_stm32f103xb.o [3]
  .text              ro code   0x800'296c         2     0x4  startup_stm32f103xb.o [3]
  .text              ro code   0x800'2970         2     0x4  startup_stm32f103xb.o [3]
  .text              ro code   0x800'2974         2     0x4  startup_stm32f103xb.o [3]
  .text              ro code   0x800'2978         2     0x4  startup_stm32f103xb.o [3]
  .text              ro code   0x800'297c         2     0x4  startup_stm32f103xb.o [3]
  .text              ro code   0x800'2980         2     0x4  startup_stm32f103xb.o [3]
  .text              ro code   0x800'2984         2     0x4  startup_stm32f103xb.o [3]
  .text              ro code   0x800'2988         2     0x4  startup_stm32f103xb.o [3]
  .text              ro code   0x800'298c         2     0x4  startup_stm32f103xb.o [3]
  .text              ro code   0x800'2990         2     0x4  startup_stm32f103xb.o [3]
  .text              ro code   0x800'2994         2     0x4  startup_stm32f103xb.o [3]
  .text              ro code   0x800'2998         2     0x4  startup_stm32f103xb.o [3]
  .text              ro code   0x800'299c         2     0x4  startup_stm32f103xb.o [3]
  .text              ro code   0x800'29a0         2     0x4  startup_stm32f103xb.o [3]
  .text              ro code   0x800'29a4         2     0x4  startup_stm32f103xb.o [3]
  .text              ro code   0x800'29a8         2     0x4  startup_stm32f103xb.o [3]
  .text              ro code   0x800'29ac         2     0x4  startup_stm32f103xb.o [3]
  .text              ro code   0x800'29b0         2     0x4  startup_stm32f103xb.o [3]
  .text              ro code   0x800'29b4         2     0x4  startup_stm32f103xb.o [3]
  .text              ro code   0x800'29b8         2     0x4  startup_stm32f103xb.o [3]
  .rodata            const     0x800'29bc               0x0  packbits_init_single.o [8]
  Initializer bytes  const     0x800'29bc              0x3b  <for P2-1>
                             - 0x800'29f7            0x290b

"P2", part 1 of 2:                                     0x78
  P2-1                        0x2000'0000              0x78  <Init block>
    .data            inited   0x2000'0000         4     0xc  stm32f1xx_hal.o [5]
    .data            inited   0x2000'000c         4     0x4  system_stm32f1xx.o [1]
    .data            inited   0x2000'0010         4    0x38  xlocale_c.o [6]
    .bss             inited   0x2000'0048         4    0x2c  main.o [2]
    .bss             inited   0x2000'0074         4     0x4  xfail_s.o [6]
                            - 0x2000'0078              0x78

"P2", part 2 of 2:                                    0x400
  CSTACK                      0x2000'0078         8   0x400  <Block>
    CSTACK           uninit   0x2000'0078             0x400  <Block tail>
                            - 0x2000'0478             0x400

Unused ranges:

         From           To      Size
         ----           --      ----
   0x800'29f7   0x801'ffff  0x1'd609
  0x2000'0478  0x2000'4fff    0x4b88


*******************************************************************************
*** INIT TABLE
***

          Address      Size
          -------      ----
Copy/packbits (__iar_packbits_init_single3)
    1 source range, total size 0x3b (49% of destination):
           0x800'29bc  0x3b
    1 destination range, total size 0x78:
          0x2000'0000  0x78



*******************************************************************************
*** MODULE SUMMARY
***

    Module                  ro code  ro data  rw data
    ------                  -------  -------  -------
command line/config:
    -------------------------------------------------
    Total:

D:\Lesson\Gard Academy\Code\3.Interupt\Interupt\EWARM\LCD\Obj\CMSIS_6603591812247902717.dir: [1]
    system_stm32f1xx.o           20        2        4
    -------------------------------------------------
    Total:                       20        2        4

D:\Lesson\Gard Academy\Code\3.Interupt\Interupt\EWARM\LCD\Obj\Core_13247989168731456611.dir: [2]
    main.o                      456       22       44
    stm32f1xx_hal_msp.o          64
    stm32f1xx_it.o               96
    -------------------------------------------------
    Total:                      616       22       44

D:\Lesson\Gard Academy\Code\3.Interupt\Interupt\EWARM\LCD\Obj\EWARM_18443280873093131863.dir: [3]
    startup_stm32f103xb.o       416
    -------------------------------------------------
    Total:                      416

D:\Lesson\Gard Academy\Code\3.Interupt\Interupt\EWARM\LCD\Obj\LCD_17366074497305254994.dir: [4]
    lcd.o                       234
    -------------------------------------------------
    Total:                      234

D:\Lesson\Gard Academy\Code\3.Interupt\Interupt\EWARM\LCD\Obj\STM32F1xx_HAL_Driver_9701002599162248031.dir: [5]
    stm32f1xx_hal.o             168        5       12
    stm32f1xx_hal_cortex.o      188
    stm32f1xx_hal_gpio.o        504
    stm32f1xx_hal_rcc.o       1'166
    -------------------------------------------------
    Total:                    2'026        5       12

dl7M_tlf.a: [6]
    abort.o                       6
    exit.o                        4
    low_level_init.o              4
    sprintf.o                    64
    xfail_s.o                    64        2        4
    xlocale_c.o                   8       31       56
    xprintffull_nomb.o        3'786
    xsprout.o                    10
    -------------------------------------------------
    Total:                    3'946       33       60

m7M_tl.a: [7]
    DblAddSub.o                 590
    DblCmpGe.o                   52
    DblCmpLe.o                   52
    DblDiv.o                    582
    DblMul.o                    426
    DblToS32.o                   54
    DblToU32.o                   34
    S32ToDbl.o                   34
    U32ToDbl.o                   28
    frexp.o                     112
    ldexp.o                     314
    -------------------------------------------------
    Total:                    2'278

rt7M_tl.a: [8]
    ABImemcpy.o                 166
    ABImemset_small.o            18
    I64DivMod.o                 560
    I64DivZer.o                   2
    cexit.o                      10
    cmain.o                      30
    cstartup_M.o                 28
    data_init.o                  42
    memchr.o                     88
    packbits_init_single.o       58
    strchr.o                     22
    strlen.o                     54
    -------------------------------------------------
    Total:                    1'078

shb_l.a: [9]
    exit.o                       20
    -------------------------------------------------
    Total:                       20

    Gaps                         29        2
    Linker created                        16    1'024
-----------------------------------------------------
    Grand Total:             10'663       80    1'144


*******************************************************************************
*** ENTRY LIST
***

Entry                       Address   Size  Type      Object
-----                       -------   ----  ----      ------
.iar.init_table$$Base    0x800'2894          --   Gb  - Linker created -
.iar.init_table$$Limit   0x800'28a4          --   Gb  - Linker created -
?main                    0x800'28a5         Code  Gb  cmain.o [8]
ADC1_2_IRQHandler        0x800'295d         Code  Wk  startup_stm32f103xb.o [3]
AHBPrescTable            0x800'28f8   0x10  Data  Gb  system_stm32f1xx.o [1]
BusFault_Handler         0x800'246b    0x2  Code  Gb  stm32f1xx_it.o [2]
CAN1_RX1_IRQHandler      0x800'2969         Code  Wk  startup_stm32f103xb.o [3]
CAN1_SCE_IRQHandler      0x800'296d         Code  Wk  startup_stm32f103xb.o [3]
CSTACK$$Base            0x2000'0078          --   Gb  - Linker created -
CSTACK$$Limit           0x2000'0478          --   Gb  - Linker created -
DMA1_Channel1_IRQHandler
                         0x800'2941         Code  Wk  startup_stm32f103xb.o [3]
DMA1_Channel2_IRQHandler
                         0x800'2945         Code  Wk  startup_stm32f103xb.o [3]
DMA1_Channel3_IRQHandler
                         0x800'2949         Code  Wk  startup_stm32f103xb.o [3]
DMA1_Channel4_IRQHandler
                         0x800'294d         Code  Wk  startup_stm32f103xb.o [3]
DMA1_Channel5_IRQHandler
                         0x800'2951         Code  Wk  startup_stm32f103xb.o [3]
DMA1_Channel6_IRQHandler
                         0x800'2955         Code  Wk  startup_stm32f103xb.o [3]
DMA1_Channel7_IRQHandler
                         0x800'2959         Code  Wk  startup_stm32f103xb.o [3]
DebugMon_Handler         0x800'2471    0x2  Code  Gb  stm32f1xx_it.o [2]
EXTI0_IRQHandler         0x800'2931         Code  Wk  startup_stm32f103xb.o [3]
EXTI15_10_IRQHandler     0x800'2487   0x16  Code  Gb  stm32f1xx_it.o [2]
EXTI1_IRQHandler         0x800'2935         Code  Wk  startup_stm32f103xb.o [3]
EXTI2_IRQHandler         0x800'2479    0xe  Code  Gb  stm32f1xx_it.o [2]
EXTI3_IRQHandler         0x800'2939         Code  Wk  startup_stm32f103xb.o [3]
EXTI4_IRQHandler         0x800'293d         Code  Wk  startup_stm32f103xb.o [3]
EXTI9_5_IRQHandler       0x800'2971         Code  Wk  startup_stm32f103xb.o [3]
Error_Handler            0x800'2669    0x4  Code  Gb  main.o [2]
FLASH_IRQHandler         0x800'2929         Code  Wk  startup_stm32f103xb.o [3]
HAL_Delay                0x800'27c1   0x28  Code  Wk  stm32f1xx_hal.o [5]
HAL_GPIO_EXTI_Callback   0x800'249d   0x1a  Code  Gb  stm32f1xx_it.o [2]
HAL_GPIO_EXTI_IRQHandler
                         0x800'2419   0x12  Code  Gb  stm32f1xx_hal_gpio.o [5]
HAL_GPIO_Init            0x800'226d  0x1a4  Code  Gb  stm32f1xx_hal_gpio.o [5]
HAL_GPIO_WritePin        0x800'2411    0x8  Code  Gb  stm32f1xx_hal_gpio.o [5]
HAL_GetTick              0x800'2165    0xc  Code  Wk  stm32f1xx_hal.o [5]
HAL_IncTick              0x800'24c5   0x10  Code  Wk  stm32f1xx_hal.o [5]
HAL_Init                 0x800'269d   0x20  Code  Gb  stm32f1xx_hal.o [5]
HAL_InitTick             0x800'2171   0x40  Code  Wk  stm32f1xx_hal.o [5]
HAL_MspInit              0x800'2829   0x40  Code  Gb  stm32f1xx_hal_msp.o [2]
HAL_NVIC_EnableIRQ       0x800'221d   0x16  Code  Gb  stm32f1xx_hal_cortex.o [5]
HAL_NVIC_SetPriority     0x800'21df   0x3e  Code  Gb  stm32f1xx_hal_cortex.o [5]
HAL_NVIC_SetPriorityGrouping
                         0x800'21cb   0x14  Code  Gb  stm32f1xx_hal_cortex.o [5]
HAL_RCC_ClockConfig      0x800'1fd7  0x116  Code  Gb  stm32f1xx_hal_rcc.o [5]
HAL_RCC_GetSysClockFreq
                         0x800'20ed   0x38  Code  Gb  stm32f1xx_hal_rcc.o [5]
HAL_RCC_GetSysClockFreq::aPLLMULFactorTable
                         0x800'2150   0x10  Data  Lc  stm32f1xx_hal_rcc.o [5]
HAL_RCC_GetSysClockFreq::aPredivFactorTable
                         0x800'2160    0x2  Data  Lc  stm32f1xx_hal_rcc.o [5]
HAL_RCC_OscConfig        0x800'1cd5  0x2fa  Code  Gb  stm32f1xx_hal_rcc.o [5]
HAL_SYSTICK_Config       0x800'2233   0x22  Code  Gb  stm32f1xx_hal_cortex.o [5]
HardFault_Handler        0x800'2467    0x2  Code  Gb  stm32f1xx_it.o [2]
I2C1_ER_IRQHandler       0x800'2995         Code  Wk  startup_stm32f103xb.o [3]
I2C1_EV_IRQHandler       0x800'2991         Code  Wk  startup_stm32f103xb.o [3]
I2C2_ER_IRQHandler       0x800'299d         Code  Wk  startup_stm32f103xb.o [3]
I2C2_EV_IRQHandler       0x800'2999         Code  Wk  startup_stm32f103xb.o [3]
MemManage_Handler        0x800'2469    0x2  Code  Gb  stm32f1xx_it.o [2]
NMI_Handler              0x800'2465    0x2  Code  Gb  stm32f1xx_it.o [2]
PB10                    0x2000'0049    0x1  Data  Gb  main.o [2]
PB11                    0x2000'004a    0x1  Data  Gb  main.o [2]
PB2                     0x2000'0048    0x1  Data  Gb  main.o [2]
PVD_IRQHandler           0x800'291d         Code  Wk  startup_stm32f103xb.o [3]
PendSV_Handler           0x800'2473    0x2  Code  Gb  stm32f1xx_it.o [2]
RCC_IRQHandler           0x800'292d         Code  Wk  startup_stm32f103xb.o [3]
RTC_Alarm_IRQHandler     0x800'29b5         Code  Wk  startup_stm32f103xb.o [3]
RTC_IRQHandler           0x800'2925         Code  Wk  startup_stm32f103xb.o [3]
Region$$Table$$Base      0x800'2894          --   Gb  - Linker created -
Region$$Table$$Limit     0x800'28a4          --   Gb  - Linker created -
Reset_Handler            0x800'2909         Code  Wk  startup_stm32f103xb.o [3]
SPI1_IRQHandler          0x800'29a1         Code  Wk  startup_stm32f103xb.o [3]
SPI2_IRQHandler          0x800'29a5         Code  Wk  startup_stm32f103xb.o [3]
SVC_Handler              0x800'246f    0x2  Code  Gb  stm32f1xx_it.o [2]
SysTick_Handler          0x800'2475    0x4  Code  Gb  stm32f1xx_it.o [2]
SystemClock_Config       0x800'2617   0x52  Code  Gb  main.o [2]
SystemCoreClock         0x2000'000c    0x4  Data  Gb  system_stm32f1xx.o [1]
SystemInit               0x800'28f5    0x2  Code  Gb  system_stm32f1xx.o [1]
TAMPER_IRQHandler        0x800'2921         Code  Wk  startup_stm32f103xb.o [3]
TIM1_BRK_IRQHandler      0x800'2975         Code  Wk  startup_stm32f103xb.o [3]
TIM1_CC_IRQHandler       0x800'2981         Code  Wk  startup_stm32f103xb.o [3]
TIM1_TRG_COM_IRQHandler
                         0x800'297d         Code  Wk  startup_stm32f103xb.o [3]
TIM1_UP_IRQHandler       0x800'2979         Code  Wk  startup_stm32f103xb.o [3]
TIM2_IRQHandler          0x800'2985         Code  Wk  startup_stm32f103xb.o [3]
TIM3_IRQHandler          0x800'2989         Code  Wk  startup_stm32f103xb.o [3]
TIM4_IRQHandler          0x800'298d         Code  Wk  startup_stm32f103xb.o [3]
USART1_IRQHandler        0x800'29a9         Code  Wk  startup_stm32f103xb.o [3]
USART2_IRQHandler        0x800'29ad         Code  Wk  startup_stm32f103xb.o [3]
USART3_IRQHandler        0x800'29b1         Code  Wk  startup_stm32f103xb.o [3]
USBWakeUp_IRQHandler     0x800'29b9         Code  Wk  startup_stm32f103xb.o [3]
USB_HP_CAN1_TX_IRQHandler
                         0x800'2961         Code  Wk  startup_stm32f103xb.o [3]
USB_LP_CAN1_RX0_IRQHandler
                         0x800'2965         Code  Wk  startup_stm32f103xb.o [3]
UsageFault_Handler       0x800'246d    0x2  Code  Gb  stm32f1xx_it.o [2]
WWDG_IRQHandler          0x800'2919         Code  Wk  startup_stm32f103xb.o [3]
_LC                      0x800'00ed    0x6  Code  Lc  xprintffull_nomb.o [6]
_LitobFullNoMb           0x800'0dd9  0x10c  Code  Lc  xprintffull_nomb.o [6]
_Locale_lconv           0x2000'0010   0x38  Data  Lc  xlocale_c.o [6]
_PrintfFullNoMb          0x800'00f3  0xcb6  Code  Gb  xprintffull_nomb.o [6]
_PutcharsFullNoMb        0x800'0f41   0x2e  Code  Lc  xprintffull_nomb.o [6]
_SProut                  0x800'1007    0xa  Code  Gb  xsprout.o [6]
__NVIC_SetPriority       0x800'21b1   0x1a  Code  Lc  stm32f1xx_hal_cortex.o [5]
__aeabi_cdcmple          0x800'11f9         Code  Gb  DblCmpLe.o [7]
__aeabi_cdrcmple         0x800'122d         Code  Gb  DblCmpGe.o [7]
__aeabi_d2iz             0x800'139d         Code  Gb  DblToS32.o [7]
__aeabi_d2uiz            0x800'1891         Code  Gb  DblToU32.o [7]
__aeabi_ddiv             0x800'1649         Code  Gb  DblDiv.o [7]
__aeabi_dmul             0x800'18d1         Code  Gb  DblMul.o [7]
__aeabi_dsub             0x800'1565         Code  Gb  DblAddSub.o [7]
__aeabi_i2d              0x800'13d5         Code  Gb  S32ToDbl.o [7]
__aeabi_ldiv0            0x800'1cbd         Code  Gb  I64DivZer.o [8]
__aeabi_memcpy           0x800'10e1         Code  Gb  ABImemcpy.o [8]
__aeabi_memcpy4          0x800'1101         Code  Gb  ABImemcpy.o [8]
__aeabi_memcpy8          0x800'1101         Code  Gb  ABImemcpy.o [8]
__aeabi_ui2d             0x800'18b5         Code  Gb  U32ToDbl.o [7]
__aeabi_uldivmod         0x800'1a85         Code  Gb  I64DivMod.o [8]
__cmain                  0x800'28a5         Code  Gb  cmain.o [8]
__exit                   0x800'1cc1   0x14  Code  Gb  exit.o [9]
__iar_Fail_s             0x800'1011   0x1c  Code  Gb  xfail_s.o [6]
__iar_Memchr             0x800'1089         Code  Gb  memchr.o [8]
__iar_Strchr             0x800'0ff1         Code  Gb  strchr.o [8]
__iar_data_init3         0x800'2869   0x18  Code  Gb  data_init.o [8]
__iar_frexp              0x800'1195         Code  Gb  frexp.o [7]
__iar_frexp64            0x800'1189         Code  Gb  frexp.o [7]
__iar_frexpl             0x800'1195         Code  Gb  frexp.o [7]
__iar_ldexp64            0x800'1261         Code  Gb  ldexp.o [7]
__iar_packbits_init_single3
                         0x800'0fb7   0x3a  Code  Gb  packbits_init_single.o [8]
__iar_program_start      0x800'28d9         Code  Gb  cstartup_M.o [8]
__iar_scalbln64          0x800'1261         Code  Gb  ldexp.o [7]
__iar_scalbn64           0x800'1261         Code  Gb  ldexp.o [7]
__iar_small_Memset       0x800'26c1         Code  Gb  ABImemset_small.o [8]
__iar_small_Memset_word
                         0x800'26c1         Code  Gb  ABImemset_small.o [8]
__iar_small_memset       0x800'26c1         Code  Gb  ABImemset_small.o [8]
__low_level_init         0x800'28c3    0x4  Code  Gb  low_level_init.o [6]
__vector_table           0x800'0000         Data  Gb  startup_stm32f103xb.o [3]
_call_main               0x800'28b1         Code  Gb  cmain.o [8]
_exit                    0x800'28cd         Code  Gb  cexit.o [8]
abort                    0x800'1cb5    0x6  Code  Gb  abort.o [6]
exit                     0x800'28c7    0x4  Code  Gb  exit.o [6]
frexp                    0x800'1189         Code  Gb  frexp.o [7]
frexpl                   0x800'1189         Code  Gb  frexp.o [7]
lcd_clear                0x800'27a3   0x14  Code  Gb  lcd.o [4]
lcd_gotoxy               0x800'276d   0x36  Code  Gb  lcd.o [4]
lcd_init                 0x800'2735   0x1c  Code  Gb  lcd.o [4]
lcd_putchar              0x800'26e1    0xa  Code  Gb  lcd.o [4]
lcd_puts                 0x800'2751   0x1a  Code  Gb  lcd.o [4]
ldexp                    0x800'1261         Code  Gb  ldexp.o [7]
ldexpl                   0x800'1261         Code  Gb  ldexp.o [7]
localeconv               0x800'1a7d    0x4  Code  Gb  xlocale_c.o [6]
main                     0x800'24d5  0x11c  Code  Gb  main.o [2]
memchr                   0x800'1089         Code  Gb  memchr.o [8]
scalbln                  0x800'1261         Code  Gb  ldexp.o [7]
scalblnl                 0x800'1261         Code  Gb  ldexp.o [7]
scalbn                   0x800'1261         Code  Gb  ldexp.o [7]
scalbnl                  0x800'1261         Code  Gb  ldexp.o [7]
scale                    0x800'0eeb   0x46  Code  Lc  xprintffull_nomb.o [6]
sec_hand                0x2000'0074    0x4  Data  Lc  xfail_s.o [6]
send_command             0x800'26d5    0xc  Code  Gb  lcd.o [4]
sprintf                  0x800'27e9   0x40  Code  Gb  sprintf.o [6]
str                     0x2000'004c   0x14  Data  Gb  main.o [2]
str2                    0x2000'0060   0x14  Data  Gb  main.o [2]
strchr                   0x800'0ff1         Code  Gb  strchr.o [8]
strlen                   0x800'1051         Code  Gb  strlen.o [8]
uwTick                  0x2000'0004    0x4  Data  Gb  stm32f1xx_hal.o [5]
uwTickFreq              0x2000'0000    0x1  Data  Gb  stm32f1xx_hal.o [5]
uwTickPrio              0x2000'0008    0x4  Data  Gb  stm32f1xx_hal.o [5]


[1] = D:\Lesson\Gard Academy\Code\3.Interupt\Interupt\EWARM\LCD\Obj\CMSIS_6603591812247902717.dir
[2] = D:\Lesson\Gard Academy\Code\3.Interupt\Interupt\EWARM\LCD\Obj\Core_13247989168731456611.dir
[3] = D:\Lesson\Gard Academy\Code\3.Interupt\Interupt\EWARM\LCD\Obj\EWARM_18443280873093131863.dir
[4] = D:\Lesson\Gard Academy\Code\3.Interupt\Interupt\EWARM\LCD\Obj\LCD_17366074497305254994.dir
[5] = D:\Lesson\Gard Academy\Code\3.Interupt\Interupt\EWARM\LCD\Obj\STM32F1xx_HAL_Driver_9701002599162248031.dir
[6] = dl7M_tlf.a
[7] = m7M_tl.a
[8] = rt7M_tl.a
[9] = shb_l.a

  10'663 bytes of readonly  code memory
      80 bytes of readonly  data memory
   1'144 bytes of readwrite data memory

Errors: none
Warnings: none
