Archive member included to satisfy reference by file (symbol)

C:/ST/STM32CubeIDE_1.16.0/STM32CubeIDE/plugins/com.st.stm32cube.ide.mcu.externaltools.gnu-tools-for-stm32.12.3.rel1.win32_1.0.200.202406191623/tools/bin/../lib/gcc/arm-none-eabi/12.3.1/../../../../arm-none-eabi/lib/thumb/v7-m/nofp\libc_nano.a(libc_a-atoi.o)
                              ./Core/Src/NMEA.o (atoi)
C:/ST/STM32CubeIDE_1.16.0/STM32CubeIDE/plugins/com.st.stm32cube.ide.mcu.externaltools.gnu-tools-for-stm32.12.3.rel1.win32_1.0.200.202406191623/tools/bin/../lib/gcc/arm-none-eabi/12.3.1/../../../../arm-none-eabi/lib/thumb/v7-m/nofp\libc_nano.a(libc_a-exit.o)
                              C:/ST/STM32CubeIDE_1.16.0/STM32CubeIDE/plugins/com.st.stm32cube.ide.mcu.externaltools.gnu-tools-for-stm32.12.3.rel1.win32_1.0.200.202406191623/tools/bin/../lib/gcc/arm-none-eabi/12.3.1/../../../../arm-none-eabi/lib/thumb/v7-m/nofp/crt0.o (exit)
C:/ST/STM32CubeIDE_1.16.0/STM32CubeIDE/plugins/com.st.stm32cube.ide.mcu.externaltools.gnu-tools-for-stm32.12.3.rel1.win32_1.0.200.202406191623/tools/bin/../lib/gcc/arm-none-eabi/12.3.1/../../../../arm-none-eabi/lib/thumb/v7-m/nofp\libc_nano.a(libc_a-strtol.o)
                              C:/ST/STM32CubeIDE_1.16.0/STM32CubeIDE/plugins/com.st.stm32cube.ide.mcu.externaltools.gnu-tools-for-stm32.12.3.rel1.win32_1.0.200.202406191623/tools/bin/../lib/gcc/arm-none-eabi/12.3.1/../../../../arm-none-eabi/lib/thumb/v7-m/nofp\libc_nano.a(libc_a-atoi.o) (_strtol_r)
C:/ST/STM32CubeIDE_1.16.0/STM32CubeIDE/plugins/com.st.stm32cube.ide.mcu.externaltools.gnu-tools-for-stm32.12.3.rel1.win32_1.0.200.202406191623/tools/bin/../lib/gcc/arm-none-eabi/12.3.1/../../../../arm-none-eabi/lib/thumb/v7-m/nofp\libc_nano.a(libc_a-ctype_.o)
                              C:/ST/STM32CubeIDE_1.16.0/STM32CubeIDE/plugins/com.st.stm32cube.ide.mcu.externaltools.gnu-tools-for-stm32.12.3.rel1.win32_1.0.200.202406191623/tools/bin/../lib/gcc/arm-none-eabi/12.3.1/../../../../arm-none-eabi/lib/thumb/v7-m/nofp\libc_nano.a(libc_a-strtol.o) (_ctype_)
C:/ST/STM32CubeIDE_1.16.0/STM32CubeIDE/plugins/com.st.stm32cube.ide.mcu.externaltools.gnu-tools-for-stm32.12.3.rel1.win32_1.0.200.202406191623/tools/bin/../lib/gcc/arm-none-eabi/12.3.1/../../../../arm-none-eabi/lib/thumb/v7-m/nofp\libc_nano.a(libc_a-findfp.o)
                              C:/ST/STM32CubeIDE_1.16.0/STM32CubeIDE/plugins/com.st.stm32cube.ide.mcu.externaltools.gnu-tools-for-stm32.12.3.rel1.win32_1.0.200.202406191623/tools/bin/../lib/gcc/arm-none-eabi/12.3.1/../../../../arm-none-eabi/lib/thumb/v7-m/nofp\libc_nano.a(libc_a-exit.o) (__stdio_exit_handler)
C:/ST/STM32CubeIDE_1.16.0/STM32CubeIDE/plugins/com.st.stm32cube.ide.mcu.externaltools.gnu-tools-for-stm32.12.3.rel1.win32_1.0.200.202406191623/tools/bin/../lib/gcc/arm-none-eabi/12.3.1/../../../../arm-none-eabi/lib/thumb/v7-m/nofp\libc_nano.a(libc_a-fwalk.o)
                              C:/ST/STM32CubeIDE_1.16.0/STM32CubeIDE/plugins/com.st.stm32cube.ide.mcu.externaltools.gnu-tools-for-stm32.12.3.rel1.win32_1.0.200.202406191623/tools/bin/../lib/gcc/arm-none-eabi/12.3.1/../../../../arm-none-eabi/lib/thumb/v7-m/nofp\libc_nano.a(libc_a-findfp.o) (_fwalk_sglue)
C:/ST/STM32CubeIDE_1.16.0/STM32CubeIDE/plugins/com.st.stm32cube.ide.mcu.externaltools.gnu-tools-for-stm32.12.3.rel1.win32_1.0.200.202406191623/tools/bin/../lib/gcc/arm-none-eabi/12.3.1/../../../../arm-none-eabi/lib/thumb/v7-m/nofp\libc_nano.a(libc_a-stdio.o)
                              C:/ST/STM32CubeIDE_1.16.0/STM32CubeIDE/plugins/com.st.stm32cube.ide.mcu.externaltools.gnu-tools-for-stm32.12.3.rel1.win32_1.0.200.202406191623/tools/bin/../lib/gcc/arm-none-eabi/12.3.1/../../../../arm-none-eabi/lib/thumb/v7-m/nofp\libc_nano.a(libc_a-findfp.o) (__sread)
C:/ST/STM32CubeIDE_1.16.0/STM32CubeIDE/plugins/com.st.stm32cube.ide.mcu.externaltools.gnu-tools-for-stm32.12.3.rel1.win32_1.0.200.202406191623/tools/bin/../lib/gcc/arm-none-eabi/12.3.1/../../../../arm-none-eabi/lib/thumb/v7-m/nofp\libc_nano.a(libc_a-memset.o)
                              C:/ST/STM32CubeIDE_1.16.0/STM32CubeIDE/plugins/com.st.stm32cube.ide.mcu.externaltools.gnu-tools-for-stm32.12.3.rel1.win32_1.0.200.202406191623/tools/bin/../lib/gcc/arm-none-eabi/12.3.1/../../../../arm-none-eabi/lib/thumb/v7-m/nofp/crt0.o (memset)
C:/ST/STM32CubeIDE_1.16.0/STM32CubeIDE/plugins/com.st.stm32cube.ide.mcu.externaltools.gnu-tools-for-stm32.12.3.rel1.win32_1.0.200.202406191623/tools/bin/../lib/gcc/arm-none-eabi/12.3.1/../../../../arm-none-eabi/lib/thumb/v7-m/nofp\libc_nano.a(libc_a-closer.o)
                              C:/ST/STM32CubeIDE_1.16.0/STM32CubeIDE/plugins/com.st.stm32cube.ide.mcu.externaltools.gnu-tools-for-stm32.12.3.rel1.win32_1.0.200.202406191623/tools/bin/../lib/gcc/arm-none-eabi/12.3.1/../../../../arm-none-eabi/lib/thumb/v7-m/nofp\libc_nano.a(libc_a-stdio.o) (_close_r)
[...]
Memory Configuration

Name             Origin             Length             Attributes
RAM              0x20000000         0x00005000         xrw
FLASH            0x08000000         0x00010000         xr
*default*        0x00000000         0xffffffff

Linker script and memory map

LOAD C:/ST/STM32CubeIDE_1.16.0/STM32CubeIDE/plugins/com.st.stm32cube.ide.mcu.externaltools.gnu-tools-for-stm32.12.3.rel1.win32_1.0.200.202406191623/tools/bin/../lib/gcc/arm-none-eabi/12.3.1/thumb/v7-m/nofp/crti.o
LOAD C:/ST/STM32CubeIDE_1.16.0/STM32CubeIDE/plugins/com.st.stm32cube.ide.mcu.externaltools.gnu-tools-for-stm32.12.3.rel1.win32_1.0.200.202406191623/tools/bin/../lib/gcc/arm-none-eabi/12.3.1/thumb/v7-m/nofp/crtbegin.o
LOAD C:/ST/STM32CubeIDE_1.16.0/STM32CubeIDE/plugins/com.st.stm32cube.ide.mcu.externaltools.gnu-tools-for-stm32.12.3.rel1.win32_1.0.200.202406191623/tools/bin/../lib/gcc/arm-none-eabi/12.3.1/../../../../arm-none-eabi/lib/thumb/v7-m/nofp/crt0.o
LOAD ./Core/Src/NMEA.o
LOAD ./Core/Src/main.o
LOAD ./Core/Src/stm32f1xx_hal_msp.o
LOAD ./Core/Src/stm32f1xx_it.o
LOAD ./Core/Src/syscalls.o
LOAD ./Core/Src/sysmem.o
LOAD ./Core/Src/system_stm32f1xx.o
LOAD ./Core/Src/uartRingBuffer.o
LOAD ./Core/Startup/startup_stm32f103c8tx.o
LOAD ./Drivers/STM32F1xx_HAL_Driver/Src/stm32f1xx_hal.o
LOAD ./Drivers/STM32F1xx_HAL_Driver/Src/stm32f1xx_hal_cortex.o
LOAD ./Drivers/STM32F1xx_HAL_Driver/Src/stm32f1xx_hal_dma.o
LOAD ./Drivers/STM32F1xx_HAL_Driver/Src/stm32f1xx_hal_exti.o
LOAD ./Drivers/STM32F1xx_HAL_Driver/Src/stm32f1xx_hal_flash.o
LOAD ./Drivers/STM32F1xx_HAL_Driver/Src/stm32f1xx_hal_flash_ex.o
LOAD ./Drivers/STM32F1xx_HAL_Driver/Src/stm32f1xx_hal_gpio.o
LOAD ./Drivers/STM32F1xx_HAL_Driver/Src/stm32f1xx_hal_gpio_ex.o
LOAD ./Drivers/STM32F1xx_HAL_Driver/Src/stm32f1xx_hal_pwr.o
LOAD ./Drivers/STM32F1xx_HAL_Driver/Src/stm32f1xx_hal_rcc.o
LOAD ./Drivers/STM32F1xx_HAL_Driver/Src/stm32f1xx_hal_rcc_ex.o
LOAD ./Drivers/STM32F1xx_HAL_Driver/Src/stm32f1xx_hal_tim.o
LOAD ./Drivers/STM32F1xx_HAL_Driver/Src/stm32f1xx_hal_tim_ex.o
LOAD ./Drivers/STM32F1xx_HAL_Driver/Src/stm32f1xx_hal_uart.o
START GROUP
LOAD C:/ST/STM32CubeIDE_1.16.0/STM32CubeIDE/plugins/com.st.stm32cube.ide.mcu.externaltools.gnu-tools-for-stm32.12.3.rel1.win32_1.0.200.202406191623/tools/bin/../lib/gcc/arm-none-eabi/12.3.1/../../../../arm-none-eabi/lib/thumb/v7-m/nofp\libc_nano.a
LOAD C:/ST/STM32CubeIDE_1.16.0/STM32CubeIDE/plugins/com.st.stm32cube.ide.mcu.externaltools.gnu-tools-for-stm32.12.3.rel1.win32_1.0.200.202406191623/tools/bin/../lib/gcc/arm-none-eabi/12.3.1/../../../../arm-none-eabi/lib/thumb/v7-m/nofp\libm.a
END GROUP
START GROUP
LOAD C:/ST/STM32CubeIDE_1.16.0/STM32CubeIDE/plugins/com.st.stm32cube.ide.mcu.externaltools.gnu-tools-for-stm32.12.3.rel1.win32_1.0.200.202406191623/tools/bin/../lib/gcc/arm-none-eabi/12.3.1/thumb/v7-m/nofp\libgcc.a
LOAD C:/ST/STM32CubeIDE_1.16.0/STM32CubeIDE/plugins/com.st.stm32cube.ide.mcu.externaltools.gnu-tools-for-stm32.12.3.rel1.win32_1.0.200.202406191623/tools/bin/../lib/gcc/arm-none-eabi/12.3.1/../../../../arm-none-eabi/lib/thumb/v7-m/nofp\libc_nano.a
END GROUP
START GROUP
LOAD C:/ST/STM32CubeIDE_1.16.0/STM32CubeIDE/plugins/com.st.stm32cube.ide.mcu.externaltools.gnu-tools-for-stm32.12.3.rel1.win32_1.0.200.202406191623/tools/bin/../lib/gcc/arm-none-eabi/12.3.1/thumb/v7-m/nofp\libgcc.a
LOAD C:/ST/STM32CubeIDE_1.16.0/STM32CubeIDE/plugins/com.st.stm32cube.ide.mcu.externaltools.gnu-tools-for-stm32.12.3.rel1.win32_1.0.200.202406191623/tools/bin/../lib/gcc/arm-none-eabi/12.3.1/../../../../arm-none-eabi/lib/thumb/v7-m/nofp\libc_nano.a
LOAD C:/ST/STM32CubeIDE_1.16.0/STM32CubeIDE/plugins/com.st.stm32cube.ide.mcu.externaltools.gnu-tools-for-stm32.12.3.rel1.win32_1.0.200.202406191623/tools/bin/../lib/gcc/arm-none-eabi/12.3.1/../../../../arm-none-eabi/lib/thumb/v7-m/nofp\libnosys.a
END GROUP
START GROUP
LOAD C:/ST/STM32CubeIDE_1.16.0/STM32CubeIDE/plugins/com.st.stm32cube.ide.mcu.externaltools.gnu-tools-for-stm32.12.3.rel1.win32_1.0.200.202406191623/tools/bin/../lib/gcc/arm-none-eabi/12.3.1/thumb/v7-m/nofp\libgcc.a
LOAD C:/ST/STM32CubeIDE_1.16.0/STM32CubeIDE/plugins/com.st.stm32cube.ide.mcu.externaltools.gnu-tools-for-stm32.12.3.rel1.win32_1.0.200.202406191623/tools/bin/../lib/gcc/arm-none-eabi/12.3.1/../../../../arm-none-eabi/lib/thumb/v7-m/nofp\libc_nano.a
LOAD C:/ST/STM32CubeIDE_1.16.0/STM32CubeIDE/plugins/com.st.stm32cube.ide.mcu.externaltools.gnu-tools-for-stm32.12.3.rel1.win32_1.0.200.202406191623/tools/bin/../lib/gcc/arm-none-eabi/12.3.1/../../../../arm-none-eabi/lib/thumb/v7-m/nofp\libnosys.a
END GROUP
LOAD C:/ST/STM32CubeIDE_1.16.0/STM32CubeIDE/plugins/com.st.stm32cube.ide.mcu.externaltools.gnu-tools-for-stm32.12.3.rel1.win32_1.0.200.202406191623/tools/bin/../lib/gcc/arm-none-eabi/12.3.1/thumb/v7-m/nofp/crtend.o
LOAD C:/ST/STM32CubeIDE_1.16.0/STM32CubeIDE/plugins/com.st.stm32cube.ide.mcu.externaltools.gnu-tools-for-stm32.12.3.rel1.win32_1.0.200.202406191623/tools/bin/../lib/gcc/arm-none-eabi/12.3.1/thumb/v7-m/nofp/crtn.o
                0x20005000                        _estack = (ORIGIN (RAM) + LENGTH (RAM))
                0x00000200                        _Min_Heap_Size = 0x200
                0x00000400                        _Min_Stack_Size = 0x400

.isr_vector     0x08000000      0x10c
                0x08000000                        . = ALIGN (0x4)
 *(.isr_vector)
 .isr_vector    0x08000000      0x10c ./Core/Startup/startup_stm32f103c8tx.o
                0x08000000                g_pfnVectors
                0x0800010c                        . = ALIGN (0x4)

.text           0x0800010c     0x1528
                0x0800010c                        . = ALIGN (0x4)
 *(.text)
 .text          0x0800010c       0x40 C:/ST/STM32CubeIDE_1.16.0/STM32CubeIDE/plugins/com.st.stm32cube.ide.mcu.externaltools.gnu-tools-for-stm32.12.3.rel1.win32_1.0.200.202406191623/tools/bin/../lib/gcc/arm-none-eabi/12.3.1/thumb/v7-m/nofp/crtbegin.o
 *(.text*)
 .text.main     0x0800014c       0x1c ./Core/Src/main.o
                0x0800014c                main
 .text.SystemClock_Config
                0x08000168       0x8a ./Core/Src/main.o
                0x08000168                SystemClock_Config
 *fill*         0x080001f2        0x2 
 .text.MX_USART1_UART_Init
                0x080001f4       0x54 ./Core/Src/main.o
 .text.MX_GPIO_Init
                0x08000248       0x5c ./Core/Src/main.o
 .text.Error_Handler
                0x080002a4        0xc ./Core/Src/main.o
                0x080002a4                Error_Handler
 .text.HAL_MspInit
                0x080002b0       0x64 ./Core/Src/stm32f1xx_hal_msp.o
                0x080002b0                HAL_MspInit
 .text.HAL_UART_MspInit
                0x08000314       0xc4 ./Core/Src/stm32f1xx_hal_msp.o
                0x08000314                HAL_UART_MspInit
 .text.NMI_Handler
                0x080003d8        0x8 ./Core/Src/stm32f1xx_it.o
                0x080003d8                NMI_Handler
 .text.HardFault_Handler
                0x080003e0        0x8 ./Core/Src/stm32f1xx_it.o
                0x080003e0                HardFault_Handler
 .text.MemManage_Handler
                0x080003e8        0x8 ./Core/Src/stm32f1xx_it.o
                0x080003e8                MemManage_Handler
 .text.BusFault_Handler
                0x080003f0        0x8 ./Core/Src/stm32f1xx_it.o
                0x080003f0                BusFault_Handler
 .text.UsageFault_Handler
                0x080003f8        0x8 ./Core/Src/stm32f1xx_it.o
                0x080003f8                UsageFault_Handler
 .text.SVC_Handler
                0x08000400        0xc ./Core/Src/stm32f1xx_it.o
                0x08000400                SVC_Handler
 .text.DebugMon_Handler
                0x0800040c        0xc ./Core/Src/stm32f1xx_it.o
                0x0800040c                DebugMon_Handler
 .text.PendSV_Handler
                0x08000418        0xc ./Core/Src/stm32f1xx_it.o
                0x08000418                PendSV_Handler
 .text.SysTick_Handler
                0x08000424       0x24 ./Core/Src/stm32f1xx_it.o
                0x08000424                SysTick_Handler
 .text.USART1_IRQHandler
                0x08000448       0x14 ./Core/Src/stm32f1xx_it.o
                0x08000448                USART1_IRQHandler
 .text.SystemInit
                0x0800045c        0xc ./Core/Src/system_stm32f1xx.o
                0x0800045c                SystemInit
 .text.Ringbuf_init
                0x08000468       0x4c ./Core/Src/uartRingBuffer.o
                0x08000468                Ringbuf_init
 .text.store_char
                0x080004b4       0x44 ./Core/Src/uartRingBuffer.o
                0x080004b4                store_char
 .text.Uart_isr
                0x080004f8       0xbc ./Core/Src/uartRingBuffer.o
                0x080004f8                Uart_isr
 .text.Reset_Handler
                0x080005b4       0x48 ./Core/Startup/startup_stm32f103c8tx.o
                0x080005b4                Reset_Handler
 .text.Default_Handler
                0x080005fc        0x2 ./Core/Startup/startup_stm32f103c8tx.o
                0x080005fc                RTC_Alarm_IRQHandler
                0x080005fc                EXTI2_IRQHandler
                0x080005fc                TIM1_CC_IRQHandler
                0x080005fc                PVD_IRQHandler
                0x080005fc                EXTI3_IRQHandler
                0x080005fc                EXTI0_IRQHandler
                0x080005fc                I2C2_EV_IRQHandler
                0x080005fc                ADC1_2_IRQHandler
                0x080005fc                SPI1_IRQHandler
                0x080005fc                TAMPER_IRQHandler
                0x080005fc                DMA1_Channel4_IRQHandler
                0x080005fc                USART3_IRQHandler
                0x080005fc                RTC_IRQHandler
                0x080005fc                DMA1_Channel7_IRQHandler
                0x080005fc                CAN1_RX1_IRQHandler
                0x080005fc                TIM4_IRQHandler
                0x080005fc                I2C1_EV_IRQHandler
                0x080005fc                DMA1_Channel6_IRQHandler
                0x080005fc                TIM3_IRQHandler
                0x080005fc                RCC_IRQHandler
                0x080005fc                TIM1_TRG_COM_IRQHandler
                0x080005fc                DMA1_Channel1_IRQHandler
                0x080005fc                Default_Handler
                0x080005fc                EXTI15_10_IRQHandler
                0x080005fc                EXTI9_5_IRQHandler
                0x080005fc                SPI2_IRQHandler
                0x080005fc                DMA1_Channel5_IRQHandler
                0x080005fc                EXTI4_IRQHandler
                0x080005fc                USB_LP_CAN1_RX0_IRQHandler
                0x080005fc                USB_HP_CAN1_TX_IRQHandler
                0x080005fc                DMA1_Channel3_IRQHandler
                0x080005fc                TIM1_UP_IRQHandler
                0x080005fc                WWDG_IRQHandler
                0x080005fc                TIM2_IRQHandler
                0x080005fc                TIM1_BRK_IRQHandler
                0x080005fc                EXTI1_IRQHandler
                0x080005fc                USART2_IRQHandler
                0x080005fc                I2C2_ER_IRQHandler
                0x080005fc                DMA1_Channel2_IRQHandler
                0x080005fc                CAN1_SCE_IRQHandler
                0x080005fc                FLASH_IRQHandler
                0x080005fc                I2C1_ER_IRQHandler
                0x080005fc                USBWakeUp_IRQHandler
 *fill*         0x080005fe        0x2 
 .text.HAL_Init
                0x08000600       0x2c ./Drivers/STM32F1xx_HAL_Driver/Src/stm32f1xx_hal.o
                0x08000600                HAL_Init
 .text.HAL_InitTick
                0x0800062c       0x60 ./Drivers/STM32F1xx_HAL_Driver/Src/stm32f1xx_hal.o
                0x0800062c                HAL_InitTick
 .text.HAL_IncTick
                0x0800068c       0x24 ./Drivers/STM32F1xx_HAL_Driver/Src/stm32f1xx_hal.o
                0x0800068c                HAL_IncTick
 .text.HAL_GetTick
                0x080006b0       0x14 ./Drivers/STM32F1xx_HAL_Driver/Src/stm32f1xx_hal.o
                0x080006b0                HAL_GetTick
 .text.__NVIC_SetPriorityGrouping
                0x080006c4       0x48 ./Drivers/STM32F1xx_HAL_Driver/Src/stm32f1xx_hal_cortex.o
 .text.__NVIC_GetPriorityGrouping
                0x0800070c       0x1c ./Drivers/STM32F1xx_HAL_Driver/Src/stm32f1xx_hal_cortex.o
 .text.__NVIC_EnableIRQ
                0x08000728       0x38 ./Drivers/STM32F1xx_HAL_Driver/Src/stm32f1xx_hal_cortex.o
 .text.__NVIC_SetPriority
                0x08000760       0x54 ./Drivers/STM32F1xx_HAL_Driver/Src/stm32f1xx_hal_cortex.o
 .text.NVIC_EncodePriority
                0x080007b4       0x64 ./Drivers/STM32F1xx_HAL_Driver/Src/stm32f1xx_hal_cortex.o
 .text.SysTick_Config
                0x08000818       0x44 ./Drivers/STM32F1xx_HAL_Driver/Src/stm32f1xx_hal_cortex.o
 .text.HAL_NVIC_SetPriorityGrouping
                0x0800085c       0x16 ./Drivers/STM32F1xx_HAL_Driver/Src/stm32f1xx_hal_cortex.o
                0x0800085c                HAL_NVIC_SetPriorityGrouping
 .text.HAL_NVIC_SetPriority
                0x08000872       0x38 ./Drivers/STM32F1xx_HAL_Driver/Src/stm32f1xx_hal_cortex.o
                0x08000872                HAL_NVIC_SetPriority
 .text.HAL_NVIC_EnableIRQ
                0x080008aa       0x1c ./Drivers/STM32F1xx_HAL_Driver/Src/stm32f1xx_hal_cortex.o
                0x080008aa                HAL_NVIC_EnableIRQ
 .text.HAL_SYSTICK_Config
                0x080008c6       0x18 ./Drivers/STM32F1xx_HAL_Driver/Src/stm32f1xx_hal_cortex.o
                0x080008c6                HAL_SYSTICK_Config
 *fill*         0x080008de        0x2 
 .text.HAL_GPIO_Init
                0x080008e0      0x308 ./Drivers/STM32F1xx_HAL_Driver/Src/stm32f1xx_hal_gpio.o
                0x080008e0                HAL_GPIO_Init
 .text.HAL_RCC_OscConfig
                0x08000be8      0x504 ./Drivers/STM32F1xx_HAL_Driver/Src/stm32f1xx_hal_rcc.o
                0x08000be8                HAL_RCC_OscConfig
 .text.HAL_RCC_ClockConfig
                0x080010ec      0x1d4 ./Drivers/STM32F1xx_HAL_Driver/Src/stm32f1xx_hal_rcc.o
                0x080010ec                HAL_RCC_ClockConfig
 .text.HAL_RCC_GetSysClockFreq
                0x080012c0       0xa8 ./Drivers/STM32F1xx_HAL_Driver/Src/stm32f1xx_hal_rcc.o
                0x080012c0                HAL_RCC_GetSysClockFreq
 .text.HAL_RCC_GetHCLKFreq
                0x08001368       0x14 ./Drivers/STM32F1xx_HAL_Driver/Src/stm32f1xx_hal_rcc.o
                0x08001368                HAL_RCC_GetHCLKFreq
 .text.HAL_RCC_GetPCLK1Freq
                0x0800137c       0x28 ./Drivers/STM32F1xx_HAL_Driver/Src/stm32f1xx_hal_rcc.o
                0x0800137c                HAL_RCC_GetPCLK1Freq
 .text.HAL_RCC_GetPCLK2Freq
                0x080013a4       0x28 ./Drivers/STM32F1xx_HAL_Driver/Src/stm32f1xx_hal_rcc.o
                0x080013a4                HAL_RCC_GetPCLK2Freq
 .text.RCC_Delay
                0x080013cc       0x3c ./Drivers/STM32F1xx_HAL_Driver/Src/stm32f1xx_hal_rcc.o
 .text.HAL_UART_Init
                0x08001408       0xa0 ./Drivers/STM32F1xx_HAL_Driver/Src/stm32f1xx_hal_uart.o
                0x08001408                HAL_UART_Init
 .text.UART_SetConfig
                0x080014a8      0x11c ./Drivers/STM32F1xx_HAL_Driver/Src/stm32f1xx_hal_uart.o
 .text.memset   0x080015c4       0x10 C:/ST/STM32CubeIDE_1.16.0/STM32CubeIDE/plugins/com.st.stm32cube.ide.mcu.externaltools.gnu-tools-for-stm32.12.3.rel1.win32_1.0.200.202406191623/tools/bin/../lib/gcc/arm-none-eabi/12.3.1/../../../../arm-none-eabi/lib/thumb/v7-m/nofp\libc_nano.a(libc_a-memset.o)
                0x080015c4                memset
 .text.__libc_init_array
                0x080015d4       0x48 C:/ST/STM32CubeIDE_1.16.0/STM32CubeIDE/plugins/com.st.stm32cube.ide.mcu.externaltools.gnu-tools-for-stm32.12.3.rel1.win32_1.0.200.202406191623/tools/bin/../lib/gcc/arm-none-eabi/12.3.1/../../../../arm-none-eabi/lib/thumb/v7-m/nofp\libc_nano.a(libc_a-init.o)
                0x080015d4                __libc_init_array
 *(.glue_7)
 .glue_7        0x0800161c        0x0 linker stubs
 *(.glue_7t)
 .glue_7t       0x0800161c        0x0 linker stubs
 *(.eh_frame)
 .eh_frame      0x0800161c        0x0 C:/ST/STM32CubeIDE_1.16.0/STM32CubeIDE/plugins/com.st.stm32cube.ide.mcu.externaltools.gnu-tools-for-stm32.12.3.rel1.win32_1.0.200.202406191623/tools/bin/../lib/gcc/arm-none-eabi/12.3.1/thumb/v7-m/nofp/crtbegin.o
 *(.init)
 .init          0x0800161c        0x4 C:/ST/STM32CubeIDE_1.16.0/STM32CubeIDE/plugins/com.st.stm32cube.ide.mcu.externaltools.gnu-tools-for-stm32.12.3.rel1.win32_1.0.200.202406191623/tools/bin/../lib/gcc/arm-none-eabi/12.3.1/thumb/v7-m/nofp/crti.o
                0x0800161c                _init
 .init          0x08001620        0x8 C:/ST/STM32CubeIDE_1.16.0/STM32CubeIDE/plugins/com.st.stm32cube.ide.mcu.externaltools.gnu-tools-for-stm32.12.3.rel1.win32_1.0.200.202406191623/tools/bin/../lib/gcc/arm-none-eabi/12.3.1/thumb/v7-m/nofp/crtn.o
 *(.fini)
 .fini          0x08001628        0x4 C:/ST/STM32CubeIDE_1.16.0/STM32CubeIDE/plugins/com.st.stm32cube.ide.mcu.externaltools.gnu-tools-for-stm32.12.3.rel1.win32_1.0.200.202406191623/tools/bin/../lib/gcc/arm-none-eabi/12.3.1/thumb/v7-m/nofp/crti.o
                0x08001628                _fini
 .fini          0x0800162c        0x8 C:/ST/STM32CubeIDE_1.16.0/STM32CubeIDE/plugins/com.st.stm32cube.ide.mcu.externaltools.gnu-tools-for-stm32.12.3.rel1.win32_1.0.200.202406191623/tools/bin/../lib/gcc/arm-none-eabi/12.3.1/thumb/v7-m/nofp/crtn.o
                0x08001634                        . = ALIGN (0x4)
                0x08001634                        _etext = .

.vfp11_veneer   0x08001634        0x0
 .vfp11_veneer  0x08001634        0x0 linker stubs

.v4_bx          0x08001634        0x0
 .v4_bx         0x08001634        0x0 linker stubs

.iplt           0x08001634        0x0
 .iplt          0x08001634        0x0 C:/ST/STM32CubeIDE_1.16.0/STM32CubeIDE/plugins/com.st.stm32cube.ide.mcu.externaltools.gnu-tools-for-stm32.12.3.rel1.win32_1.0.200.202406191623/tools/bin/../lib/gcc/arm-none-eabi/12.3.1/thumb/v7-m/nofp/crtbegin.o

.rodata         0x08001634       0x2c
                0x08001634                        . = ALIGN (0x4)
 *(.rodata)
 *(.rodata*)
 .rodata.AHBPrescTable
                0x08001634       0x10 ./Core/Src/system_stm32f1xx.o
                0x08001634                AHBPrescTable
 .rodata.APBPrescTable
                0x08001644        0x8 ./Core/Src/system_stm32f1xx.o
                0x08001644                APBPrescTable
 .rodata.aPLLMULFactorTable.1
                0x0800164c       0x10 ./Drivers/STM32F1xx_HAL_Driver/Src/stm32f1xx_hal_rcc.o
 .rodata.aPredivFactorTable.0
                0x0800165c        0x2 ./Drivers/STM32F1xx_HAL_Driver/Src/stm32f1xx_hal_rcc.o
                0x08001660                        . = ALIGN (0x4)
 *fill*         0x0800165e        0x2 

.ARM.extab      0x08001660        0x0
                0x08001660                        . = ALIGN (0x4)
 *(.ARM.extab* .gnu.linkonce.armextab.*)
                0x08001660                        . = ALIGN (0x4)

.ARM            0x08001660        0x0
                0x08001660                        . = ALIGN (0x4)
                0x08001660                        __exidx_start = .
 *(.ARM.exidx*)
                0x08001660                        __exidx_end = .
                0x08001660                        . = ALIGN (0x4)

.preinit_array  0x08001660        0x0
                0x08001660                        . = ALIGN (0x4)
                0x08001660                        PROVIDE (__preinit_array_start = .)
 *(.preinit_array*)
                0x08001660                        PROVIDE (__preinit_array_end = .)
                0x08001660                        . = ALIGN (0x4)

.init_array     0x08001660        0x4
                0x08001660                        . = ALIGN (0x4)
                0x08001660                        PROVIDE (__init_array_start = .)
 *(SORT_BY_NAME(.init_array.*))
 *(.init_array*)
 .init_array    0x08001660        0x4 C:/ST/STM32CubeIDE_1.16.0/STM32CubeIDE/plugins/com.st.stm32cube.ide.mcu.externaltools.gnu-tools-for-stm32.12.3.rel1.win32_1.0.200.202406191623/tools/bin/../lib/gcc/arm-none-eabi/12.3.1/thumb/v7-m/nofp/crtbegin.o
                0x08001664                        PROVIDE (__init_array_end = .)
                0x08001664                        . = ALIGN (0x4)

.fini_array     0x08001664        0x4
                0x08001664                        . = ALIGN (0x4)
                [!provide]                        PROVIDE (__fini_array_start = .)
 *(SORT_BY_NAME(.fini_array.*))
 *(.fini_array*)
 .fini_array    0x08001664        0x4 C:/ST/STM32CubeIDE_1.16.0/STM32CubeIDE/plugins/com.st.stm32cube.ide.mcu.externaltools.gnu-tools-for-stm32.12.3.rel1.win32_1.0.200.202406191623/tools/bin/../lib/gcc/arm-none-eabi/12.3.1/thumb/v7-m/nofp/crtbegin.o
                [!provide]                        PROVIDE (__fini_array_end = .)
                0x08001668                        . = ALIGN (0x4)
                0x08001668                        _sidata = LOADADDR (.data)

.rel.dyn        0x08001668        0x0
 .rel.iplt      0x08001668        0x0 C:/ST/STM32CubeIDE_1.16.0/STM32CubeIDE/plugins/com.st.stm32cube.ide.mcu.externaltools.gnu-tools-for-stm32.12.3.rel1.win32_1.0.200.202406191623/tools/bin/../lib/gcc/arm-none-eabi/12.3.1/thumb/v7-m/nofp/crtbegin.o

.data           0x20000000        0xc load address 0x08001668
                0x20000000                        . = ALIGN (0x4)
                0x20000000                        _sdata = .
 *(.data)
 *(.data*)
 .data.SystemCoreClock
                0x20000000        0x4 ./Core/Src/system_stm32f1xx.o
                0x20000000                SystemCoreClock
 .data.uwTickPrio
                0x20000004        0x4 ./Drivers/STM32F1xx_HAL_Driver/Src/stm32f1xx_hal.o
                0x20000004                uwTickPrio
 .data.uwTickFreq
                0x20000008        0x1 ./Drivers/STM32F1xx_HAL_Driver/Src/stm32f1xx_hal.o
                0x20000008                uwTickFreq
 *(.RamFunc)
 *(.RamFunc*)
                0x2000000c                        . = ALIGN (0x4)
 *fill*         0x20000009        0x3 
                0x2000000c                        _edata = .

.igot.plt       0x2000000c        0x0 load address 0x08001674
 .igot.plt      0x2000000c        0x0 C:/ST/STM32CubeIDE_1.16.0/STM32CubeIDE/plugins/com.st.stm32cube.ide.mcu.externaltools.gnu-tools-for-stm32.12.3.rel1.win32_1.0.200.202406191623/tools/bin/../lib/gcc/arm-none-eabi/12.3.1/thumb/v7-m/nofp/crtbegin.o
                0x2000000c                        . = ALIGN (0x4)

.bss            0x2000000c      0x484 load address 0x08001674
                0x2000000c                        _sbss = .
                0x2000000c                        __bss_start__ = _sbss
 *(.bss)
 .bss           0x2000000c       0x1c C:/ST/STM32CubeIDE_1.16.0/STM32CubeIDE/plugins/com.st.stm32cube.ide.mcu.externaltools.gnu-tools-for-stm32.12.3.rel1.win32_1.0.200.202406191623/tools/bin/../lib/gcc/arm-none-eabi/12.3.1/thumb/v7-m/nofp/crtbegin.o
 *(.bss*)
 .bss.huart1    0x20000028       0x48 ./Core/Src/main.o
                0x20000028                huart1
 .bss.timeout   0x20000070        0x2 ./Core/Src/uartRingBuffer.o
                0x20000070                timeout
 *fill*         0x20000072        0x2 
 .bss.rx_buffer
                0x20000074      0x208 ./Core/Src/uartRingBuffer.o
                0x20000074                rx_buffer
 .bss.tx_buffer
                0x2000027c      0x208 ./Core/Src/uartRingBuffer.o
                0x2000027c                tx_buffer
 .bss._rx_buffer
                0x20000484        0x4 ./Core/Src/uartRingBuffer.o
                0x20000484                _rx_buffer
 .bss._tx_buffer
                0x20000488        0x4 ./Core/Src/uartRingBuffer.o
                0x20000488                _tx_buffer
 .bss.uwTick    0x2000048c        0x4 ./Drivers/STM32F1xx_HAL_Driver/Src/stm32f1xx_hal.o
                0x2000048c                uwTick
 *(COMMON)
                0x20000490                        . = ALIGN (0x4)
                0x20000490                        _ebss = .
                0x20000490                        __bss_end__ = _ebss

._user_heap_stack
                0x20000490      0x600 load address 0x08001674
                0x20000490                        . = ALIGN (0x8)
                [!provide]                        PROVIDE (end = .)
                0x20000490                        PROVIDE (_end = .)
                0x20000690                        . = (. + _Min_Heap_Size)
 *fill*         0x20000490      0x200 
                0x20000a90                        . = (. + _Min_Stack_Size)
 *fill*         0x20000690      0x400 
                0x20000a90                        . = ALIGN (0x8)

/DISCARD/
 libc.a(*)
 libm.a(*)
 libgcc.a(*)

.ARM.attributes
                0x00000000       0x29
 *(.ARM.attributes)
 .ARM.attributes
                0x00000000       0x1d C:/ST/STM32CubeIDE_1.16.0/STM32CubeIDE/plugins/com.st.stm32cube.ide.mcu.externaltools.gnu-tools-for-stm32.12.3.rel1.win32_1.0.200.202406191623/tools/bin/../lib/gcc/arm-none-eabi/12.3.1/thumb/v7-m/nofp/crti.o
 .ARM.attributes
                0x0000001d       0x2d C:/ST/STM32CubeIDE_1.16.0/STM32CubeIDE/plugins/com.st.stm32cube.ide.mcu.externaltools.gnu-tools-for-stm32.12.3.rel1.win32_1.0.200.202406191623/tools/bin/../lib/gcc/arm-none-eabi/12.3.1/thumb/v7-m/nofp/crtbegin.o
 .ARM.attributes
                0x0000004a       0x2d ./Core/Src/main.o
 .ARM.attributes
                0x00000077       0x2d ./Core/Src/stm32f1xx_hal_msp.o
 .ARM.attributes
                0x000000a4       0x2d ./Core/Src/stm32f1xx_it.o
 .ARM.attributes
                0x000000d1       0x2d ./Core/Src/system_stm32f1xx.o
 .ARM.attributes
                0x000000fe       0x2d ./Core/Src/uartRingBuffer.o
 .ARM.attributes
                0x0000012b       0x21 ./Core/Startup/startup_stm32f103c8tx.o
 .ARM.attributes
                0x0000014c       0x2d ./Drivers/STM32F1xx_HAL_Driver/Src/stm32f1xx_hal.o
 .ARM.attributes
                0x00000179       0x2d ./Drivers/STM32F1xx_HAL_Driver/Src/stm32f1xx_hal_cortex.o
 .ARM.attributes
                0x000001a6       0x2d ./Drivers/STM32F1xx_HAL_Driver/Src/stm32f1xx_hal_gpio.o
 .ARM.attributes
                0x000001d3       0x2d ./Drivers/STM32F1xx_HAL_Driver/Src/stm32f1xx_hal_rcc.o
 .ARM.attributes
                0x00000200       0x2d ./Drivers/STM32F1xx_HAL_Driver/Src/stm32f1xx_hal_uart.o
 .ARM.attributes
                0x0000022d       0x2d C:/ST/STM32CubeIDE_1.16.0/STM32CubeIDE/plugins/com.st.stm32cube.ide.mcu.externaltools.gnu-tools-for-stm32.12.3.rel1.win32_1.0.200.202406191623/tools/bin/../lib/gcc/arm-none-eabi/12.3.1/../../../../arm-none-eabi/lib/thumb/v7-m/nofp\libc_nano.a(libc_a-memset.o)
 .ARM.attributes
                0x0000025a       0x2d C:/ST/STM32CubeIDE_1.16.0/STM32CubeIDE/plugins/com.st.stm32cube.ide.mcu.externaltools.gnu-tools-for-stm32.12.3.rel1.win32_1.0.200.202406191623/tools/bin/../lib/gcc/arm-none-eabi/12.3.1/../../../../arm-none-eabi/lib/thumb/v7-m/nofp\libc_nano.a(libc_a-init.o)
 .ARM.attributes
                0x00000287       0x1d C:/ST/STM32CubeIDE_1.16.0/STM32CubeIDE/plugins/com.st.stm32cube.ide.mcu.externaltools.gnu-tools-for-stm32.12.3.rel1.win32_1.0.200.202406191623/tools/bin/../lib/gcc/arm-none-eabi/12.3.1/thumb/v7-m/nofp/crtn.o
OUTPUT(GPS.elf elf32-littlearm)
LOAD linker stubs
LOAD C:/ST/STM32CubeIDE_1.16.0/STM32CubeIDE/plugins/com.st.stm32cube.ide.mcu.externaltools.gnu-tools-for-stm32.12.3.rel1.win32_1.0.200.202406191623/tools/bin/../lib/gcc/arm-none-eabi/12.3.1/../../../../arm-none-eabi/lib/thumb/v7-m/nofp\libc.a
LOAD C:/ST/STM32CubeIDE_1.16.0/STM32CubeIDE/plugins/com.st.stm32cube.ide.mcu.externaltools.gnu-tools-for-stm32.12.3.rel1.win32_1.0.200.202406191623/tools/bin/../lib/gcc/arm-none-eabi/12.3.1/../../../../arm-none-eabi/lib/thumb/v7-m/nofp\libm.a
LOAD C:/ST/STM32CubeIDE_1.16.0/STM32CubeIDE/plugins/com.st.stm32cube.ide.mcu.externaltools.gnu-tools-for-stm32.12.3.rel1.win32_1.0.200.202406191623/tools/bin/../lib/gcc/arm-none-eabi/12.3.1/thumb/v7-m/nofp\libgcc.a

.debug_info     0x00000000     0x7274
 .debug_info    0x00000000      0x86c ./Core/Src/main.o
 .debug_info    0x0000086c      0x9a5 ./Core/Src/stm32f1xx_hal_msp.o
 .debug_info    0x00001211      0x5f4 ./Core/Src/stm32f1xx_it.o
 .debug_info    0x00001805      0x222 ./Core/Src/system_stm32f1xx.o
 .debug_info    0x00001a27      0xa25 ./Core/Src/uartRingBuffer.o
 .debug_info    0x0000244c       0x30 ./Core/Startup/startup_stm32f103c8tx.o
 .debug_info    0x0000247c      0x704 ./Drivers/STM32F1xx_HAL_Driver/Src/stm32f1xx_hal.o
 .debug_info    0x00002b80      0xa87 ./Drivers/STM32F1xx_HAL_Driver/Src/stm32f1xx_hal_cortex.o
 .debug_info    0x00003607      0x5ab ./Drivers/STM32F1xx_HAL_Driver/Src/stm32f1xx_hal_gpio.o
 .debug_info    0x00003bb2      0x7d5 ./Drivers/STM32F1xx_HAL_Driver/Src/stm32f1xx_hal_rcc.o
 .debug_info    0x00004387     0x2eed ./Drivers/STM32F1xx_HAL_Driver/Src/stm32f1xx_hal_uart.o

.debug_abbrev   0x00000000     0x16ad
 .debug_abbrev  0x00000000      0x230 ./Core/Src/main.o
 .debug_abbrev  0x00000230      0x1ca ./Core/Src/stm32f1xx_hal_msp.o
 .debug_abbrev  0x000003fa      0x177 ./Core/Src/stm32f1xx_it.o
 .debug_abbrev  0x00000571      0x13f ./Core/Src/system_stm32f1xx.o
 .debug_abbrev  0x000006b0      0x36b ./Core/Src/uartRingBuffer.o
 .debug_abbrev  0x00000a1b       0x24 ./Core/Startup/startup_stm32f103c8tx.o
 .debug_abbrev  0x00000a3f      0x201 ./Drivers/STM32F1xx_HAL_Driver/Src/stm32f1xx_hal.o
 .debug_abbrev  0x00000c40      0x2f8 ./Drivers/STM32F1xx_HAL_Driver/Src/stm32f1xx_hal_cortex.o
 .debug_abbrev  0x00000f38      0x1ca ./Drivers/STM32F1xx_HAL_Driver/Src/stm32f1xx_hal_gpio.o
 .debug_abbrev  0x00001102      0x2b3 ./Drivers/STM32F1xx_HAL_Driver/Src/stm32f1xx_hal_rcc.o
 .debug_abbrev  0x000013b5      0x2f8 ./Drivers/STM32F1xx_HAL_Driver/Src/stm32f1xx_hal_uart.o

.debug_aranges  0x00000000      0x680
 .debug_aranges
                0x00000000       0x40 ./Core/Src/main.o
 .debug_aranges
                0x00000040       0x30 ./Core/Src/stm32f1xx_hal_msp.o
 .debug_aranges
                0x00000070       0x68 ./Core/Src/stm32f1xx_it.o
 .debug_aranges
                0x000000d8       0x28 ./Core/Src/system_stm32f1xx.o
 .debug_aranges
                0x00000100       0x88 ./Core/Src/uartRingBuffer.o
 .debug_aranges
                0x00000188       0x28 ./Core/Startup/startup_stm32f103c8tx.o
 .debug_aranges
                0x000001b0       0xe0 ./Drivers/STM32F1xx_HAL_Driver/Src/stm32f1xx_hal.o
 .debug_aranges
                0x00000290      0x100 ./Drivers/STM32F1xx_HAL_Driver/Src/stm32f1xx_hal_cortex.o
 .debug_aranges
                0x00000390       0x58 ./Drivers/STM32F1xx_HAL_Driver/Src/stm32f1xx_hal_gpio.o
 .debug_aranges
                0x000003e8       0x90 ./Drivers/STM32F1xx_HAL_Driver/Src/stm32f1xx_hal_rcc.o
 .debug_aranges
                0x00000478      0x208 ./Drivers/STM32F1xx_HAL_Driver/Src/stm32f1xx_hal_uart.o

.debug_rnglists
                0x00000000      0x4ff
 .debug_rnglists
                0x00000000       0x2c ./Core/Src/main.o
 .debug_rnglists
                0x0000002c       0x20 ./Core/Src/stm32f1xx_hal_msp.o
 .debug_rnglists
                0x0000004c       0x49 ./Core/Src/stm32f1xx_it.o
 .debug_rnglists
                0x00000095       0x1a ./Core/Src/system_stm32f1xx.o
 .debug_rnglists
                0x000000af       0x72 ./Core/Src/uartRingBuffer.o
 .debug_rnglists
                0x00000121       0x19 ./Core/Startup/startup_stm32f103c8tx.o
 .debug_rnglists
                0x0000013a       0xa3 ./Drivers/STM32F1xx_HAL_Driver/Src/stm32f1xx_hal.o
 .debug_rnglists
                0x000001dd       0xbb ./Drivers/STM32F1xx_HAL_Driver/Src/stm32f1xx_hal_cortex.o
 .debug_rnglists
                0x00000298       0x3f ./Drivers/STM32F1xx_HAL_Driver/Src/stm32f1xx_hal_gpio.o
 .debug_rnglists
                0x000002d7       0x6c ./Drivers/STM32F1xx_HAL_Driver/Src/stm32f1xx_hal_rcc.o
 .debug_rnglists
                0x00000343      0x1bc ./Drivers/STM32F1xx_HAL_Driver/Src/stm32f1xx_hal_uart.o

.debug_macro    0x00000000    0x1515f
 .debug_macro   0x00000000      0x1ab ./Core/Src/main.o
 .debug_macro   0x000001ab      0x215 ./Core/Src/main.o
 .debug_macro   0x000003c0       0x2e ./Core/Src/main.o
 .debug_macro   0x000003ee       0x22 ./Core/Src/main.o
 .debug_macro   0x00000410       0x1c ./Core/Src/main.o
 .debug_macro   0x0000042c       0x22 ./Core/Src/main.o
 .debug_macro   0x0000044e       0xbd ./Core/Src/main.o
 .debug_macro   0x0000050b      0xd23 ./Core/Src/main.o
 .debug_macro   0x0000122e     0xe09e ./Core/Src/main.o
 .debug_macro   0x0000f2cc       0x6d ./Core/Src/main.o
 .debug_macro   0x0000f339     0x34a2 ./Core/Src/main.o
 .debug_macro   0x000127db      0x189 ./Core/Src/main.o
 .debug_macro   0x00012964       0x5c ./Core/Src/main.o
 .debug_macro   0x000129c0      0x5bc ./Core/Src/main.o
 .debug_macro   0x00012f7c      0x289 ./Core/Src/main.o
 .debug_macro   0x00013205      0x1cb ./Core/Src/main.o
 .debug_macro   0x000133d0      0x114 ./Core/Src/main.o
 .debug_macro   0x000134e4      0x1b2 ./Core/Src/main.o
 .debug_macro   0x00013696       0x27 ./Core/Src/main.o
 .debug_macro   0x000136bd      0x136 ./Core/Src/main.o
 .debug_macro   0x000137f3      0x1bc ./Core/Src/main.o
 .debug_macro   0x000139af       0x34 ./Core/Src/main.o
 .debug_macro   0x000139e3       0x3c ./Core/Src/main.o
 .debug_macro   0x00013a1f       0x57 ./Core/Src/main.o
 .debug_macro   0x00013a76       0x87 ./Core/Src/main.o
 .debug_macro   0x00013afd      0x240 ./Core/Src/main.o
 .debug_macro   0x00013d3d      0x140 ./Core/Src/main.o
 .debug_macro   0x00013e7d      0x28e ./Core/Src/main.o
 .debug_macro   0x0001410b       0x83 ./Core/Src/main.o
 .debug_macro   0x0001418e       0x10 ./Core/Src/main.o
 .debug_macro   0x0001419e      0x198 ./Core/Src/stm32f1xx_hal_msp.o
 .debug_macro   0x00014336      0x1ab ./Core/Src/stm32f1xx_it.o
 .debug_macro   0x000144e1      0x18e ./Core/Src/system_stm32f1xx.o
 .debug_macro   0x0001466f      0x278 ./Core/Src/uartRingBuffer.o
 .debug_macro   0x000148e7       0x10 ./Core/Src/uartRingBuffer.o
 .debug_macro   0x000148f7      0x1b2 ./Drivers/STM32F1xx_HAL_Driver/Src/stm32f1xx_hal.o
 .debug_macro   0x00014aa9      0x18e ./Drivers/STM32F1xx_HAL_Driver/Src/stm32f1xx_hal_cortex.o
 .debug_macro   0x00014c37      0x1f9 ./Drivers/STM32F1xx_HAL_Driver/Src/stm32f1xx_hal_gpio.o
 .debug_macro   0x00014e30      0x1a0 ./Drivers/STM32F1xx_HAL_Driver/Src/stm32f1xx_hal_rcc.o
 .debug_macro   0x00014fd0      0x18f ./Drivers/STM32F1xx_HAL_Driver/Src/stm32f1xx_hal_uart.o

.debug_line     0x00000000     0x811c
 .debug_line    0x00000000      0x7b6 ./Core/Src/main.o
 .debug_line    0x000007b6      0x72c ./Core/Src/stm32f1xx_hal_msp.o
 .debug_line    0x00000ee2      0x7cf ./Core/Src/stm32f1xx_it.o
 .debug_line    0x000016b1      0x752 ./Core/Src/system_stm32f1xx.o
 .debug_line    0x00001e03      0xdb9 ./Core/Src/uartRingBuffer.o
 .debug_line    0x00002bbc       0x78 ./Core/Startup/startup_stm32f103c8tx.o
 .debug_line    0x00002c34      0x97f ./Drivers/STM32F1xx_HAL_Driver/Src/stm32f1xx_hal.o
 .debug_line    0x000035b3      0xb6b ./Drivers/STM32F1xx_HAL_Driver/Src/stm32f1xx_hal_cortex.o
 .debug_line    0x0000411e      0xa18 ./Drivers/STM32F1xx_HAL_Driver/Src/stm32f1xx_hal_gpio.o
 .debug_line    0x00004b36      0xd88 ./Drivers/STM32F1xx_HAL_Driver/Src/stm32f1xx_hal_rcc.o
 .debug_line    0x000058be     0x285e ./Drivers/STM32F1xx_HAL_Driver/Src/stm32f1xx_hal_uart.o

.debug_str      0x00000000    0x815f7
 .debug_str     0x00000000    0x7cbc5 ./Core/Src/main.o
                              0x7cf61 (size before relaxing)
 .debug_str     0x0007cbc5      0x38f ./Core/Src/stm32f1xx_hal_msp.o
                              0x7d125 (size before relaxing)
 .debug_str     0x0007cf54       0xec ./Core/Src/stm32f1xx_it.o
                              0x7cdfa (size before relaxing)
 .debug_str     0x0007d040       0x7e ./Core/Src/system_stm32f1xx.o
                              0x7c9b0 (size before relaxing)
 .debug_str     0x0007d0be     0x332f ./Core/Src/uartRingBuffer.o
                              0x8008d (size before relaxing)
 .debug_str     0x000803ed       0x44 ./Core/Startup/startup_stm32f103c8tx.o
                                 0x62 (size before relaxing)
 .debug_str     0x00080431      0x38e ./Drivers/STM32F1xx_HAL_Driver/Src/stm32f1xx_hal.o
                              0x7d0e3 (size before relaxing)
 .debug_str     0x000807bf      0x294 ./Drivers/STM32F1xx_HAL_Driver/Src/stm32f1xx_hal_cortex.o
                              0x7d02f (size before relaxing)
 .debug_str     0x00080a53      0x322 ./Drivers/STM32F1xx_HAL_Driver/Src/stm32f1xx_hal_gpio.o
                              0x7cd36 (size before relaxing)
 .debug_str     0x00080d75      0x229 ./Drivers/STM32F1xx_HAL_Driver/Src/stm32f1xx_hal_rcc.o
                              0x7cddf (size before relaxing)
 .debug_str     0x00080f9e      0x659 ./Drivers/STM32F1xx_HAL_Driver/Src/stm32f1xx_hal_uart.o
                              0x7d450 (size before relaxing)

.comment        0x00000000       0x43
 .comment       0x00000000       0x43 ./Core/Src/main.o
                                 0x44 (size before relaxing)
 .comment       0x00000043       0x44 ./Core/Src/stm32f1xx_hal_msp.o
 .comment       0x00000043       0x44 ./Core/Src/stm32f1xx_it.o
 .comment       0x00000043       0x44 ./Core/Src/system_stm32f1xx.o
 .comment       0x00000043       0x44 ./Core/Src/uartRingBuffer.o
 .comment       0x00000043       0x44 ./Drivers/STM32F1xx_HAL_Driver/Src/stm32f1xx_hal.o
 .comment       0x00000043       0x44 ./Drivers/STM32F1xx_HAL_Driver/Src/stm32f1xx_hal_cortex.o
 .comment       0x00000043       0x44 ./Drivers/STM32F1xx_HAL_Driver/Src/stm32f1xx_hal_gpio.o
 .comment       0x00000043       0x44 ./Drivers/STM32F1xx_HAL_Driver/Src/stm32f1xx_hal_rcc.o
 .comment       0x00000043       0x44 ./Drivers/STM32F1xx_HAL_Driver/Src/stm32f1xx_hal_uart.o

.debug_frame    0x00000000     0x18f4
 .debug_frame   0x00000000       0xac ./Core/Src/main.o
 .debug_frame   0x000000ac       0x80 ./Core/Src/stm32f1xx_hal_msp.o
 .debug_frame   0x0000012c      0x120 ./Core/Src/stm32f1xx_it.o
 .debug_frame   0x0000024c       0x58 ./Core/Src/system_stm32f1xx.o
 .debug_frame   0x000002a4      0x200 ./Core/Src/uartRingBuffer.o
 .debug_frame   0x000004a4      0x334 ./Drivers/STM32F1xx_HAL_Driver/Src/stm32f1xx_hal.o
 .debug_frame   0x000007d8      0x428 ./Drivers/STM32F1xx_HAL_Driver/Src/stm32f1xx_hal_cortex.o
 .debug_frame   0x00000c00      0x14c ./Drivers/STM32F1xx_HAL_Driver/Src/stm32f1xx_hal_gpio.o
 .debug_frame   0x00000d4c      0x218 ./Drivers/STM32F1xx_HAL_Driver/Src/stm32f1xx_hal_rcc.o
 .debug_frame   0x00000f64      0x944 ./Drivers/STM32F1xx_HAL_Driver/Src/stm32f1xx_hal_uart.o
 .debug_frame   0x000018a8       0x20 C:/ST/STM32CubeIDE_1.16.0/STM32CubeIDE/plugins/com.st.stm32cube.ide.mcu.externaltools.gnu-tools-for-stm32.12.3.rel1.win32_1.0.200.202406191623/tools/bin/../lib/gcc/arm-none-eabi/12.3.1/../../../../arm-none-eabi/lib/thumb/v7-m/nofp\libc_nano.a(libc_a-memset.o)
 .debug_frame   0x000018c8       0x2c C:/ST/STM32CubeIDE_1.16.0/STM32CubeIDE/plugins/com.st.stm32cube.ide.mcu.externaltools.gnu-tools-for-stm32.12.3.rel1.win32_1.0.200.202406191623/tools/bin/../lib/gcc/arm-none-eabi/12.3.1/../../../../arm-none-eabi/lib/thumb/v7-m/nofp\libc_nano.a(libc_a-init.o)

.debug_line_str
                0x00000000       0x46
 .debug_line_str
                0x00000000       0x46 ./Core/Startup/startup_stm32f103c8tx.o
