###############################################################################
#
# IAR ELF Linker V9.50.2.385/W64 for ARM                  01/Oct/2024  17:16:15
# Copyright 2007-2024 IAR Systems AB.
#
#    Output file  =
#        D:\Lesson\Gard Academy\Code\9.UART\UART
#        Rec\EWARM\9.UART\Exe\9.UART.out
#    Map file     =
#        D:\Lesson\Gard Academy\Code\9.UART\UART
#        Rec\EWARM\9.UART\List\9.UART.map
#    Command line =
#        -f "D:\Lesson\Gard Academy\Code\9.UART\UART
#        Rec\EWARM\9.UART\Exe\9.UART.out.rsp" ("D:\Lesson\Gard
#        Academy\Code\9.UART\UART
#        Rec\EWARM\9.UART\Obj\LCD_11119715043425136414.dir\lcd.o"
#        "D:\Lesson\Gard Academy\Code\9.UART\UART
#        Rec\EWARM\9.UART\Obj\Core_13247989168731456611.dir\main.o"
#        "D:\Lesson\Gard Academy\Code\9.UART\UART
#        Rec\EWARM\9.UART\Obj\EWARM_18443280873093131863.dir\startup_stm32f103xb.o"
#        "D:\Lesson\Gard Academy\Code\9.UART\UART
#        Rec\EWARM\9.UART\Obj\STM32F1xx_HAL_Driver_9701002599162248031.dir\stm32f1xx_hal.o"
#        "D:\Lesson\Gard Academy\Code\9.UART\UART
#        Rec\EWARM\9.UART\Obj\STM32F1xx_HAL_Driver_9701002599162248031.dir\stm32f1xx_hal_cortex.o"
#        "D:\Lesson\Gard Academy\Code\9.UART\UART
#        Rec\EWARM\9.UART\Obj\STM32F1xx_HAL_Driver_9701002599162248031.dir\stm32f1xx_hal_dma.o"
#        "D:\Lesson\Gard Academy\Code\9.UART\UART
#        Rec\EWARM\9.UART\Obj\STM32F1xx_HAL_Driver_9701002599162248031.dir\stm32f1xx_hal_exti.o"
#        "D:\Lesson\Gard Academy\Code\9.UART\UART
#        Rec\EWARM\9.UART\Obj\STM32F1xx_HAL_Driver_9701002599162248031.dir\stm32f1xx_hal_flash.o"
#        "D:\Lesson\Gard Academy\Code\9.UART\UART
#        Rec\EWARM\9.UART\Obj\STM32F1xx_HAL_Driver_9701002599162248031.dir\stm32f1xx_hal_flash_ex.o"
#        "D:\Lesson\Gard Academy\Code\9.UART\UART
#        Rec\EWARM\9.UART\Obj\STM32F1xx_HAL_Driver_9701002599162248031.dir\stm32f1xx_hal_gpio.o"
#        "D:\Lesson\Gard Academy\Code\9.UART\UART
#        Rec\EWARM\9.UART\Obj\STM32F1xx_HAL_Driver_9701002599162248031.dir\stm32f1xx_hal_gpio_ex.o"
#        "D:\Lesson\Gard Academy\Code\9.UART\UART
#        Rec\EWARM\9.UART\Obj\Core_13247989168731456611.dir\stm32f1xx_hal_msp.o"
#        "D:\Lesson\Gard Academy\Code\9.UART\UART
#        Rec\EWARM\9.UART\Obj\STM32F1xx_HAL_Driver_9701002599162248031.dir\stm32f1xx_hal_pwr.o"
#        "D:\Lesson\Gard Academy\Code\9.UART\UART
#        Rec\EWARM\9.UART\Obj\STM32F1xx_HAL_Driver_9701002599162248031.dir\stm32f1xx_hal_rcc.o"
#        "D:\Lesson\Gard Academy\Code\9.UART\UART
#        Rec\EWARM\9.UART\Obj\STM32F1xx_HAL_Driver_9701002599162248031.dir\stm32f1xx_hal_rcc_ex.o"
#        "D:\Lesson\Gard Academy\Code\9.UART\UART
#        Rec\EWARM\9.UART\Obj\STM32F1xx_HAL_Driver_9701002599162248031.dir\stm32f1xx_hal_tim.o"
#        "D:\Lesson\Gard Academy\Code\9.UART\UART
#        Rec\EWARM\9.UART\Obj\STM32F1xx_HAL_Driver_9701002599162248031.dir\stm32f1xx_hal_tim_ex.o"
#        "D:\Lesson\Gard Academy\Code\9.UART\UART
#        Rec\EWARM\9.UART\Obj\STM32F1xx_HAL_Driver_9701002599162248031.dir\stm32f1xx_hal_uart.o"
#        "D:\Lesson\Gard Academy\Code\9.UART\UART
#        Rec\EWARM\9.UART\Obj\Core_13247989168731456611.dir\stm32f1xx_it.o"
#        "D:\Lesson\Gard Academy\Code\9.UART\UART
#        Rec\EWARM\9.UART\Obj\CMSIS_6603591812247902717.dir\system_stm32f1xx.o"
#        --no_out_extension -o "D:\Lesson\Gard Academy\Code\9.UART\UART
#        Rec\EWARM\9.UART\Exe\9.UART.out" --redirect _Printf=_PrintfFullNoMb
#        --redirect _Scanf=_ScanfFullNoMb --map "D:\Lesson\Gard
#        Academy\Code\9.UART\UART Rec\EWARM\9.UART\List\9.UART.map" --config
#        "D:\Lesson\Gard Academy\Code\9.UART\UART
#        Rec\EWARM/stm32f103xb_flash.icf" --semihosting --entry
#        __iar_program_start --vfe --text_out locale --cpu=Cortex-M3
#        --fpu=None) --dependencies=n "D:\Lesson\Gard Academy\Code\9.UART\UART
#        Rec\EWARM\9.UART\Exe\9.UART.out.iar_deps"
#
###############################################################################

*******************************************************************************
*** RUNTIME MODEL ATTRIBUTES
***

CppFlavor       = *
__CPP_Runtime   = 1
__SystemLibrary = DLib
__dlib_version  = 6


*******************************************************************************
*** HEAP SELECTION
***

The basic heap was selected because --advanced_heap
was not specified and the application did not appear to
be primarily optimized for speed.


*******************************************************************************
*** PLACEMENT SUMMARY
***

"A0":  place at address 0x800'0000 { ro section .intvec };
"P1":  place in [from 0x800'0000 to 0x801'ffff] { ro };
define block CSTACK with size = 1K, alignment = 8 { };
define block HEAP with size = 512, alignment = 8 { };
"P2":  place in [from 0x2000'0000 to 0x2000'4fff] {
          rw, block CSTACK, block HEAP };
initialize by copy { rw };

  Section            Kind         Address  Aligment    Size  Object
  -------            ----         -------  --------    ----  ------
"A0":                                                  0xec
  .intvec            ro code   0x800'0000         4    0xec  startup_stm32f103xb.o [3]
                             - 0x800'00ec              0xec

"P1":                                                0x1354
  .text              ro code   0x800'00ec         4   0x55c  stm32f1xx_hal_uart.o [5]
  .text              ro code   0x800'0648         4    0xc8  stm32f1xx_hal_msp.o [2]
  .text              ro code   0x800'0710         4   0x100  stm32f1xx_hal_dma.o [5]
  .text              ro code   0x800'0810         2     0x2  stm32f1xx_hal_uart.o [5]
  .text              ro code   0x800'0812         2     0x2  stm32f1xx_hal_uart.o [5]
  .text              ro code   0x800'0814         2     0x2  stm32f1xx_hal_uart.o [5]
  .text              ro code   0x800'0816         2     0x2  stm32f1xx_hal_uart.o [5]
  .text              ro code   0x800'0818         4   0x4b6  stm32f1xx_hal_rcc.o [5]
  .text              ro code   0x800'0cce         2    0x2a  copy_init3.o [7]
  .text              ro code   0x800'0cf8         4    0x12  ABImemset_small.o [7]
  .text              ro code   0x800'0d0c         4   0x1e0  stm32f1xx_hal_gpio.o [5]
  .text              ro code   0x800'0eec         4    0xbc  stm32f1xx_hal_cortex.o [5]
  .text              ro code   0x800'0fa8         4     0xc  stm32f1xx_hal.o [5]
  .text              ro code   0x800'0fb4         4    0x40  stm32f1xx_hal.o [5]
  .text              ro code   0x800'0ff4         4   0x114  main.o [2]
  .text              ro code   0x800'1108         4    0x24  stm32f1xx_hal.o [5]
  .text              ro code   0x800'112c         4    0xea  lcd.o [4]
  .text              ro code   0x800'1218         4    0x28  stm32f1xx_hal.o [5]
  .text              ro code   0x800'1240         2    0x38  zero_init3.o [7]
  .text              ro code   0x800'1278         4    0x2a  data_init.o [7]
  .iar.init_table    const     0x800'12a4         4    0x24  - Linker created -
  .text              ro code   0x800'12c8         4    0x20  stm32f1xx_it.o [2]
  .text              ro code   0x800'12e8         4    0x10  stm32f1xx_hal.o [5]
  .text              ro code   0x800'12f8         4    0x1e  cmain.o [7]
  .text              ro code   0x800'1316         2     0x4  low_level_init.o [6]
  .text              ro code   0x800'131a         2     0x4  exit.o [6]
  .text              ro code   0x800'1320         4     0xa  cexit.o [7]
  .text              ro code   0x800'132c         4    0x14  exit.o [8]
  .text              ro code   0x800'1340         4    0x1c  cstartup_M.o [7]
  .text              ro code   0x800'135c         4    0x14  system_stm32f1xx.o [1]
  .text              ro code   0x800'1370         4    0x10  startup_stm32f103xb.o [3]
  Initializer bytes  const     0x800'1380         4    0x10  <for P2-1>
  .rodata            const     0x800'1390         4     0x8  system_stm32f1xx.o [1]
  .text              ro code   0x800'1398         2     0x4  startup_stm32f103xb.o [3]
  .text              ro code   0x800'139c         2     0x4  startup_stm32f103xb.o [3]
  .text              ro code   0x800'13a0         2     0x4  startup_stm32f103xb.o [3]
  .text              ro code   0x800'13a4         2     0x4  startup_stm32f103xb.o [3]
  .text              ro code   0x800'13a8         2     0x4  startup_stm32f103xb.o [3]
  .text              ro code   0x800'13ac         2     0x4  startup_stm32f103xb.o [3]
  .text              ro code   0x800'13b0         2     0x4  startup_stm32f103xb.o [3]
  .text              ro code   0x800'13b4         2     0x4  startup_stm32f103xb.o [3]
  .text              ro code   0x800'13b8         2     0x4  startup_stm32f103xb.o [3]
  .text              ro code   0x800'13bc         2     0x4  startup_stm32f103xb.o [3]
  .text              ro code   0x800'13c0         2     0x4  startup_stm32f103xb.o [3]
  .text              ro code   0x800'13c4         2     0x4  startup_stm32f103xb.o [3]
  .text              ro code   0x800'13c8         2     0x4  startup_stm32f103xb.o [3]
  .text              ro code   0x800'13cc         2     0x4  startup_stm32f103xb.o [3]
  .text              ro code   0x800'13d0         2     0x4  startup_stm32f103xb.o [3]
  .text              ro code   0x800'13d4         2     0x4  startup_stm32f103xb.o [3]
  .text              ro code   0x800'13d8         2     0x4  startup_stm32f103xb.o [3]
  .text              ro code   0x800'13dc         2     0x4  startup_stm32f103xb.o [3]
  .text              ro code   0x800'13e0         2     0x4  startup_stm32f103xb.o [3]
  .text              ro code   0x800'13e4         2     0x4  startup_stm32f103xb.o [3]
  .text              ro code   0x800'13e8         2     0x4  startup_stm32f103xb.o [3]
  .text              ro code   0x800'13ec         2     0x4  startup_stm32f103xb.o [3]
  .text              ro code   0x800'13f0         2     0x4  startup_stm32f103xb.o [3]
  .text              ro code   0x800'13f4         2     0x4  startup_stm32f103xb.o [3]
  .text              ro code   0x800'13f8         2     0x4  startup_stm32f103xb.o [3]
  .text              ro code   0x800'13fc         2     0x4  startup_stm32f103xb.o [3]
  .text              ro code   0x800'1400         2     0x4  startup_stm32f103xb.o [3]
  .text              ro code   0x800'1404         2     0x4  startup_stm32f103xb.o [3]
  .text              ro code   0x800'1408         2     0x4  startup_stm32f103xb.o [3]
  .text              ro code   0x800'140c         2     0x4  startup_stm32f103xb.o [3]
  .text              ro code   0x800'1410         2     0x4  startup_stm32f103xb.o [3]
  .text              ro code   0x800'1414         2     0x4  startup_stm32f103xb.o [3]
  .text              ro code   0x800'1418         2     0x4  startup_stm32f103xb.o [3]
  .text              ro code   0x800'141c         2     0x4  startup_stm32f103xb.o [3]
  .text              ro code   0x800'1420         2     0x4  startup_stm32f103xb.o [3]
  .text              ro code   0x800'1424         2     0x4  startup_stm32f103xb.o [3]
  .text              ro code   0x800'1428         2     0x4  startup_stm32f103xb.o [3]
  .text              ro code   0x800'142c         2     0x4  startup_stm32f103xb.o [3]
  .text              ro code   0x800'1430         2     0x4  startup_stm32f103xb.o [3]
  .text              ro code   0x800'1434         2     0x4  startup_stm32f103xb.o [3]
  .text              ro code   0x800'1438         2     0x4  startup_stm32f103xb.o [3]
  .text              ro code   0x800'143c         2     0x4  startup_stm32f103xb.o [3]
  .rodata            const     0x800'1440               0x0  zero_init3.o [7]
  .rodata            const     0x800'1440               0x0  copy_init3.o [7]
                             - 0x800'1440            0x1354

"P2", part 1 of 3:                                     0x10
  P2-1                        0x2000'0000         4    0x10  <Init block>
    .data            inited   0x2000'0000         4     0xc  stm32f1xx_hal.o [5]
    .data            inited   0x2000'000c         4     0x4  system_stm32f1xx.o [1]
                            - 0x2000'0010              0x10

"P2", part 2 of 3:                                     0x5c
  .bss               zero     0x2000'0010         4    0x5c  main.o [2]
                            - 0x2000'006c              0x5c

"P2", part 3 of 3:                                    0x400
  CSTACK                      0x2000'0070         8   0x400  <Block>
    CSTACK           uninit   0x2000'0070             0x400  <Block tail>
                            - 0x2000'0470             0x400

Unused ranges:

         From           To      Size
         ----           --      ----
   0x800'1440   0x801'ffff  0x1'ebc0
  0x2000'006c  0x2000'006f       0x4
  0x2000'0470  0x2000'4fff    0x4b90


*******************************************************************************
*** INIT TABLE
***

          Address      Size
          -------      ----
Zero (__iar_zero_init3)
    1 destination range, total size 0x5c:
          0x2000'0010  0x5c

Copy (__iar_copy_init3)
    1 source range, total size 0x10:
           0x800'1380  0x10
    1 destination range, total size 0x10:
          0x2000'0000  0x10



*******************************************************************************
*** MODULE SUMMARY
***

    Module                  ro code  ro data  rw data
    ------                  -------  -------  -------
command line/config:
    -------------------------------------------------
    Total:

D:\Lesson\Gard Academy\Code\9.UART\UART Rec\EWARM\9.UART\Obj\CMSIS_6603591812247902717.dir: [1]
    system_stm32f1xx.o           20       12        4
    -------------------------------------------------
    Total:                       20       12        4

D:\Lesson\Gard Academy\Code\9.UART\UART Rec\EWARM\9.UART\Obj\Core_13247989168731456611.dir: [2]
    main.o                      276                92
    stm32f1xx_hal_msp.o         200
    stm32f1xx_it.o               32
    -------------------------------------------------
    Total:                      508                92

D:\Lesson\Gard Academy\Code\9.UART\UART Rec\EWARM\9.UART\Obj\EWARM_18443280873093131863.dir: [3]
    startup_stm32f103xb.o       420
    -------------------------------------------------
    Total:                      420

D:\Lesson\Gard Academy\Code\9.UART\UART Rec\EWARM\9.UART\Obj\LCD_11119715043425136414.dir: [4]
    lcd.o                       234
    -------------------------------------------------
    Total:                      234

D:\Lesson\Gard Academy\Code\9.UART\UART Rec\EWARM\9.UART\Obj\STM32F1xx_HAL_Driver_9701002599162248031.dir: [5]
    stm32f1xx_hal.o             168       12       12
    stm32f1xx_hal_cortex.o      188
    stm32f1xx_hal_dma.o         256
    stm32f1xx_hal_gpio.o        480
    stm32f1xx_hal_rcc.o       1'206
    stm32f1xx_hal_uart.o      1'380
    -------------------------------------------------
    Total:                    3'678       12       12

dl7M_tlf.a: [6]
    exit.o                        4
    low_level_init.o              4
    -------------------------------------------------
    Total:                        8

rt7M_tl.a: [7]
    ABImemset_small.o            18
    cexit.o                      10
    cmain.o                      30
    copy_init3.o                 42
    cstartup_M.o                 28
    data_init.o                  42
    zero_init3.o                 56
    -------------------------------------------------
    Total:                      226

shb_l.a: [8]
    exit.o                       20
    -------------------------------------------------
    Total:                       20

    Gaps                          8        2
    Linker created                        36    1'024
-----------------------------------------------------
    Grand Total:              5'122       62    1'132


*******************************************************************************
*** ENTRY LIST
***

Entry                       Address   Size  Type      Object
-----                       -------   ----  ----      ------
.iar.init_table$$Base    0x800'12a4          --   Gb  - Linker created -
.iar.init_table$$Limit   0x800'12c8          --   Gb  - Linker created -
?main                    0x800'12f9         Code  Gb  cmain.o [7]
ADC1_2_IRQHandler        0x800'13e1         Code  Wk  startup_stm32f103xb.o [3]
AHBPrescTable            0x800'1360   0x10  Data  Gb  system_stm32f1xx.o [1]
APBPrescTable            0x800'1390    0x8  Data  Gb  system_stm32f1xx.o [1]
BusFault_Handler         0x800'12cf    0x2  Code  Gb  stm32f1xx_it.o [2]
CAN1_RX1_IRQHandler      0x800'13ed         Code  Wk  startup_stm32f103xb.o [3]
CAN1_SCE_IRQHandler      0x800'13f1         Code  Wk  startup_stm32f103xb.o [3]
CSTACK$$Base            0x2000'0070          --   Gb  - Linker created -
CSTACK$$Limit           0x2000'0470          --   Gb  - Linker created -
DMA1_Channel1_IRQHandler
                         0x800'13c5         Code  Wk  startup_stm32f103xb.o [3]
DMA1_Channel2_IRQHandler
                         0x800'13c9         Code  Wk  startup_stm32f103xb.o [3]
DMA1_Channel3_IRQHandler
                         0x800'13cd         Code  Wk  startup_stm32f103xb.o [3]
DMA1_Channel4_IRQHandler
                         0x800'13d1         Code  Wk  startup_stm32f103xb.o [3]
DMA1_Channel5_IRQHandler
                         0x800'13d5         Code  Wk  startup_stm32f103xb.o [3]
DMA1_Channel6_IRQHandler
                         0x800'13d9         Code  Wk  startup_stm32f103xb.o [3]
DMA1_Channel7_IRQHandler
                         0x800'13dd         Code  Wk  startup_stm32f103xb.o [3]
DebugMon_Handler         0x800'12d5    0x2  Code  Gb  stm32f1xx_it.o [2]
EXTI0_IRQHandler         0x800'13b1         Code  Wk  startup_stm32f103xb.o [3]
EXTI15_10_IRQHandler     0x800'1435         Code  Wk  startup_stm32f103xb.o [3]
EXTI1_IRQHandler         0x800'13b5         Code  Wk  startup_stm32f103xb.o [3]
EXTI2_IRQHandler         0x800'13b9         Code  Wk  startup_stm32f103xb.o [3]
EXTI3_IRQHandler         0x800'13bd         Code  Wk  startup_stm32f103xb.o [3]
EXTI4_IRQHandler         0x800'13c1         Code  Wk  startup_stm32f103xb.o [3]
EXTI9_5_IRQHandler       0x800'13f5         Code  Wk  startup_stm32f103xb.o [3]
Error_Handler            0x800'10fb    0x4  Code  Gb  main.o [2]
FLASH_IRQHandler         0x800'13a9         Code  Wk  startup_stm32f103xb.o [3]
HAL_DMA_Abort            0x800'0711   0x48  Code  Gb  stm32f1xx_hal_dma.o [5]
HAL_DMA_Abort_IT         0x800'0759   0x9a  Code  Gb  stm32f1xx_hal_dma.o [5]
HAL_Delay                0x800'1219   0x28  Code  Wk  stm32f1xx_hal.o [5]
HAL_GPIO_Init            0x800'0d0d  0x1a4  Code  Gb  stm32f1xx_hal_gpio.o [5]
HAL_GPIO_WritePin        0x800'0eb1    0x8  Code  Gb  stm32f1xx_hal_gpio.o [5]
HAL_GetTick              0x800'0fa9    0xc  Code  Wk  stm32f1xx_hal.o [5]
HAL_IncTick              0x800'12e9   0x10  Code  Wk  stm32f1xx_hal.o [5]
HAL_Init                 0x800'1109   0x20  Code  Gb  stm32f1xx_hal.o [5]
HAL_InitTick             0x800'0fb5   0x40  Code  Wk  stm32f1xx_hal.o [5]
HAL_MspInit              0x800'0649   0x38  Code  Gb  stm32f1xx_hal_msp.o [2]
HAL_NVIC_EnableIRQ       0x800'0f59   0x16  Code  Gb  stm32f1xx_hal_cortex.o [5]
HAL_NVIC_SetPriority     0x800'0f1b   0x3e  Code  Gb  stm32f1xx_hal_cortex.o [5]
HAL_NVIC_SetPriorityGrouping
                         0x800'0f07   0x14  Code  Gb  stm32f1xx_hal_cortex.o [5]
HAL_RCC_ClockConfig      0x800'0b1b  0x116  Code  Gb  stm32f1xx_hal_rcc.o [5]
HAL_RCC_GetPCLK1Freq     0x800'0c69   0x10  Code  Gb  stm32f1xx_hal_rcc.o [5]
HAL_RCC_GetPCLK2Freq     0x800'0c79    0xe  Code  Gb  stm32f1xx_hal_rcc.o [5]
HAL_RCC_GetSysClockFreq
                         0x800'0c31   0x38  Code  Gb  stm32f1xx_hal_rcc.o [5]
HAL_RCC_GetSysClockFreq::aPLLMULFactorTable
                         0x800'0cbc   0x10  Data  Lc  stm32f1xx_hal_rcc.o [5]
HAL_RCC_GetSysClockFreq::aPredivFactorTable
                         0x800'0ccc    0x2  Data  Lc  stm32f1xx_hal_rcc.o [5]
HAL_RCC_OscConfig        0x800'0819  0x2fa  Code  Gb  stm32f1xx_hal_rcc.o [5]
HAL_SYSTICK_Config       0x800'0f6f   0x22  Code  Gb  stm32f1xx_hal_cortex.o [5]
HAL_UARTEx_RxEventCallback
                         0x800'0813    0x2  Code  Wk  stm32f1xx_hal_uart.o [5]
HAL_UART_ErrorCallback   0x800'0811    0x2  Code  Wk  stm32f1xx_hal_uart.o [5]
HAL_UART_IRQHandler      0x800'01af  0x27e  Code  Gb  stm32f1xx_hal_uart.o [5]
HAL_UART_Init            0x800'00ed   0x20  Code  Gb  stm32f1xx_hal_uart.o [5]
HAL_UART_MspInit         0x800'0681   0x7e  Code  Gb  stm32f1xx_hal_msp.o [2]
HAL_UART_Receive_IT      0x800'0165   0x26  Code  Gb  stm32f1xx_hal_uart.o [5]
HAL_UART_RxCpltCallback
                         0x800'0817    0x2  Code  Wk  stm32f1xx_hal_uart.o [5]
HAL_UART_TxCpltCallback
                         0x800'0815    0x2  Code  Wk  stm32f1xx_hal_uart.o [5]
HardFault_Handler        0x800'12cb    0x2  Code  Gb  stm32f1xx_it.o [2]
I2C1_ER_IRQHandler       0x800'1419         Code  Wk  startup_stm32f103xb.o [3]
I2C1_EV_IRQHandler       0x800'1415         Code  Wk  startup_stm32f103xb.o [3]
I2C2_ER_IRQHandler       0x800'1421         Code  Wk  startup_stm32f103xb.o [3]
I2C2_EV_IRQHandler       0x800'141d         Code  Wk  startup_stm32f103xb.o [3]
MemManage_Handler        0x800'12cd    0x2  Code  Gb  stm32f1xx_it.o [2]
NMI_Handler              0x800'12c9    0x2  Code  Gb  stm32f1xx_it.o [2]
PVD_IRQHandler           0x800'139d         Code  Wk  startup_stm32f103xb.o [3]
PendSV_Handler           0x800'12d7    0x2  Code  Gb  stm32f1xx_it.o [2]
RCC_IRQHandler           0x800'13ad         Code  Wk  startup_stm32f103xb.o [3]
RTC_Alarm_IRQHandler     0x800'1439         Code  Wk  startup_stm32f103xb.o [3]
RTC_IRQHandler           0x800'13a5         Code  Wk  startup_stm32f103xb.o [3]
Region$$Table$$Base      0x800'12a4          --   Gb  - Linker created -
Region$$Table$$Limit     0x800'12c8          --   Gb  - Linker created -
Reset_Handler            0x800'1371         Code  Wk  startup_stm32f103xb.o [3]
SPI1_IRQHandler          0x800'1425         Code  Wk  startup_stm32f103xb.o [3]
SPI2_IRQHandler          0x800'1429         Code  Wk  startup_stm32f103xb.o [3]
SVC_Handler              0x800'12d3    0x2  Code  Gb  stm32f1xx_it.o [2]
SysTick_Handler          0x800'12d9    0x4  Code  Gb  stm32f1xx_it.o [2]
SystemClock_Config       0x800'10a9   0x52  Code  Gb  main.o [2]
SystemCoreClock         0x2000'000c    0x4  Data  Gb  system_stm32f1xx.o [1]
SystemInit               0x800'135d    0x2  Code  Gb  system_stm32f1xx.o [1]
TAMPER_IRQHandler        0x800'13a1         Code  Wk  startup_stm32f103xb.o [3]
TIM1_BRK_IRQHandler      0x800'13f9         Code  Wk  startup_stm32f103xb.o [3]
TIM1_CC_IRQHandler       0x800'1405         Code  Wk  startup_stm32f103xb.o [3]
TIM1_TRG_COM_IRQHandler
                         0x800'1401         Code  Wk  startup_stm32f103xb.o [3]
TIM1_UP_IRQHandler       0x800'13fd         Code  Wk  startup_stm32f103xb.o [3]
TIM2_IRQHandler          0x800'1409         Code  Wk  startup_stm32f103xb.o [3]
TIM3_IRQHandler          0x800'140d         Code  Wk  startup_stm32f103xb.o [3]
TIM4_IRQHandler          0x800'1411         Code  Wk  startup_stm32f103xb.o [3]
UART_DMAAbortOnError     0x800'04e5    0xe  Code  Lc  stm32f1xx_hal_uart.o [5]
UART_EndRxTransfer       0x800'048b   0x5a  Code  Lc  stm32f1xx_hal_uart.o [5]
UART_Receive_IT          0x800'04f5   0xc0  Code  Lc  stm32f1xx_hal_uart.o [5]
UART_SetConfig           0x800'05c3   0x7a  Code  Lc  stm32f1xx_hal_uart.o [5]
UART_Start_Receive_IT    0x800'0455   0x30  Code  Gb  stm32f1xx_hal_uart.o [5]
USART1_IRQHandler        0x800'12dd    0x6  Code  Gb  stm32f1xx_it.o [2]
USART2_IRQHandler        0x800'142d         Code  Wk  startup_stm32f103xb.o [3]
USART3_IRQHandler        0x800'1431         Code  Wk  startup_stm32f103xb.o [3]
USBWakeUp_IRQHandler     0x800'143d         Code  Wk  startup_stm32f103xb.o [3]
USB_HP_CAN1_TX_IRQHandler
                         0x800'13e5         Code  Wk  startup_stm32f103xb.o [3]
USB_LP_CAN1_RX0_IRQHandler
                         0x800'13e9         Code  Wk  startup_stm32f103xb.o [3]
UsageFault_Handler       0x800'12d1    0x2  Code  Gb  stm32f1xx_it.o [2]
WWDG_IRQHandler          0x800'1399         Code  Wk  startup_stm32f103xb.o [3]
__NVIC_SetPriority       0x800'0eed   0x1a  Code  Lc  stm32f1xx_hal_cortex.o [5]
__cmain                  0x800'12f9         Code  Gb  cmain.o [7]
__exit                   0x800'132d   0x14  Code  Gb  exit.o [8]
__iar_copy_init3         0x800'0ccf   0x2a  Code  Gb  copy_init3.o [7]
__iar_data_init3         0x800'1279   0x18  Code  Gb  data_init.o [7]
__iar_program_start      0x800'1341         Code  Gb  cstartup_M.o [7]
__iar_small_Memset       0x800'0cf9         Code  Gb  ABImemset_small.o [7]
__iar_small_Memset_word
                         0x800'0cf9         Code  Gb  ABImemset_small.o [7]
__iar_small_memset       0x800'0cf9         Code  Gb  ABImemset_small.o [7]
__iar_zero_init3         0x800'1241   0x38  Code  Gb  zero_init3.o [7]
__low_level_init         0x800'1317    0x4  Code  Gb  low_level_init.o [6]
__vector_table           0x800'0000         Data  Gb  startup_stm32f103xb.o [3]
_call_main               0x800'1305         Code  Gb  cmain.o [7]
_exit                    0x800'1321         Code  Gb  cexit.o [7]
exit                     0x800'131b    0x4  Code  Gb  exit.o [6]
huart1                  0x2000'0010   0x48  Data  Gb  main.o [2]
lcd_clear                0x800'11fb   0x14  Code  Gb  lcd.o [4]
lcd_gotoxy               0x800'11c5   0x36  Code  Gb  lcd.o [4]
lcd_init                 0x800'118d   0x1c  Code  Gb  lcd.o [4]
lcd_putchar              0x800'1139    0xa  Code  Gb  lcd.o [4]
lcd_puts                 0x800'11a9   0x1a  Code  Gb  lcd.o [4]
main                     0x800'0ff5   0x9c  Code  Gb  main.o [2]
send_command             0x800'112d    0xc  Code  Gb  lcd.o [4]
str                     0x2000'0058   0x14  Data  Gb  main.o [2]
uwTick                  0x2000'0004    0x4  Data  Gb  stm32f1xx_hal.o [5]
uwTickFreq              0x2000'0000    0x1  Data  Gb  stm32f1xx_hal.o [5]
uwTickPrio              0x2000'0008    0x4  Data  Gb  stm32f1xx_hal.o [5]


[1] = D:\Lesson\Gard Academy\Code\9.UART\UART Rec\EWARM\9.UART\Obj\CMSIS_6603591812247902717.dir
[2] = D:\Lesson\Gard Academy\Code\9.UART\UART Rec\EWARM\9.UART\Obj\Core_13247989168731456611.dir
[3] = D:\Lesson\Gard Academy\Code\9.UART\UART Rec\EWARM\9.UART\Obj\EWARM_18443280873093131863.dir
[4] = D:\Lesson\Gard Academy\Code\9.UART\UART Rec\EWARM\9.UART\Obj\LCD_11119715043425136414.dir
[5] = D:\Lesson\Gard Academy\Code\9.UART\UART Rec\EWARM\9.UART\Obj\STM32F1xx_HAL_Driver_9701002599162248031.dir
[6] = dl7M_tlf.a
[7] = rt7M_tl.a
[8] = shb_l.a

  5'122 bytes of readonly  code memory
     62 bytes of readonly  data memory
  1'132 bytes of readwrite data memory

Errors: none
Warnings: none
