###############################################################################
#
# IAR ELF Linker V9.50.2.385/W64 for ARM                  28/Sep/2024  11:15:34
# Copyright 2007-2024 IAR Systems AB.
#
#    Output file  =
#        D:\Lesson\Gard
#        Academy\Code\6.CNT(Counter)\EWARM\6.CNT(Counter)\Exe\6.CNT(Counter).out
#    Map file     =
#        D:\Lesson\Gard
#        Academy\Code\6.CNT(Counter)\EWARM\6.CNT(Counter)\List\6.CNT(Counter).map
#    Command line =
#        -f "D:\Lesson\Gard
#        Academy\Code\6.CNT(Counter)\EWARM\6.CNT(Counter)\Exe\6.CNT(Counter).out.rsp"
#        ("D:\Lesson\Gard
#        Academy\Code\6.CNT(Counter)\EWARM\6.CNT(Counter)\Obj\LCD_11119715043425136414.dir\lcd.o"
#        "D:\Lesson\Gard
#        Academy\Code\6.CNT(Counter)\EWARM\6.CNT(Counter)\Obj\Core_13247989168731456611.dir\main.o"
#        "D:\Lesson\Gard
#        Academy\Code\6.CNT(Counter)\EWARM\6.CNT(Counter)\Obj\EWARM_18443280873093131863.dir\startup_stm32f103xb.o"
#        "D:\Lesson\Gard
#        Academy\Code\6.CNT(Counter)\EWARM\6.CNT(Counter)\Obj\STM32F1xx_HAL_Driver_9701002599162248031.dir\stm32f1xx_hal.o"
#        "D:\Lesson\Gard
#        Academy\Code\6.CNT(Counter)\EWARM\6.CNT(Counter)\Obj\STM32F1xx_HAL_Driver_9701002599162248031.dir\stm32f1xx_hal_cortex.o"
#        "D:\Lesson\Gard
#        Academy\Code\6.CNT(Counter)\EWARM\6.CNT(Counter)\Obj\STM32F1xx_HAL_Driver_9701002599162248031.dir\stm32f1xx_hal_dma.o"
#        "D:\Lesson\Gard
#        Academy\Code\6.CNT(Counter)\EWARM\6.CNT(Counter)\Obj\STM32F1xx_HAL_Driver_9701002599162248031.dir\stm32f1xx_hal_exti.o"
#        "D:\Lesson\Gard
#        Academy\Code\6.CNT(Counter)\EWARM\6.CNT(Counter)\Obj\STM32F1xx_HAL_Driver_9701002599162248031.dir\stm32f1xx_hal_flash.o"
#        "D:\Lesson\Gard
#        Academy\Code\6.CNT(Counter)\EWARM\6.CNT(Counter)\Obj\STM32F1xx_HAL_Driver_9701002599162248031.dir\stm32f1xx_hal_flash_ex.o"
#        "D:\Lesson\Gard
#        Academy\Code\6.CNT(Counter)\EWARM\6.CNT(Counter)\Obj\STM32F1xx_HAL_Driver_9701002599162248031.dir\stm32f1xx_hal_gpio.o"
#        "D:\Lesson\Gard
#        Academy\Code\6.CNT(Counter)\EWARM\6.CNT(Counter)\Obj\STM32F1xx_HAL_Driver_9701002599162248031.dir\stm32f1xx_hal_gpio_ex.o"
#        "D:\Lesson\Gard
#        Academy\Code\6.CNT(Counter)\EWARM\6.CNT(Counter)\Obj\Core_13247989168731456611.dir\stm32f1xx_hal_msp.o"
#        "D:\Lesson\Gard
#        Academy\Code\6.CNT(Counter)\EWARM\6.CNT(Counter)\Obj\STM32F1xx_HAL_Driver_9701002599162248031.dir\stm32f1xx_hal_pwr.o"
#        "D:\Lesson\Gard
#        Academy\Code\6.CNT(Counter)\EWARM\6.CNT(Counter)\Obj\STM32F1xx_HAL_Driver_9701002599162248031.dir\stm32f1xx_hal_rcc.o"
#        "D:\Lesson\Gard
#        Academy\Code\6.CNT(Counter)\EWARM\6.CNT(Counter)\Obj\STM32F1xx_HAL_Driver_9701002599162248031.dir\stm32f1xx_hal_rcc_ex.o"
#        "D:\Lesson\Gard
#        Academy\Code\6.CNT(Counter)\EWARM\6.CNT(Counter)\Obj\STM32F1xx_HAL_Driver_9701002599162248031.dir\stm32f1xx_hal_tim.o"
#        "D:\Lesson\Gard
#        Academy\Code\6.CNT(Counter)\EWARM\6.CNT(Counter)\Obj\STM32F1xx_HAL_Driver_9701002599162248031.dir\stm32f1xx_hal_tim_ex.o"
#        "D:\Lesson\Gard
#        Academy\Code\6.CNT(Counter)\EWARM\6.CNT(Counter)\Obj\Core_13247989168731456611.dir\stm32f1xx_it.o"
#        "D:\Lesson\Gard
#        Academy\Code\6.CNT(Counter)\EWARM\6.CNT(Counter)\Obj\CMSIS_6603591812247902717.dir\system_stm32f1xx.o"
#        --no_out_extension -o "D:\Lesson\Gard
#        Academy\Code\6.CNT(Counter)\EWARM\6.CNT(Counter)\Exe\6.CNT(Counter).out"
#        --redirect _Printf=_PrintfFullNoMb --redirect _Scanf=_ScanfFullNoMb
#        --map "D:\Lesson\Gard
#        Academy\Code\6.CNT(Counter)\EWARM\6.CNT(Counter)\List\6.CNT(Counter).map"
#        --config "D:\Lesson\Gard
#        Academy\Code\6.CNT(Counter)\EWARM/stm32f103xb_flash.icf" --semihosting
#        --entry __iar_program_start --vfe --text_out locale --cpu=Cortex-M3
#        --fpu=None) --dependencies=n "D:\Lesson\Gard
#        Academy\Code\6.CNT(Counter)\EWARM\6.CNT(Counter)\Exe\6.CNT(Counter).out.iar_deps"
#
###############################################################################

*******************************************************************************
*** RUNTIME MODEL ATTRIBUTES
***

CppFlavor       = *
__CPP_Runtime   = 1
__SystemLibrary = DLib
__dlib_version  = 6


*******************************************************************************
*** HEAP SELECTION
***

The basic heap was selected because --advanced_heap
was not specified and the application did not appear to
be primarily optimized for speed.


*******************************************************************************
*** PLACEMENT SUMMARY
***

"A0":  place at address 0x800'0000 { ro section .intvec };
"P1":  place in [from 0x800'0000 to 0x801'ffff] { ro };
define block CSTACK with size = 1K, alignment = 8 { };
define block HEAP with size = 512, alignment = 8 { };
"P2":  place in [from 0x2000'0000 to 0x2000'4fff] {
          rw, block CSTACK, block HEAP };
initialize by copy { rw };

  Section            Kind         Address  Aligment    Size  Object
  -------            ----         -------  --------    ----  ------
"A0":                                                  0xec
  .intvec            ro code   0x800'0000         4    0xec  startup_stm32f103xb.o [3]
                             - 0x800'00ec              0xec

"P1":                                                0x2c20
  .text              ro code   0x800'00ec         4   0xeca  xprintffull_nomb.o [6]
  .text              ro code   0x800'0fb6         2    0x2a  copy_init3.o [8]
  .text              ro code   0x800'0fe0         4    0x16  strchr.o [8]
  .text              ro code   0x800'0ff6         2     0xa  xsprout.o [6]
  .text              ro code   0x800'1000         4    0x40  xfail_s.o [6]
  .text              ro code   0x800'1040         4    0x36  strlen.o [8]
  .rodata            const     0x800'1076         2     0x2  xlocale_c.o [6]
  .text              ro code   0x800'1078         4    0x58  memchr.o [8]
  .text              ro code   0x800'10d0         4    0xa6  ABImemcpy.o [8]
  .rodata            const     0x800'1176               0x1  xlocale_c.o [6]
  .text              ro code   0x800'1178         4    0x70  frexp.o [7]
  .text              ro code   0x800'11e8         4    0x34  DblCmpLe.o [7]
  .text              ro code   0x800'121c         4    0x34  DblCmpGe.o [7]
  .text              ro code   0x800'1250         4   0x13a  ldexp.o [7]
  .text              ro code   0x800'138c         4    0x36  DblToS32.o [7]
  .text              ro code   0x800'13c4         4    0x22  S32ToDbl.o [7]
  .text              ro code   0x800'13e8         4   0x24e  DblAddSub.o [7]
  .text              ro code   0x800'1638         4   0x246  DblDiv.o [7]
  .text              ro code   0x800'1880         4    0x22  DblToU32.o [7]
  .text              ro code   0x800'18a4         4    0x1c  U32ToDbl.o [7]
  .text              ro code   0x800'18c0         4   0x1aa  DblMul.o [7]
  .text              ro code   0x800'1a6c         4     0x8  xlocale_c.o [6]
  .text              ro code   0x800'1a74         4   0x230  I64DivMod.o [8]
  .text              ro code   0x800'1ca4         2     0x6  abort.o [6]
  .text              ro code   0x800'1cac         4     0x2  I64DivZer.o [8]
  .text              ro code   0x800'1cb0         4    0x14  exit.o [9]
  .text              ro code   0x800'1cc4         4   0x48e  stm32f1xx_hal_rcc.o [5]
  .text              ro code   0x800'2154         4     0xc  stm32f1xx_hal.o [5]
  .text              ro code   0x800'2160         4    0x40  stm32f1xx_hal.o [5]
  .text              ro code   0x800'21a0         4    0xa4  stm32f1xx_hal_cortex.o [5]
  .text              ro code   0x800'2244         4   0x26e  stm32f1xx_hal_tim.o [5]
  .text              ro code   0x800'24b4         4    0xa0  stm32f1xx_hal_msp.o [2]
  .text              ro code   0x800'2554         4    0x12  ABImemset_small.o [8]
  .text              ro code   0x800'2568         4   0x1e0  stm32f1xx_hal_gpio.o [5]
  .text              ro code   0x800'2748         4   0x1d4  main.o [2]
  .text              ro code   0x800'291c         4    0x24  stm32f1xx_hal.o [5]
  .text              ro code   0x800'2940         4    0x64  stm32f1xx_hal_tim_ex.o [5]
  .text              ro code   0x800'29a4         4    0xea  lcd.o [4]
  .text              ro code   0x800'2a90         4    0x28  stm32f1xx_hal.o [5]
  .text              ro code   0x800'2ab8         4    0x40  sprintf.o [6]
  Initializer bytes  const     0x800'2af8         4    0x48  <for P2-1>
  .text              ro code   0x800'2b40         2    0x38  zero_init3.o [8]
  .text              ro code   0x800'2b78         4    0x2a  data_init.o [8]
  .iar.init_table    const     0x800'2ba4         4    0x24  - Linker created -
  .text              ro code   0x800'2bc8         4    0x1e  cmain.o [8]
  .text              ro code   0x800'2be6         2     0x4  low_level_init.o [6]
  .text              ro code   0x800'2bea         2     0x4  exit.o [6]
  .text              ro code   0x800'2bf0         4     0xa  cexit.o [8]
  .text              ro code   0x800'2bfc         4    0x1c  cstartup_M.o [8]
  .text              ro code   0x800'2c18         2    0x14  stm32f1xx_it.o [2]
  .text              ro code   0x800'2c2c         4    0x10  stm32f1xx_hal.o [5]
  .text              ro code   0x800'2c3c         4    0x14  system_stm32f1xx.o [1]
  .text              ro code   0x800'2c50         4    0x10  startup_stm32f103xb.o [3]
  .text              ro code   0x800'2c60         2     0x4  startup_stm32f103xb.o [3]
  .text              ro code   0x800'2c64         2     0x4  startup_stm32f103xb.o [3]
  .text              ro code   0x800'2c68         2     0x4  startup_stm32f103xb.o [3]
  .text              ro code   0x800'2c6c         2     0x4  startup_stm32f103xb.o [3]
  .text              ro code   0x800'2c70         2     0x4  startup_stm32f103xb.o [3]
  .text              ro code   0x800'2c74         2     0x4  startup_stm32f103xb.o [3]
  .text              ro code   0x800'2c78         2     0x4  startup_stm32f103xb.o [3]
  .text              ro code   0x800'2c7c         2     0x4  startup_stm32f103xb.o [3]
  .text              ro code   0x800'2c80         2     0x4  startup_stm32f103xb.o [3]
  .text              ro code   0x800'2c84         2     0x4  startup_stm32f103xb.o [3]
  .text              ro code   0x800'2c88         2     0x4  startup_stm32f103xb.o [3]
  .text              ro code   0x800'2c8c         2     0x4  startup_stm32f103xb.o [3]
  .text              ro code   0x800'2c90         2     0x4  startup_stm32f103xb.o [3]
  .text              ro code   0x800'2c94         2     0x4  startup_stm32f103xb.o [3]
  .text              ro code   0x800'2c98         2     0x4  startup_stm32f103xb.o [3]
  .text              ro code   0x800'2c9c         2     0x4  startup_stm32f103xb.o [3]
  .text              ro code   0x800'2ca0         2     0x4  startup_stm32f103xb.o [3]
  .text              ro code   0x800'2ca4         2     0x4  startup_stm32f103xb.o [3]
  .text              ro code   0x800'2ca8         2     0x4  startup_stm32f103xb.o [3]
  .text              ro code   0x800'2cac         2     0x4  startup_stm32f103xb.o [3]
  .text              ro code   0x800'2cb0         2     0x4  startup_stm32f103xb.o [3]
  .text              ro code   0x800'2cb4         2     0x4  startup_stm32f103xb.o [3]
  .text              ro code   0x800'2cb8         2     0x4  startup_stm32f103xb.o [3]
  .text              ro code   0x800'2cbc         2     0x4  startup_stm32f103xb.o [3]
  .text              ro code   0x800'2cc0         2     0x4  startup_stm32f103xb.o [3]
  .text              ro code   0x800'2cc4         2     0x4  startup_stm32f103xb.o [3]
  .text              ro code   0x800'2cc8         2     0x4  startup_stm32f103xb.o [3]
  .text              ro code   0x800'2ccc         2     0x4  startup_stm32f103xb.o [3]
  .text              ro code   0x800'2cd0         2     0x4  startup_stm32f103xb.o [3]
  .text              ro code   0x800'2cd4         2     0x4  startup_stm32f103xb.o [3]
  .text              ro code   0x800'2cd8         2     0x4  startup_stm32f103xb.o [3]
  .text              ro code   0x800'2cdc         2     0x4  startup_stm32f103xb.o [3]
  .text              ro code   0x800'2ce0         2     0x4  startup_stm32f103xb.o [3]
  .text              ro code   0x800'2ce4         2     0x4  startup_stm32f103xb.o [3]
  .text              ro code   0x800'2ce8         2     0x4  startup_stm32f103xb.o [3]
  .text              ro code   0x800'2cec         2     0x4  startup_stm32f103xb.o [3]
  .text              ro code   0x800'2cf0         2     0x4  startup_stm32f103xb.o [3]
  .text              ro code   0x800'2cf4         2     0x4  startup_stm32f103xb.o [3]
  .text              ro code   0x800'2cf8         2     0x4  startup_stm32f103xb.o [3]
  .text              ro code   0x800'2cfc         2     0x4  startup_stm32f103xb.o [3]
  .text              ro code   0x800'2d00         2     0x4  startup_stm32f103xb.o [3]
  .text              ro code   0x800'2d04         2     0x4  startup_stm32f103xb.o [3]
  .text              ro code   0x800'2d08         2     0x4  startup_stm32f103xb.o [3]
  .rodata            const     0x800'2d0c               0x0  zero_init3.o [8]
  .rodata            const     0x800'2d0c               0x0  copy_init3.o [8]
                             - 0x800'2d0c            0x2c20

"P2", part 1 of 3:                                     0x48
  P2-1                        0x2000'0000         4    0x48  <Init block>
    .data            inited   0x2000'0000         4     0xc  stm32f1xx_hal.o [5]
    .data            inited   0x2000'000c         4     0x4  system_stm32f1xx.o [1]
    .data            inited   0x2000'0010         4    0x38  xlocale_c.o [6]
                            - 0x2000'0048              0x48

"P2", part 2 of 3:                                     0x64
  .bss               zero     0x2000'0048         4    0x60  main.o [2]
  .bss               zero     0x2000'00a8         4     0x4  xfail_s.o [6]
                            - 0x2000'00ac              0x64

"P2", part 3 of 3:                                    0x400
  CSTACK                      0x2000'00b0         8   0x400  <Block>
    CSTACK           uninit   0x2000'00b0             0x400  <Block tail>
                            - 0x2000'04b0             0x400

Unused ranges:

         From           To      Size
         ----           --      ----
   0x800'2d0c   0x801'ffff  0x1'd2f4
  0x2000'00ac  0x2000'00af       0x4
  0x2000'04b0  0x2000'4fff    0x4b50


*******************************************************************************
*** INIT TABLE
***

          Address      Size
          -------      ----
Zero (__iar_zero_init3)
    1 destination range, total size 0x64:
          0x2000'0048  0x64

Copy (__iar_copy_init3)
    1 source range, total size 0x48:
           0x800'2af8  0x48
    1 destination range, total size 0x48:
          0x2000'0000  0x48



*******************************************************************************
*** MODULE SUMMARY
***

    Module                  ro code  ro data  rw data
    ------                  -------  -------  -------
command line/config:
    -------------------------------------------------
    Total:

D:\Lesson\Gard Academy\Code\6.CNT(Counter)\EWARM\6.CNT(Counter)\Obj\CMSIS_6603591812247902717.dir: [1]
    system_stm32f1xx.o           20        4        4
    -------------------------------------------------
    Total:                       20        4        4

D:\Lesson\Gard Academy\Code\6.CNT(Counter)\EWARM\6.CNT(Counter)\Obj\Core_13247989168731456611.dir: [2]
    main.o                      468                96
    stm32f1xx_hal_msp.o         160
    stm32f1xx_it.o               20
    -------------------------------------------------
    Total:                      648                96

D:\Lesson\Gard Academy\Code\6.CNT(Counter)\EWARM\6.CNT(Counter)\Obj\EWARM_18443280873093131863.dir: [3]
    startup_stm32f103xb.o       424
    -------------------------------------------------
    Total:                      424

D:\Lesson\Gard Academy\Code\6.CNT(Counter)\EWARM\6.CNT(Counter)\Obj\LCD_11119715043425136414.dir: [4]
    lcd.o                       234
    -------------------------------------------------
    Total:                      234

D:\Lesson\Gard Academy\Code\6.CNT(Counter)\EWARM\6.CNT(Counter)\Obj\STM32F1xx_HAL_Driver_9701002599162248031.dir: [5]
    stm32f1xx_hal.o             168       12       12
    stm32f1xx_hal_cortex.o      164
    stm32f1xx_hal_gpio.o        480
    stm32f1xx_hal_rcc.o       1'166
    stm32f1xx_hal_tim.o         622
    stm32f1xx_hal_tim_ex.o      100
    -------------------------------------------------
    Total:                    2'700       12       12

dl7M_tlf.a: [6]
    abort.o                       6
    exit.o                        4
    low_level_init.o              4
    sprintf.o                    64
    xfail_s.o                    64                 4
    xlocale_c.o                   8       59       56
    xprintffull_nomb.o        3'786
    xsprout.o                    10
    -------------------------------------------------
    Total:                    3'946       59       60

m7M_tl.a: [7]
    DblAddSub.o                 590
    DblCmpGe.o                   52
    DblCmpLe.o                   52
    DblDiv.o                    582
    DblMul.o                    426
    DblToS32.o                   54
    DblToU32.o                   34
    S32ToDbl.o                   34
    U32ToDbl.o                   28
    frexp.o                     112
    ldexp.o                     314
    -------------------------------------------------
    Total:                    2'278

rt7M_tl.a: [8]
    ABImemcpy.o                 166
    ABImemset_small.o            18
    I64DivMod.o                 560
    I64DivZer.o                   2
    cexit.o                      10
    cmain.o                      30
    copy_init3.o                 42
    cstartup_M.o                 28
    data_init.o                  42
    memchr.o                     88
    strchr.o                     22
    strlen.o                     54
    zero_init3.o                 56
    -------------------------------------------------
    Total:                    1'118

shb_l.a: [9]
    exit.o                       20
    -------------------------------------------------
    Total:                       20

    Gaps                         31        2
    Linker created                        36    1'024
-----------------------------------------------------
    Grand Total:             11'419      113    1'196


*******************************************************************************
*** ENTRY LIST
***

Entry                       Address   Size  Type      Object
-----                       -------   ----  ----      ------
.iar.init_table$$Base    0x800'2ba4          --   Gb  - Linker created -
.iar.init_table$$Limit   0x800'2bc8          --   Gb  - Linker created -
?main                    0x800'2bc9         Code  Gb  cmain.o [8]
ADC1_2_IRQHandler        0x800'2ca9         Code  Wk  startup_stm32f103xb.o [3]
AHBPrescTable            0x800'2c40   0x10  Data  Gb  system_stm32f1xx.o [1]
BusFault_Handler         0x800'2c1f    0x2  Code  Gb  stm32f1xx_it.o [2]
CAN1_RX1_IRQHandler      0x800'2cb5         Code  Wk  startup_stm32f103xb.o [3]
CAN1_SCE_IRQHandler      0x800'2cb9         Code  Wk  startup_stm32f103xb.o [3]
CSTACK$$Base            0x2000'00b0          --   Gb  - Linker created -
CSTACK$$Limit           0x2000'04b0          --   Gb  - Linker created -
DMA1_Channel1_IRQHandler
                         0x800'2c8d         Code  Wk  startup_stm32f103xb.o [3]
DMA1_Channel2_IRQHandler
                         0x800'2c91         Code  Wk  startup_stm32f103xb.o [3]
DMA1_Channel3_IRQHandler
                         0x800'2c95         Code  Wk  startup_stm32f103xb.o [3]
DMA1_Channel4_IRQHandler
                         0x800'2c99         Code  Wk  startup_stm32f103xb.o [3]
DMA1_Channel5_IRQHandler
                         0x800'2c9d         Code  Wk  startup_stm32f103xb.o [3]
DMA1_Channel6_IRQHandler
                         0x800'2ca1         Code  Wk  startup_stm32f103xb.o [3]
DMA1_Channel7_IRQHandler
                         0x800'2ca5         Code  Wk  startup_stm32f103xb.o [3]
DebugMon_Handler         0x800'2c25    0x2  Code  Gb  stm32f1xx_it.o [2]
EXTI0_IRQHandler         0x800'2c79         Code  Wk  startup_stm32f103xb.o [3]
EXTI15_10_IRQHandler     0x800'2d01         Code  Wk  startup_stm32f103xb.o [3]
EXTI1_IRQHandler         0x800'2c7d         Code  Wk  startup_stm32f103xb.o [3]
EXTI2_IRQHandler         0x800'2c81         Code  Wk  startup_stm32f103xb.o [3]
EXTI3_IRQHandler         0x800'2c85         Code  Wk  startup_stm32f103xb.o [3]
EXTI4_IRQHandler         0x800'2c89         Code  Wk  startup_stm32f103xb.o [3]
EXTI9_5_IRQHandler       0x800'2cbd         Code  Wk  startup_stm32f103xb.o [3]
Error_Handler            0x800'28fb    0x4  Code  Gb  main.o [2]
FLASH_IRQHandler         0x800'2c71         Code  Wk  startup_stm32f103xb.o [3]
HAL_Delay                0x800'2a91   0x28  Code  Wk  stm32f1xx_hal.o [5]
HAL_GPIO_Init            0x800'2569  0x1a4  Code  Gb  stm32f1xx_hal_gpio.o [5]
HAL_GPIO_WritePin        0x800'270d    0x8  Code  Gb  stm32f1xx_hal_gpio.o [5]
HAL_GetTick              0x800'2155    0xc  Code  Wk  stm32f1xx_hal.o [5]
HAL_IncTick              0x800'2c2d   0x10  Code  Wk  stm32f1xx_hal.o [5]
HAL_Init                 0x800'291d   0x20  Code  Gb  stm32f1xx_hal.o [5]
HAL_InitTick             0x800'2161   0x40  Code  Wk  stm32f1xx_hal.o [5]
HAL_MspInit              0x800'24b5   0x38  Code  Gb  stm32f1xx_hal_msp.o [2]
HAL_NVIC_SetPriority     0x800'21cf   0x3e  Code  Gb  stm32f1xx_hal_cortex.o [5]
HAL_NVIC_SetPriorityGrouping
                         0x800'21bb   0x14  Code  Gb  stm32f1xx_hal_cortex.o [5]
HAL_RCC_ClockConfig      0x800'1fc7  0x116  Code  Gb  stm32f1xx_hal_rcc.o [5]
HAL_RCC_GetSysClockFreq
                         0x800'20dd   0x38  Code  Gb  stm32f1xx_hal_rcc.o [5]
HAL_RCC_GetSysClockFreq::aPLLMULFactorTable
                         0x800'2140   0x10  Data  Lc  stm32f1xx_hal_rcc.o [5]
HAL_RCC_GetSysClockFreq::aPredivFactorTable
                         0x800'2150    0x2  Data  Lc  stm32f1xx_hal_rcc.o [5]
HAL_RCC_OscConfig        0x800'1cc5  0x2fa  Code  Gb  stm32f1xx_hal_rcc.o [5]
HAL_SYSTICK_Config       0x800'220d   0x22  Code  Gb  stm32f1xx_hal_cortex.o [5]
HAL_TIMEx_MasterConfigSynchronization
                         0x800'2941   0x56  Code  Gb  stm32f1xx_hal_tim_ex.o [5]
HAL_TIM_Base_Init        0x800'2245   0x1a  Code  Gb  stm32f1xx_hal_tim.o [5]
HAL_TIM_Base_MspInit     0x800'24ed   0x56  Code  Gb  stm32f1xx_hal_msp.o [2]
HAL_TIM_Base_Start       0x800'225f   0x50  Code  Gb  stm32f1xx_hal_tim.o [5]
HAL_TIM_SlaveConfigSynchro
                         0x800'22f5   0x1e  Code  Gb  stm32f1xx_hal_tim.o [5]
HardFault_Handler        0x800'2c1b    0x2  Code  Gb  stm32f1xx_it.o [2]
I2C1_ER_IRQHandler       0x800'2ce1         Code  Wk  startup_stm32f103xb.o [3]
I2C1_EV_IRQHandler       0x800'2cdd         Code  Wk  startup_stm32f103xb.o [3]
I2C2_ER_IRQHandler       0x800'2ce9         Code  Wk  startup_stm32f103xb.o [3]
I2C2_EV_IRQHandler       0x800'2ce5         Code  Wk  startup_stm32f103xb.o [3]
MemManage_Handler        0x800'2c1d    0x2  Code  Gb  stm32f1xx_it.o [2]
NMI_Handler              0x800'2c19    0x2  Code  Gb  stm32f1xx_it.o [2]
PVD_IRQHandler           0x800'2c65         Code  Wk  startup_stm32f103xb.o [3]
PendSV_Handler           0x800'2c27    0x2  Code  Gb  stm32f1xx_it.o [2]
RCC_IRQHandler           0x800'2c75         Code  Wk  startup_stm32f103xb.o [3]
RTC_Alarm_IRQHandler     0x800'2d05         Code  Wk  startup_stm32f103xb.o [3]
RTC_IRQHandler           0x800'2c6d         Code  Wk  startup_stm32f103xb.o [3]
Region$$Table$$Base      0x800'2ba4          --   Gb  - Linker created -
Region$$Table$$Limit     0x800'2bc8          --   Gb  - Linker created -
Reset_Handler            0x800'2c51         Code  Wk  startup_stm32f103xb.o [3]
SPI1_IRQHandler          0x800'2ced         Code  Wk  startup_stm32f103xb.o [3]
SPI2_IRQHandler          0x800'2cf1         Code  Wk  startup_stm32f103xb.o [3]
SVC_Handler              0x800'2c23    0x2  Code  Gb  stm32f1xx_it.o [2]
SysTick_Handler          0x800'2c29    0x4  Code  Gb  stm32f1xx_it.o [2]
SystemClock_Config       0x800'28a9   0x52  Code  Gb  main.o [2]
SystemCoreClock         0x2000'000c    0x4  Data  Gb  system_stm32f1xx.o [1]
SystemInit               0x800'2c3d    0x2  Code  Gb  system_stm32f1xx.o [1]
TAMPER_IRQHandler        0x800'2c69         Code  Wk  startup_stm32f103xb.o [3]
TIM1_BRK_IRQHandler      0x800'2cc1         Code  Wk  startup_stm32f103xb.o [3]
TIM1_CC_IRQHandler       0x800'2ccd         Code  Wk  startup_stm32f103xb.o [3]
TIM1_TRG_COM_IRQHandler
                         0x800'2cc9         Code  Wk  startup_stm32f103xb.o [3]
TIM1_UP_IRQHandler       0x800'2cc5         Code  Wk  startup_stm32f103xb.o [3]
TIM2_IRQHandler          0x800'2cd1         Code  Wk  startup_stm32f103xb.o [3]
TIM3_IRQHandler          0x800'2cd5         Code  Wk  startup_stm32f103xb.o [3]
TIM4_IRQHandler          0x800'2cd9         Code  Wk  startup_stm32f103xb.o [3]
TIM_Base_SetConfig       0x800'234f   0x6c  Code  Gb  stm32f1xx_hal_tim.o [5]
TIM_ETR_SetConfig        0x800'249f   0x14  Code  Gb  stm32f1xx_hal_tim.o [5]
TIM_SlaveTimer_SetConfig
                         0x800'23bb   0x82  Code  Lc  stm32f1xx_hal_tim.o [5]
TIM_TI1_ConfigInputStage
                         0x800'2459   0x22  Code  Lc  stm32f1xx_hal_tim.o [5]
TIM_TI2_ConfigInputStage
                         0x800'247b   0x24  Code  Lc  stm32f1xx_hal_tim.o [5]
USART1_IRQHandler        0x800'2cf5         Code  Wk  startup_stm32f103xb.o [3]
USART2_IRQHandler        0x800'2cf9         Code  Wk  startup_stm32f103xb.o [3]
USART3_IRQHandler        0x800'2cfd         Code  Wk  startup_stm32f103xb.o [3]
USBWakeUp_IRQHandler     0x800'2d09         Code  Wk  startup_stm32f103xb.o [3]
USB_HP_CAN1_TX_IRQHandler
                         0x800'2cad         Code  Wk  startup_stm32f103xb.o [3]
USB_LP_CAN1_RX0_IRQHandler
                         0x800'2cb1         Code  Wk  startup_stm32f103xb.o [3]
UsageFault_Handler       0x800'2c21    0x2  Code  Gb  stm32f1xx_it.o [2]
WWDG_IRQHandler          0x800'2c61         Code  Wk  startup_stm32f103xb.o [3]
_LC                      0x800'00ed    0x6  Code  Lc  xprintffull_nomb.o [6]
_LitobFullNoMb           0x800'0dd9  0x10c  Code  Lc  xprintffull_nomb.o [6]
_Locale_lconv           0x2000'0010   0x38  Data  Lc  xlocale_c.o [6]
_PrintfFullNoMb          0x800'00f3  0xcb6  Code  Gb  xprintffull_nomb.o [6]
_PutcharsFullNoMb        0x800'0f41   0x2e  Code  Lc  xprintffull_nomb.o [6]
_SProut                  0x800'0ff7    0xa  Code  Gb  xsprout.o [6]
__NVIC_SetPriority       0x800'21a1   0x1a  Code  Lc  stm32f1xx_hal_cortex.o [5]
__aeabi_cdcmple          0x800'11e9         Code  Gb  DblCmpLe.o [7]
__aeabi_cdrcmple         0x800'121d         Code  Gb  DblCmpGe.o [7]
__aeabi_d2iz             0x800'138d         Code  Gb  DblToS32.o [7]
__aeabi_d2uiz            0x800'1881         Code  Gb  DblToU32.o [7]
__aeabi_ddiv             0x800'1639         Code  Gb  DblDiv.o [7]
__aeabi_dmul             0x800'18c1         Code  Gb  DblMul.o [7]
__aeabi_dsub             0x800'1555         Code  Gb  DblAddSub.o [7]
__aeabi_i2d              0x800'13c5         Code  Gb  S32ToDbl.o [7]
__aeabi_ldiv0            0x800'1cad         Code  Gb  I64DivZer.o [8]
__aeabi_memcpy           0x800'10d1         Code  Gb  ABImemcpy.o [8]
__aeabi_memcpy4          0x800'10f1         Code  Gb  ABImemcpy.o [8]
__aeabi_memcpy8          0x800'10f1         Code  Gb  ABImemcpy.o [8]
__aeabi_ui2d             0x800'18a5         Code  Gb  U32ToDbl.o [7]
__aeabi_uldivmod         0x800'1a75         Code  Gb  I64DivMod.o [8]
__cmain                  0x800'2bc9         Code  Gb  cmain.o [8]
__exit                   0x800'1cb1   0x14  Code  Gb  exit.o [9]
__iar_Fail_s             0x800'1001   0x1c  Code  Gb  xfail_s.o [6]
__iar_Memchr             0x800'1079         Code  Gb  memchr.o [8]
__iar_Strchr             0x800'0fe1         Code  Gb  strchr.o [8]
__iar_copy_init3         0x800'0fb7   0x2a  Code  Gb  copy_init3.o [8]
__iar_data_init3         0x800'2b79   0x18  Code  Gb  data_init.o [8]
__iar_frexp              0x800'1185         Code  Gb  frexp.o [7]
__iar_frexp64            0x800'1179         Code  Gb  frexp.o [7]
__iar_frexpl             0x800'1185         Code  Gb  frexp.o [7]
__iar_ldexp64            0x800'1251         Code  Gb  ldexp.o [7]
__iar_program_start      0x800'2bfd         Code  Gb  cstartup_M.o [8]
__iar_scalbln64          0x800'1251         Code  Gb  ldexp.o [7]
__iar_scalbn64           0x800'1251         Code  Gb  ldexp.o [7]
__iar_small_Memset       0x800'2555         Code  Gb  ABImemset_small.o [8]
__iar_small_Memset_word
                         0x800'2555         Code  Gb  ABImemset_small.o [8]
__iar_small_memset       0x800'2555         Code  Gb  ABImemset_small.o [8]
__iar_zero_init3         0x800'2b41   0x38  Code  Gb  zero_init3.o [8]
__low_level_init         0x800'2be7    0x4  Code  Gb  low_level_init.o [6]
__vector_table           0x800'0000         Data  Gb  startup_stm32f103xb.o [3]
_call_main               0x800'2bd5         Code  Gb  cmain.o [8]
_exit                    0x800'2bf1         Code  Gb  cexit.o [8]
abort                    0x800'1ca5    0x6  Code  Gb  abort.o [6]
exit                     0x800'2beb    0x4  Code  Gb  exit.o [6]
frexp                    0x800'1179         Code  Gb  frexp.o [7]
frexpl                   0x800'1179         Code  Gb  frexp.o [7]
htim1                   0x2000'0048   0x48  Data  Gb  main.o [2]
i                       0x2000'0090    0x4  Data  Gb  main.o [2]
lcd_clear                0x800'2a73   0x14  Code  Gb  lcd.o [4]
lcd_gotoxy               0x800'2a3d   0x36  Code  Gb  lcd.o [4]
lcd_init                 0x800'2a05   0x1c  Code  Gb  lcd.o [4]
lcd_putchar              0x800'29b1    0xa  Code  Gb  lcd.o [4]
lcd_puts                 0x800'2a21   0x1a  Code  Gb  lcd.o [4]
ldexp                    0x800'1251         Code  Gb  ldexp.o [7]
ldexpl                   0x800'1251         Code  Gb  ldexp.o [7]
localeconv               0x800'1a6d    0x4  Code  Gb  xlocale_c.o [6]
main                     0x800'2749  0x14a  Code  Gb  main.o [2]
memchr                   0x800'1079         Code  Gb  memchr.o [8]
scalbln                  0x800'1251         Code  Gb  ldexp.o [7]
scalblnl                 0x800'1251         Code  Gb  ldexp.o [7]
scalbn                   0x800'1251         Code  Gb  ldexp.o [7]
scalbnl                  0x800'1251         Code  Gb  ldexp.o [7]
scale                    0x800'0eeb   0x46  Code  Lc  xprintffull_nomb.o [6]
sec_hand                0x2000'00a8    0x4  Data  Lc  xfail_s.o [6]
send_command             0x800'29a5    0xc  Code  Gb  lcd.o [4]
sprintf                  0x800'2ab9   0x40  Code  Gb  sprintf.o [6]
str                     0x2000'0094   0x14  Data  Gb  main.o [2]
strchr                   0x800'0fe1         Code  Gb  strchr.o [8]
strlen                   0x800'1041         Code  Gb  strlen.o [8]
uwTick                  0x2000'0004    0x4  Data  Gb  stm32f1xx_hal.o [5]
uwTickFreq              0x2000'0000    0x1  Data  Gb  stm32f1xx_hal.o [5]
uwTickPrio              0x2000'0008    0x4  Data  Gb  stm32f1xx_hal.o [5]


[1] = D:\Lesson\Gard Academy\Code\6.CNT(Counter)\EWARM\6.CNT(Counter)\Obj\CMSIS_6603591812247902717.dir
[2] = D:\Lesson\Gard Academy\Code\6.CNT(Counter)\EWARM\6.CNT(Counter)\Obj\Core_13247989168731456611.dir
[3] = D:\Lesson\Gard Academy\Code\6.CNT(Counter)\EWARM\6.CNT(Counter)\Obj\EWARM_18443280873093131863.dir
[4] = D:\Lesson\Gard Academy\Code\6.CNT(Counter)\EWARM\6.CNT(Counter)\Obj\LCD_11119715043425136414.dir
[5] = D:\Lesson\Gard Academy\Code\6.CNT(Counter)\EWARM\6.CNT(Counter)\Obj\STM32F1xx_HAL_Driver_9701002599162248031.dir
[6] = dl7M_tlf.a
[7] = m7M_tl.a
[8] = rt7M_tl.a
[9] = shb_l.a

  11'419 bytes of readonly  code memory
     113 bytes of readonly  data memory
   1'196 bytes of readwrite data memory

Errors: none
Warnings: none
