../Core/Src/main.c:83:6:MPU6050_Init	32	static
../Core/Src/main.c:98:6:MPU6050_Read_Accel	32	static
../Core/Src/main.c:109:6:MPU6050_Read_Gyro	32	static
../Core/Src/main.c:120:6:BT_Send_Data	224	static
../Core/Src/main.c:137:5:main	8	static
../Core/Src/main.c:187:6:SystemClock_Config	72	static
../Core/Src/main.c:227:13:MX_I2C1_Init	8	static
../Core/Src/main.c:261:13:MX_I2C2_Init	8	static
../Core/Src/main.c:295:13:MX_USART1_UART_Init	8	static
../Core/Src/main.c:328:13:MX_GPIO_Init	24	static
../Core/Src/main.c:352:6:Error_Handler	4	static,ignoring_inline_asm
